###############################################################################
#
# IAR ELF Linker V8.20.1.14183/W32 for ARM                03/Dec/2017  17:06:46
# Copyright 2007-2017 IAR Systems AB.
#
#    Output file  =  
#        C:\Users\RJYou\OneDrive\Desktop\FreeRTOSv9.0.0\FreeRTOS\Demo\Final_Project\Debug\Exe\RTOSDemo.out
#    Map file     =  
#        C:\Users\RJYou\OneDrive\Desktop\FreeRTOSv9.0.0\FreeRTOS\Demo\Final_Project\Debug\List\RTOSDemo.map
#    Command line =  
#        -f C:\Users\RJYou\AppData\Local\Temp\EWEEA4.tmp
#        (C:\Users\RJYou\OneDrive\Desktop\FreeRTOSv9.0.0\FreeRTOS\Demo\Final_Project\Debug\Obj\BlockQ.o
#        C:\Users\RJYou\OneDrive\Desktop\FreeRTOSv9.0.0\FreeRTOS\Demo\Final_Project\Debug\Obj\blocktim.o
#        C:\Users\RJYou\OneDrive\Desktop\FreeRTOSv9.0.0\FreeRTOS\Demo\Final_Project\Debug\Obj\bool.o
#        C:\Users\RJYou\OneDrive\Desktop\FreeRTOSv9.0.0\FreeRTOS\Demo\Final_Project\Debug\Obj\cgifuncs.o
#        C:\Users\RJYou\OneDrive\Desktop\FreeRTOSv9.0.0\FreeRTOS\Demo\Final_Project\Debug\Obj\computeTask.o
#        C:\Users\RJYou\OneDrive\Desktop\FreeRTOSv9.0.0\FreeRTOS\Demo\Final_Project\Debug\Obj\croutine.o
#        C:\Users\RJYou\OneDrive\Desktop\FreeRTOSv9.0.0\FreeRTOS\Demo\Final_Project\Debug\Obj\dataPtrs.o
#        C:\Users\RJYou\OneDrive\Desktop\FreeRTOSv9.0.0\FreeRTOS\Demo\Final_Project\Debug\Obj\dataStructs.o
#        C:\Users\RJYou\OneDrive\Desktop\FreeRTOSv9.0.0\FreeRTOS\Demo\Final_Project\Debug\Obj\death.o
#        C:\Users\RJYou\OneDrive\Desktop\FreeRTOSv9.0.0\FreeRTOS\Demo\Final_Project\Debug\Obj\displayTask.o
#        C:\Users\RJYou\OneDrive\Desktop\FreeRTOSv9.0.0\FreeRTOS\Demo\Common\drivers\LuminaryMicro\IAR\driverlib.a
#        C:\Users\RJYou\OneDrive\Desktop\FreeRTOSv9.0.0\FreeRTOS\Demo\Final_Project\Debug\Obj\event_groups.o
#        C:\Users\RJYou\OneDrive\Desktop\FreeRTOSv9.0.0\FreeRTOS\Demo\Final_Project\Debug\Obj\EventGroupsDemo.o
#        C:\Users\RJYou\OneDrive\Desktop\FreeRTOSv9.0.0\FreeRTOS\Demo\Final_Project\Debug\Obj\flash.o
#        C:\Users\RJYou\OneDrive\Desktop\FreeRTOSv9.0.0\FreeRTOS\Demo\Final_Project\Debug\Obj\formike128x128x16.o
#        C:\Users\RJYou\OneDrive\Desktop\FreeRTOSv9.0.0\FreeRTOS\Demo\Final_Project\Debug\Obj\GenQTest.o
#        C:\Users\RJYou\OneDrive\Desktop\FreeRTOSv9.0.0\FreeRTOS\Demo\Common\drivers\LuminaryMicro\IAR\grlib.a
#        C:\Users\RJYou\OneDrive\Desktop\FreeRTOSv9.0.0\FreeRTOS\Demo\Final_Project\Debug\Obj\heap_4.o
#        C:\Users\RJYou\OneDrive\Desktop\FreeRTOSv9.0.0\FreeRTOS\Demo\Final_Project\Debug\Obj\httpd.o
#        C:\Users\RJYou\OneDrive\Desktop\FreeRTOSv9.0.0\FreeRTOS\Demo\Final_Project\Debug\Obj\integer.o
#        C:\Users\RJYou\OneDrive\Desktop\FreeRTOSv9.0.0\FreeRTOS\Demo\Final_Project\Debug\Obj\IntQueue.o
#        C:\Users\RJYou\OneDrive\Desktop\FreeRTOSv9.0.0\FreeRTOS\Demo\Final_Project\Debug\Obj\IntQueueTimer.o
#        C:\Users\RJYou\OneDrive\Desktop\FreeRTOSv9.0.0\FreeRTOS\Demo\Final_Project\Debug\Obj\io.o
#        C:\Users\RJYou\OneDrive\Desktop\FreeRTOSv9.0.0\FreeRTOS\Demo\Final_Project\Debug\Obj\keypadTask.o
#        C:\Users\RJYou\OneDrive\Desktop\FreeRTOSv9.0.0\FreeRTOS\Demo\Final_Project\Debug\Obj\list.o
#        C:\Users\RJYou\OneDrive\Desktop\FreeRTOSv9.0.0\FreeRTOS\Demo\Final_Project\Debug\Obj\lmi_fs.o
#        C:\Users\RJYou\OneDrive\Desktop\FreeRTOSv9.0.0\FreeRTOS\Demo\Final_Project\Debug\Obj\locator.o
#        C:\Users\RJYou\OneDrive\Desktop\FreeRTOSv9.0.0\FreeRTOS\Demo\Final_Project\Debug\Obj\lwiplib.o
#        C:\Users\RJYou\OneDrive\Desktop\FreeRTOSv9.0.0\FreeRTOS\Demo\Final_Project\Debug\Obj\main.o
#        C:\Users\RJYou\OneDrive\Desktop\FreeRTOSv9.0.0\FreeRTOS\Demo\Final_Project\Debug\Obj\measureTask.o
#        C:\Users\RJYou\OneDrive\Desktop\FreeRTOSv9.0.0\FreeRTOS\Demo\Final_Project\Debug\Obj\osram128x64x4.o
#        C:\Users\RJYou\OneDrive\Desktop\FreeRTOSv9.0.0\FreeRTOS\Demo\Final_Project\Debug\Obj\ParTest.o
#        C:\Users\RJYou\OneDrive\Desktop\FreeRTOSv9.0.0\FreeRTOS\Demo\Final_Project\Debug\Obj\PollQ.o
#        C:\Users\RJYou\OneDrive\Desktop\FreeRTOSv9.0.0\FreeRTOS\Demo\Final_Project\Debug\Obj\port.o
#        C:\Users\RJYou\OneDrive\Desktop\FreeRTOSv9.0.0\FreeRTOS\Demo\Final_Project\Debug\Obj\portasm.o
#        C:\Users\RJYou\OneDrive\Desktop\FreeRTOSv9.0.0\FreeRTOS\Demo\Final_Project\Debug\Obj\QPeek.o
#        C:\Users\RJYou\OneDrive\Desktop\FreeRTOSv9.0.0\FreeRTOS\Demo\Final_Project\Debug\Obj\queue.o
#        C:\Users\RJYou\OneDrive\Desktop\FreeRTOSv9.0.0\FreeRTOS\Demo\Final_Project\Debug\Obj\QueueSet.o
#        C:\Users\RJYou\OneDrive\Desktop\FreeRTOSv9.0.0\FreeRTOS\Demo\Final_Project\Debug\Obj\recmutex.o
#        C:\Users\RJYou\OneDrive\Desktop\FreeRTOSv9.0.0\FreeRTOS\Demo\Final_Project\Debug\Obj\rit128x96x4.o
#        C:\Users\RJYou\OneDrive\Desktop\FreeRTOSv9.0.0\FreeRTOS\Demo\Final_Project\Debug\Obj\semtest.o
#        C:\Users\RJYou\OneDrive\Desktop\FreeRTOSv9.0.0\FreeRTOS\Demo\Final_Project\Debug\Obj\serialComTask.o
#        C:\Users\RJYou\OneDrive\Desktop\FreeRTOSv9.0.0\FreeRTOS\Demo\Final_Project\Debug\Obj\startup_ewarm.o
#        C:\Users\RJYou\OneDrive\Desktop\FreeRTOSv9.0.0\FreeRTOS\Demo\Final_Project\Debug\Obj\statusTask.o
#        C:\Users\RJYou\OneDrive\Desktop\FreeRTOSv9.0.0\FreeRTOS\Demo\Final_Project\Debug\Obj\systemTimeBase.o
#        C:\Users\RJYou\OneDrive\Desktop\FreeRTOSv9.0.0\FreeRTOS\Demo\Final_Project\Debug\Obj\tasks.o
#        C:\Users\RJYou\OneDrive\Desktop\FreeRTOSv9.0.0\FreeRTOS\Demo\Final_Project\Debug\Obj\timers.o
#        C:\Users\RJYou\OneDrive\Desktop\FreeRTOSv9.0.0\FreeRTOS\Demo\Final_Project\Debug\Obj\timertest.o
#        C:\Users\RJYou\OneDrive\Desktop\FreeRTOSv9.0.0\FreeRTOS\Demo\Final_Project\Debug\Obj\warningAlarm.o
#        --redirect _Printf=_PrintfSmallNoMb --redirect _Scanf=_ScanfSmallNoMb
#        -o
#        C:\Users\RJYou\OneDrive\Desktop\FreeRTOSv9.0.0\FreeRTOS\Demo\Final_Project\Debug\Exe\RTOSDemo.out
#        --map
#        C:\Users\RJYou\OneDrive\Desktop\FreeRTOSv9.0.0\FreeRTOS\Demo\Final_Project\Debug\List\RTOSDemo.map
#        --config
#        C:\Users\RJYou\OneDrive\Desktop\FreeRTOSv9.0.0\FreeRTOS\Demo\Final_Project\LM3Sxxxx.icf
#        C:\Users\RJYou\OneDrive\Desktop\FreeRTOSv9.0.0\FreeRTOS\Demo\Final_Project\..\Common\drivers\LuminaryMicro\IAR\driverlib.a
#        C:\Users\RJYou\OneDrive\Desktop\FreeRTOSv9.0.0\FreeRTOS\Demo\Final_Project\..\Common\drivers\LuminaryMicro\IAR\grlib.a
#        --entry __iar_program_start --vfe --text_out locale)
#
###############################################################################

*******************************************************************************
*** MESSAGES
***

Warning[Lt010]: Inconsistent enum container size
            BlockQ.o and 33 other objects uses smallest possible
            flash.o(driverlib.a) use word size


*******************************************************************************
*** RUNTIME MODEL ATTRIBUTES
***

CppFlavor       = *
__SystemLibrary = DLib
__dlib_version  = 6


*******************************************************************************
*** HEAP SELECTION
***

The basic heap was selected because no calls to memory allocation
functions were found in the application outside of system library
functions, and there are calls to deallocation functions in the
application.


*******************************************************************************
*** PLACEMENT SUMMARY
***

"A0":  place at start of [from 0x00000000 to 0x0003ffff] { ro section .intvec };
"P1":  place in [from 0x00000000 to 0x0003ffff] { ro };
define block HEAP with size = 0M, alignment = 8 { };
"P2":  place in [from 0x20000000 to 0x2000ffff] { rw, block HEAP };
do not initialize { section .noinit };
initialize by copy { rw };

  Section            Kind        Address     Size  Object
  -------            ----        -------     ----  ------
"A0":                                       0x100
  .intvec            const    0x00000000    0x100  startup_ewarm.o [1]
                            - 0x00000100    0x100

"P1":                                     0x2676e
  .text              ro code  0x00000100   0x6fd4  lwiplib.o [1]
  .text              ro code  0x000070d4     0x66  ABImemset.o [7]
  .text              ro code  0x0000713a     0x7a  lz77_init_single.o [7]
  .text              ro code  0x000071b4     0xa6  ABImemcpy.o [7]
  .text              ro code  0x0000725a      0xa  xsprout.o [3]
  .text              ro code  0x00007264     0x68  memcmp.o [7]
  .text              ro code  0x000072cc     0x80  interrupt.o [4]
  .text              ro code  0x0000734c    0x130  ethernet.o [4]
  .text              ro code  0x0000747c    0x2d4  sysctl.o [4]
  .text              ro code  0x00007750    0x97a  main.o [1]
  .text              ro code  0x000080ca      0x6  startup_ewarm.o [1]
  CODE               ro code  0x000080d0     0x14  cpu.o [4]
  .text              ro code  0x000080e4    0x146  cgifuncs.o [1]
  .rodata            const    0x0000822a      0x2  rit128x96x4.o [1]
  .text              ro code  0x0000822c    0x3ac  rit128x96x4.o [1]
  .text              ro code  0x000085d8    0x120  io.o [1]
  .text              ro code  0x000086f8    0x54c  displayTask.o [1]
  .text              ro code  0x00008c44     0x36  strlen.o [7]
  .rodata            const    0x00008c7a      0x2  rit128x96x4.o [1]
  .text              ro code  0x00008c7c    0xc34  tasks.o [1]
  .text              ro code  0x000098b0    0x158  gpio.o [4]
  .text              ro code  0x00009a08     0x98  pwm.o [4]
  .text              ro code  0x00009aa0     0x58  timer.o [4]
  .text              ro code  0x00009af8     0x10  systemTimeBase.o [1]
  .text              ro code  0x00009b08    0x864  queue.o [1]
  .text              ro code  0x0000a36c     0xb4  adc.o [4]
  .text              ro code  0x0000a420     0x70  uart.o [4]
  .text              ro code  0x0000a490     0x28  systick.o [4]
  .text              ro code  0x0000a4b8     0x40  sprintf.o [3]
  .text              ro code  0x0000a4f8     0x38  flash.o [4]
  .text              ro code  0x0000a530    0x150  locator.o [1]
  .text              ro code  0x0000a680    0xdb8  httpd.o [1]
  .text              ro code  0x0000b438    0x1ac  port.o [1]
  .text              ro code  0x0000b5e4     0x4a  strcmp.o [7]
  .text              ro code  0x0000b630     0x88  ssi.o [4]
  .text              ro code  0x0000b6b8     0x70  strncpy.o [7]
  .text              ro code  0x0000b728    0x240  heap_4.o [1]
  .text              ro code  0x0000b968     0x98  list.o [1]
  .text              ro code  0x0000ba00    0x414  timers.o [1]
  .text              ro code  0x0000be14    0x4c0  xprintfsmall_nomb.o [3]
  .text              ro code  0x0000c2d4    0x320  lmi_fs.o [1]
  .text              ro code  0x0000c5f4     0x16  strchr.o [7]
  .text              ro code  0x0000c60a     0x30  strstr.o [3]
  .text              ro code  0x0000c63a     0x28  strncmp.o [3]
  CODE               ro code  0x0000c664     0x88  portasm.o [1]
  .text              ro code  0x0000c6ec     0x44  xfail_s.o [3]
  .text              ro code  0x0000c730     0x58  memchr.o [7]
  .text              ro code  0x0000c788      0x6  abort.o [3]
  .text              ro code  0x0000c790      0xc  XXexit.o [7]
  .rodata            const    0x0000c79c   0x5b00  lmi_fs.o [1]
  .rodata            const    0x0001229c   0x2930  lmi_fs.o [1]
  .rodata            const    0x00014bcc   0x2344  lmi_fs.o [1]
  .rodata            const    0x00016f10   0x1a70  lmi_fs.o [1]
  .rodata            const    0x00018980   0x1a38  lmi_fs.o [1]
  .rodata            const    0x0001a3b8   0x1a28  lmi_fs.o [1]
  .rodata            const    0x0001bde0   0x1a14  lmi_fs.o [1]
  .rodata            const    0x0001d7f4   0x17a0  lmi_fs.o [1]
  .rodata            const    0x0001ef94   0x116c  lmi_fs.o [1]
  .rodata            const    0x00020100    0xdac  lmi_fs.o [1]
  .rodata            const    0x00020eac    0xcec  lmi_fs.o [1]
  .rodata            const    0x00021b98    0xc84  main.o [1]
  .rodata            const    0x0002281c    0x84c  lmi_fs.o [1]
  .rodata            const    0x00023068    0x824  lmi_fs.o [1]
  .rodata            const    0x0002388c    0x7fc  lmi_fs.o [1]
  .rodata            const    0x00024088    0x6c4  lmi_fs.o [1]
  .text              ro code  0x0002474c    0x418  warningAlarm.o [1]
  .text              ro code  0x00024b64    0x3cc  IntQueue.o [1]
  .text              ro code  0x00024f30    0x1f4  measureTask.o [1]
  .text              ro code  0x00025124     0x1a  U32ToDbl.o [6]
  .text              ro code  0x00025140     0xe2  DblSub.o [6]
  .text              ro code  0x00025224     0x3a  DblToS32.o [6]
  .text              ro code  0x00025260    0x178  DblAdd.o [6]
  .rodata            const    0x000253d8    0x1e0  rit128x96x4.o [1]
  .text              ro code  0x000255b8    0x1a2  DblMul.o [6]
  .text              ro code  0x0002575c    0x158  keypadTask.o [1]
  .rodata            const    0x000258b4    0x14c  lmi_fs.o [1]
  .text              ro code  0x00025a00     0x94  computeTask.o [1]
  .rodata            const    0x00025a94     0x5c  heap_4.o [1]
  .rodata            const    0x00025af0     0x5c  port.o [1]
  .rodata            const    0x00025b4c     0x5c  sysctl.o [4]
  .rodata            const    0x00025ba8     0x58  httpd.o [1]
  .text              ro code  0x00025c00     0x58  IntQueueTimer.o [1]
  .rodata            const    0x00025c58     0x50  httpd.o [1]
  .rodata            const    0x00025ca8     0x50  rit128x96x4.o [1]
  .rodata            const    0x00025cf8     0x48  queue.o [1]
  .rodata            const    0x00025d40     0x48  tasks.o [1]
  .rodata            const    0x00025d88     0x48  timers.o [1]
  .text              ro code  0x00025dd0     0x40  zero_init3.o [7]
  .rodata            const    0x00025e10     0x3c  main.o [1]
  .rodata            const    0x00025e4c     0x38  httpd.o [1]
  .rodata            const    0x00025e84     0x30  httpd.o [1]
  .rodata            const    0x00025eb4     0x2c  httpd.o [1]
  .rodata            const    0x00025ee0     0x2c  httpd.o [1]
  .rodata            const    0x00025f0c     0x28  httpd.o [1]
  .rodata            const    0x00025f34     0x28  httpd.o [1]
  .text              ro code  0x00025f5c     0x28  data_init.o [7]
  .rodata            const    0x00025f84     0x24  main.o [1]
  .iar.init_table    const    0x00025fa8     0x20  - Linker created -
  .rodata            const    0x00025fc8     0x20  httpd.o [1]
  .rodata            const    0x00025fe8     0x20  httpd.o [1]
  .rodata            const    0x00026008     0x20  httpd.o [1]
  .rodata            const    0x00026028     0x20  httpd.o [1]
  .text              ro code  0x00026048     0x1e  cmain.o [7]
  .text              ro code  0x00026066      0x4  low_level_init.o [3]
  .text              ro code  0x0002606a      0x4  exit.o [3]
  .text              ro code  0x00026070      0xa  cexit.o [7]
  .rodata            const    0x0002607c     0x1c  httpd.o [1]
  .rodata            const    0x00026098     0x1c  httpd.o [1]
  .rodata            const    0x000260b4     0x1c  httpd.o [1]
  .rodata            const    0x000260d0     0x1c  httpd.o [1]
  .rodata            const    0x000260ec     0x1c  httpd.o [1]
  .rodata            const    0x00026108     0x1c  httpd.o [1]
  .rodata            const    0x00026124     0x1c  httpd.o [1]
  .text              ro code  0x00026140     0x1c  statusTask.o [1]
  .rodata            const    0x0002615c     0x18  lmi_fs.o [1]
  .rodata            const    0x00026174     0x18  lmi_fs.o [1]
  .rodata            const    0x0002618c     0x18  main.o [1]
  .rodata            const    0x000261a4     0x18  main.o [1]
  .rodata            const    0x000261bc     0x14  displayTask.o [1]
  .rodata            const    0x000261d0     0x14  displayTask.o [1]
  .rodata            const    0x000261e4     0x14  displayTask.o [1]
  .rodata            const    0x000261f8     0x14  displayTask.o [1]
  .rodata            const    0x0002620c     0x14  displayTask.o [1]
  .rodata            const    0x00026220     0x14  httpd.o [1]
  .rodata            const    0x00026234     0x14  lmi_fs.o [1]
  .rodata            const    0x00026248     0x14  lmi_fs.o [1]
  .rodata            const    0x0002625c     0x14  lmi_fs.o [1]
  .rodata            const    0x00026270     0x14  main.o [1]
  .rodata            const    0x00026284     0x14  main.o [1]
  .rodata            const    0x00026298     0x10  displayTask.o [1]
  .rodata            const    0x000262a8     0x10  httpd.o [1]
  .rodata            const    0x000262b8     0x10  lmi_fs.o [1]
  .rodata            const    0x000262c8     0x10  lmi_fs.o [1]
  .rodata            const    0x000262d8     0x10  lmi_fs.o [1]
  .rodata            const    0x000262e8     0x10  lmi_fs.o [1]
  .rodata            const    0x000262f8     0x10  lmi_fs.o [1]
  .rodata            const    0x00026308     0x10  lmi_fs.o [1]
  .rodata            const    0x00026318     0x10  lmi_fs.o [1]
  .rodata            const    0x00026328     0x10  lmi_fs.o [1]
  .rodata            const    0x00026338     0x10  lmi_fs.o [1]
  .rodata            const    0x00026348     0x10  lmi_fs.o [1]
  .rodata            const    0x00026358     0x10  lmi_fs.o [1]
  .rodata            const    0x00026368     0x10  lmi_fs.o [1]
  .rodata            const    0x00026378     0x10  lmi_fs.o [1]
  .rodata            const    0x00026388     0x10  lmi_fs.o [1]
  .rodata            const    0x00026398     0x10  lmi_fs.o [1]
  .rodata            const    0x000263a8     0x10  lmi_fs.o [1]
  .rodata            const    0x000263b8     0x10  lmi_fs.o [1]
  .rodata            const    0x000263c8     0x10  lmi_fs.o [1]
  .rodata            const    0x000263d8     0x10  lmi_fs.o [1]
  .rodata            const    0x000263e8     0x10  lwiplib.o [1]
  .rodata            const    0x000263f8     0x10  lwiplib.o [1]
  .rodata            const    0x00026408     0x10  lwiplib.o [1]
  .rodata            const    0x00026418     0x10  main.o [1]
  .rodata            const    0x00026428     0x10  main.o [1]
  .rodata            const    0x00026438     0x10  main.o [1]
  .rodata            const    0x00026448     0x10  main.o [1]
  .rodata            const    0x00026458     0x10  main.o [1]
  .rodata            const    0x00026468     0x10  main.o [1]
  .rodata            const    0x00026478     0x10  main.o [1]
  .rodata            const    0x00026488     0x10  main.o [1]
  .rodata            const    0x00026498     0x10  main.o [1]
  .rodata            const    0x000264a8     0x10  sysctl.o [4]
  .rodata            const    0x000264b8      0xc  displayTask.o [1]
  .rodata            const    0x000264c4      0xc  displayTask.o [1]
  .rodata            const    0x000264d0      0xc  displayTask.o [1]
  .rodata            const    0x000264dc      0xc  displayTask.o [1]
  .rodata            const    0x000264e8      0xc  displayTask.o [1]
  .rodata            const    0x000264f4      0xc  displayTask.o [1]
  .rodata            const    0x00026500      0xc  httpd.o [1]
  .rodata            const    0x0002650c      0xc  httpd.o [1]
  .rodata            const    0x00026518      0xc  httpd.o [1]
  .rodata            const    0x00026524      0xc  httpd.o [1]
  .rodata            const    0x00026530      0xc  httpd.o [1]
  .rodata            const    0x0002653c      0xc  httpd.o [1]
  .rodata            const    0x00026548      0xc  main.o [1]
  .rodata            const    0x00026554      0xc  main.o [1]
  .rodata            const    0x00026560      0xc  main.o [1]
  .rodata            const    0x0002656c      0xc  main.o [1]
  .rodata            const    0x00026578      0xc  main.o [1]
  .rodata            const    0x00026584      0xc  main.o [1]
  .rodata            const    0x00026590      0xc  main.o [1]
  .rodata            const    0x0002659c      0xc  main.o [1]
  .rodata            const    0x000265a8      0xc  main.o [1]
  .rodata            const    0x000265b4      0xc  main.o [1]
  .rodata            const    0x000265c0      0xc  sysctl.o [4]
  .rodata            const    0x000265cc      0xc  sysctl.o [4]
  .text              ro code  0x000265d8      0xc  cstartup_M.o [7]
  .rodata            const    0x000265e4      0x8  displayTask.o [1]
  .rodata            const    0x000265ec      0x8  displayTask.o [1]
  .rodata            const    0x000265f4      0x8  httpd.o [1]
  .rodata            const    0x000265fc      0x8  httpd.o [1]
  .rodata            const    0x00026604      0x8  httpd.o [1]
  .rodata            const    0x0002660c      0x8  httpd.o [1]
  .rodata            const    0x00026614      0x8  httpd.o [1]
  .rodata            const    0x0002661c      0x8  httpd.o [1]
  .rodata            const    0x00026624      0x8  httpd.o [1]
  .rodata            const    0x0002662c      0x8  httpd.o [1]
  .rodata            const    0x00026634      0x8  httpd.o [1]
  .rodata            const    0x0002663c      0x8  httpd.o [1]
  .rodata            const    0x00026644      0x8  lwiplib.o [1]
  .rodata            const    0x0002664c      0x8  lwiplib.o [1]
  .rodata            const    0x00026654      0x8  lwiplib.o [1]
  .rodata            const    0x0002665c      0x8  main.o [1]
  .rodata            const    0x00026664      0x8  main.o [1]
  .rodata            const    0x0002666c      0x8  main.o [1]
  .rodata            const    0x00026674      0x8  main.o [1]
  .rodata            const    0x0002667c      0x8  main.o [1]
  .rodata            const    0x00026684      0x8  main.o [1]
  .rodata            const    0x0002668c      0x8  main.o [1]
  .rodata            const    0x00026694      0x8  main.o [1]
  .rodata            const    0x0002669c      0x8  tasks.o [1]
  .rodata            const    0x000266a4      0x8  timers.o [1]
  .rodata            const    0x000266ac      0x8  timers.o [1]
  .rodata            const    0x000266b4      0x4  displayTask.o [1]
  .rodata            const    0x000266b8      0x4  heap_4.o [1]
  .rodata            const    0x000266bc      0x4  httpd.o [1]
  .rodata            const    0x000266c0      0x4  httpd.o [1]
  .rodata            const    0x000266c4      0x4  httpd.o [1]
  .rodata            const    0x000266c8      0x4  httpd.o [1]
  .rodata            const    0x000266cc      0x4  httpd.o [1]
  .rodata            const    0x000266d0      0x4  httpd.o [1]
  .rodata            const    0x000266d4      0x4  httpd.o [1]
  .rodata            const    0x000266d8      0x4  httpd.o [1]
  .rodata            const    0x000266dc      0x4  httpd.o [1]
  .rodata            const    0x000266e0      0x4  httpd.o [1]
  .rodata            const    0x000266e4      0x4  httpd.o [1]
  .rodata            const    0x000266e8      0x4  httpd.o [1]
  .rodata            const    0x000266ec      0x4  httpd.o [1]
  .rodata            const    0x000266f0      0x4  httpd.o [1]
  .rodata            const    0x000266f4      0x4  httpd.o [1]
  .rodata            const    0x000266f8      0x4  httpd.o [1]
  .rodata            const    0x000266fc      0x4  lwiplib.o [1]
  .rodata            const    0x00026700      0x4  lwiplib.o [1]
  .rodata            const    0x00026704      0x4  main.o [1]
  .rodata            const    0x00026708      0x4  port.o [1]
  .rodata            const    0x0002670c      0x4  rit128x96x4.o [1]
  .rodata            const    0x00026710      0x4  rit128x96x4.o [1]
  .rodata            const    0x00026714      0x0  zero_init3.o [7]
  .rodata            const    0x00026714      0x0  lz77_init_single.o [7]
  Initializer bytes  const    0x00026714    0x15a  <for P2-1>
                            - 0x0002686e  0x2676e

"P2", part 1 of 3:                          0x29d
  P2-1                        0x20000000    0x29d  <Init block>
    .data            inited   0x20000000     0x10  httpd.o [1]
    .data            inited   0x20000010     0x48  httpd.o [1]
    .data            inited   0x20000058     0x88  httpd.o [1]
    .data            inited   0x200000e0      0x4  IntQueue.o [1]
    .data            inited   0x200000e4      0x4  lwiplib.o [1]
    .data            inited   0x200000e8      0x4  lwiplib.o [1]
    .data            inited   0x200000ec      0x4  main.o [1]
    .data            inited   0x200000f0     0x94  main.o [1]
    .data            inited   0x20000184     0x1c  main.o [1]
    .data            inited   0x200001a0      0xc  main.o [1]
    .data            inited   0x200001ac     0x20  main.o [1]
    .data            inited   0x200001cc     0x20  main.o [1]
    .data            inited   0x200001ec     0x24  main.o [1]
    .data            inited   0x20000210     0x44  main.o [1]
    .data            inited   0x20000254     0x14  main.o [1]
    .data            inited   0x20000268      0x4  main.o [1]
    .data            inited   0x2000026c     0x14  main.o [1]
    .data            inited   0x20000280     0x14  main.o [1]
    .data            inited   0x20000294      0x4  port.o [1]
    .data            inited   0x20000298      0x2  lwiplib.o [1]
    .data            inited   0x2000029a      0x2  main.o [1]
    .data            inited   0x2000029c      0x1  main.o [1]
                            - 0x2000029d    0x29d

"P2", part 2 of 3:                         0xb17c
  .bss               zero     0x200002a0   0x5dc0  heap_4.o [1]
  .bss               zero     0x20006060   0x3014  lwiplib.o [1]
  .bss               zero     0x20009074   0x1bd4  lwiplib.o [1]
  .bss               zero     0x2000ac48     0xec  lwiplib.o [1]
  .bss               zero     0x2000ad34     0xc8  IntQueue.o [1]
  .bss               zero     0x2000adfc     0xc8  IntQueue.o [1]
  .bss               zero     0x2000aec4     0xc8  lwiplib.o [1]
  .bss               zero     0x2000af8c     0x64  tasks.o [1]
  .bss               zero     0x2000aff0     0x60  lwiplib.o [1]
  .bss               zero     0x2000b050     0x54  locator.o [1]
  .bss               zero     0x2000b0a4     0x50  queue.o [1]
  .bss               zero     0x2000b0f4     0x38  lwiplib.o [1]
  .bss               zero     0x2000b12c     0x20  lwiplib.o [1]
  .bss               zero     0x2000b14c     0x20  main.o [1]
  .bss               zero     0x2000b16c     0x1c  main.o [1]
  .bss               zero     0x2000b188     0x14  lwiplib.o [1]
  .bss               zero     0x2000b19c     0x14  tasks.o [1]
  .bss               zero     0x2000b1b0     0x14  tasks.o [1]
  .bss               zero     0x2000b1c4     0x14  tasks.o [1]
  .bss               zero     0x2000b1d8     0x14  tasks.o [1]
  .bss               zero     0x2000b1ec     0x14  tasks.o [1]
  .bss               zero     0x2000b200     0x14  timers.o [1]
  .bss               zero     0x2000b214     0x14  timers.o [1]
  .bss               zero     0x2000b228     0x10  lmi_fs.o [1]
  .bss               zero     0x2000b238     0x10  lmi_fs.o [1]
  .bss               zero     0x2000b248     0x10  lmi_fs.o [1]
  .bss               zero     0x2000b258      0x8  heap_4.o [1]
  .bss               zero     0x2000b260      0x8  rit128x96x4.o [1]
  .bss               zero     0x2000b268      0x4  heap_4.o [1]
  .bss               zero     0x2000b26c      0x4  heap_4.o [1]
  .bss               zero     0x2000b270      0x4  heap_4.o [1]
  .bss               zero     0x2000b274      0x4  heap_4.o [1]
  .bss               zero     0x2000b278      0x4  httpd.o [1]
  .bss               zero     0x2000b27c      0x4  httpd.o [1]
  .bss               zero     0x2000b280      0x4  httpd.o [1]
  .bss               zero     0x2000b284      0x4  httpd.o [1]
  .bss               zero     0x2000b288      0x4  httpd.o [1]
  .bss               zero     0x2000b28c      0x4  IntQueue.o [1]
  .bss               zero     0x2000b290      0x4  IntQueue.o [1]
  .bss               zero     0x2000b294      0x4  IntQueue.o [1]
  .bss               zero     0x2000b298      0x4  IntQueue.o [1]
  .bss               zero     0x2000b29c      0x4  IntQueue.o [1]
  .bss               zero     0x2000b2a0      0x4  IntQueue.o [1]
  .bss               zero     0x2000b2a4      0x4  IntQueue.o [1]
  .bss               zero     0x2000b2a8      0x4  io.o [1]
  .bss               zero     0x2000b2ac      0x4  io.o [1]
  .bss               zero     0x2000b2b0      0x4  lmi_fs.o [1]
  .bss               zero     0x2000b2b4      0x4  lmi_fs.o [1]
  .bss               zero     0x2000b2b8      0x4  lmi_fs.o [1]
  .bss               zero     0x2000b2bc      0x4  lmi_fs.o [1]
  .bss               zero     0x2000b2c0      0x4  lwiplib.o [1]
  .bss               zero     0x2000b2c4      0x4  lwiplib.o [1]
  .bss               zero     0x2000b2c8      0x4  lwiplib.o [1]
  .bss               zero     0x2000b2cc      0x4  lwiplib.o [1]
  .bss               zero     0x2000b2d0      0x4  lwiplib.o [1]
  .bss               zero     0x2000b2d4      0x4  lwiplib.o [1]
  .bss               zero     0x2000b2d8      0x4  lwiplib.o [1]
  .bss               zero     0x2000b2dc      0x4  lwiplib.o [1]
  .bss               zero     0x2000b2e0      0x4  lwiplib.o [1]
  .bss               zero     0x2000b2e4      0x4  lwiplib.o [1]
  .bss               zero     0x2000b2e8      0x4  lwiplib.o [1]
  .bss               zero     0x2000b2ec      0x4  lwiplib.o [1]
  .bss               zero     0x2000b2f0      0x4  lwiplib.o [1]
  .bss               zero     0x2000b2f4      0x4  lwiplib.o [1]
  .bss               zero     0x2000b2f8      0x4  lwiplib.o [1]
  .bss               zero     0x2000b2fc      0x4  lwiplib.o [1]
  .bss               zero     0x2000b300      0x4  lwiplib.o [1]
  .bss               zero     0x2000b304      0x4  lwiplib.o [1]
  .bss               zero     0x2000b308      0x4  lwiplib.o [1]
  .bss               zero     0x2000b30c      0x4  lwiplib.o [1]
  .bss               zero     0x2000b310      0x4  lwiplib.o [1]
  .bss               zero     0x2000b314      0x4  lwiplib.o [1]
  .bss               zero     0x2000b318      0x4  lwiplib.o [1]
  .bss               zero     0x2000b31c      0x4  lwiplib.o [1]
  .bss               zero     0x2000b320      0x4  lwiplib.o [1]
  .bss               zero     0x2000b324      0x4  lwiplib.o [1]
  .bss               zero     0x2000b328      0x4  lwiplib.o [1]
  .bss               zero     0x2000b32c      0x4  lwiplib.o [1]
  .bss               zero     0x2000b330      0x4  lwiplib.o [1]
  .bss               zero     0x2000b334      0x4  lwiplib.o [1]
  .bss               zero     0x2000b338      0x4  lwiplib.o [1]
  .bss               zero     0x2000b33c      0x4  lwiplib.o [1]
  .bss               zero     0x2000b340      0x4  lwiplib.o [1]
  .bss               zero     0x2000b344      0x4  main.o [1]
  .bss               zero     0x2000b348      0x4  main.o [1]
  .bss               zero     0x2000b34c      0x4  main.o [1]
  .bss               zero     0x2000b350      0x4  main.o [1]
  .bss               zero     0x2000b354      0x4  main.o [1]
  .bss               zero     0x2000b358      0x4  main.o [1]
  .bss               zero     0x2000b35c      0x4  main.o [1]
  .bss               zero     0x2000b360      0x4  main.o [1]
  .bss               zero     0x2000b364      0x4  main.o [1]
  .bss               zero     0x2000b368      0x4  main.o [1]
  .bss               zero     0x2000b36c      0x4  main.o [1]
  .bss               zero     0x2000b370      0x4  main.o [1]
  .bss               zero     0x2000b374      0x4  main.o [1]
  .bss               zero     0x2000b378      0x4  main.o [1]
  .bss               zero     0x2000b37c      0x4  main.o [1]
  .bss               zero     0x2000b380      0x4  main.o [1]
  .bss               zero     0x2000b384      0x4  port.o [1]
  .bss               zero     0x2000b388      0x4  rit128x96x4.o [1]
  .bss               zero     0x2000b38c      0x4  rit128x96x4.o [1]
  .bss               zero     0x2000b390      0x4  rit128x96x4.o [1]
  .bss               zero     0x2000b394      0x4  rit128x96x4.o [1]
  .bss               zero     0x2000b398      0x4  tasks.o [1]
  .bss               zero     0x2000b39c      0x4  tasks.o [1]
  .bss               zero     0x2000b3a0      0x4  tasks.o [1]
  .bss               zero     0x2000b3a4      0x4  tasks.o [1]
  .bss               zero     0x2000b3a8      0x4  tasks.o [1]
  .bss               zero     0x2000b3ac      0x4  tasks.o [1]
  .bss               zero     0x2000b3b0      0x4  tasks.o [1]
  .bss               zero     0x2000b3b4      0x4  tasks.o [1]
  .bss               zero     0x2000b3b8      0x4  tasks.o [1]
  .bss               zero     0x2000b3bc      0x4  tasks.o [1]
  .bss               zero     0x2000b3c0      0x4  tasks.o [1]
  .bss               zero     0x2000b3c4      0x4  tasks.o [1]
  .bss               zero     0x2000b3c8      0x4  tasks.o [1]
  .bss               zero     0x2000b3cc      0x4  tasks.o [1]
  .bss               zero     0x2000b3d0      0x4  tasks.o [1]
  .bss               zero     0x2000b3d4      0x4  timers.o [1]
  .bss               zero     0x2000b3d8      0x4  timers.o [1]
  .bss               zero     0x2000b3dc      0x4  timers.o [1]
  .bss               zero     0x2000b3e0      0x4  timers.o [1]
  .bss               zero     0x2000b3e4      0x4  timers.o [1]
  .bss               zero     0x2000b3e8      0x4  timertest.o [1]
  .bss               zero     0x2000b3ec      0x4  warningAlarm.o [1]
  .bss               zero     0x2000b3f0      0x4  warningAlarm.o [1]
  .bss               zero     0x2000b3f4      0x4  warningAlarm.o [1]
  .bss               zero     0x2000b3f8      0x4  warningAlarm.o [1]
  .bss               zero     0x2000b3fc      0x4  warningAlarm.o [1]
  .bss               zero     0x2000b400      0x4  warningAlarm.o [1]
  .bss               zero     0x2000b404      0x4  warningAlarm.o [1]
  .bss               zero     0x2000b408      0x4  xfail_s.o [3]
  .bss               zero     0x2000b40c      0x2  lwiplib.o [1]
  .bss               zero     0x2000b40e      0x2  lwiplib.o [1]
  .bss               zero     0x2000b410      0x1  lwiplib.o [1]
  .bss               zero     0x2000b411      0x1  lwiplib.o [1]
  .bss               zero     0x2000b412      0x1  lwiplib.o [1]
  .bss               zero     0x2000b413      0x1  lwiplib.o [1]
  .bss               zero     0x2000b414      0x1  lwiplib.o [1]
  .bss               zero     0x2000b415      0x1  lwiplib.o [1]
  .bss               zero     0x2000b416      0x1  main.o [1]
  .bss               zero     0x2000b417      0x1  main.o [1]
  .bss               zero     0x2000b418      0x1  port.o [1]
  .bss               zero     0x2000b419      0x1  rit128x96x4.o [1]
                            - 0x2000b41a   0xb17a

"P2", part 3 of 3:                          0x1e0
  .noinit            uninit   0x2000b41c    0x1e0  startup_ewarm.o [1]
                            - 0x2000b5fc    0x1e0


*******************************************************************************
*** INIT TABLE
***

          Address     Size
          -------     ----
Zero (__iar_zero_init3)
    1 destination range, total size 0xb17a:
          0x200002a0  0xb17a

Copy/lz77 (__iar_lz77_init_single3)
    1 source range, total size 0x15a (51% of destination):
          0x00026714   0x15a
    1 destination range, total size 0x29d:
          0x20000000   0x29d



*******************************************************************************
*** MODULE SUMMARY
***

    Module               ro code  ro data  rw data
    ------               -------  -------  -------
C:\Users\RJYou\OneDrive\Desktop\FreeRTOSv9.0.0\FreeRTOS\Demo\Final_Project\Debug\Obj: [1]
    IntQueue.o               972        2      432
    IntQueueTimer.o           88
    cgifuncs.o               326
    computeTask.o            148
    displayTask.o          1 356      208
    heap_4.o                 576       96   24 024
    httpd.o                3 512    1 131      244
    io.o                     288                 8
    keypadTask.o             344
    list.o                   152
    lmi_fs.o                 800   95 764       64
    locator.o                336                84
    lwiplib.o             28 628       86   20 224
    main.o                 2 426    3 941      553
    measureTask.o            500
    port.o                   428       98        9
    portasm.o                136
    queue.o                2 148       72       80
    rit128x96x4.o            940      572       25
    startup_ewarm.o            6      256      480
    statusTask.o              28
    systemTimeBase.o          16
    tasks.o                3 124       80      260
    timers.o               1 044       88       60
    timertest.o                                  4
    warningAlarm.o         1 048                28
    ----------------------------------------------
    Total:                49 370  102 394   46 579

command line: [2]
    ----------------------------------------------
    Total:

dl7M_tln.a: [3]
    abort.o                    6
    exit.o                     4
    low_level_init.o           4
    sprintf.o                 64
    strncmp.o                 40
    strstr.o                  48
    xfail_s.o                 68                 4
    xprintfsmall_nomb.o    1 216
    xsprout.o                 10
    ----------------------------------------------
    Total:                 1 460                 4

driverlib.a: [4]
    adc.o                    180
    cpu.o                     20
    ethernet.o               304
    flash.o                   56
    gpio.o                   344
    interrupt.o              128
    pwm.o                    152
    ssi.o                    136
    sysctl.o                 724      132
    systick.o                 40
    timer.o                   88
    uart.o                   112
    ----------------------------------------------
    Total:                 2 284      132

grlib.a: [5]
    ----------------------------------------------
    Total:

m7M_tl.a: [6]
    DblAdd.o                 376
    DblMul.o                 418
    DblSub.o                 226
    DblToS32.o                58
    U32ToDbl.o                26
    ----------------------------------------------
    Total:                 1 104

rt7M_tl.a: [7]
    ABImemcpy.o              166
    ABImemset.o              102
    XXexit.o                  12
    cexit.o                   10
    cmain.o                   30
    cstartup_M.o              12
    data_init.o               40
    lz77_init_single.o       122
    memchr.o                  88
    memcmp.o                 104
    strchr.o                  22
    strcmp.o                  74
    strlen.o                  54
    strncpy.o                112
    zero_init3.o              64
    ----------------------------------------------
    Total:                 1 012

    Gaps                      16        2
    Linker created                     32
--------------------------------------------------
    Grand Total:          55 246  102 560   46 583


*******************************************************************************
*** ENTRY LIST
***

Entry                      Address    Size  Type      Object
-----                      -------    ----  ----      ------
.iar.init_table$$Base   0x00025fa8           --   Gb  - Linker created -
.iar.init_table$$Limit  0x00025fc8           --   Gb  - Linker created -
?main                   0x00026049          Code  Gb  cmain.o [7]
ADCIntClear             0x0000a381     0x8  Code  Gb  adc.o [4]
ADCIntStatus            0x0000a36d    0x12  Code  Gb  adc.o [4]
ADCProcessorTrigger     0x0000a419     0x8  Code  Gb  adc.o [4]
ADCSequenceConfigure    0x0000a395    0x30  Code  Gb  adc.o [4]
ADCSequenceDataGet      0x0000a3f9    0x1e  Code  Gb  adc.o [4]
ADCSequenceEnable       0x0000a389     0xc  Code  Gb  adc.o [4]
ADCSequenceStepConfigure
                        0x0000a3c5    0x34  Code  Gb  adc.o [4]
CPUcpsid                0x000080d1          Code  Gb  cpu.o [4]
CPUcpsie                0x000080d9          Code  Gb  cpu.o [4]
CPUwfi                  0x000080e1          Code  Gb  cpu.o [4]
ControlCGIHandler       0x00007751     0x6  Code  Lc  main.o [1]
DecodeFormString        0x000081a5    0x86  Code  Gb  cgifuncs.o [1]
DecodeHexEscape         0x00008167    0x3e  Code  Gb  cgifuncs.o [1]
DisplayIPAddress        0x00007847    0x30  Code  Gb  main.o [1]
EthernetConfigSet       0x00007361    0x38  Code  Gb  ethernet.o [4]
EthernetEnable          0x00007405    0x28  Code  Gb  ethernet.o [4]
EthernetInitExpClk      0x0000734d    0x14  Code  Gb  ethernet.o [4]
EthernetIntClear        0x00007455     0x4  Code  Gb  ethernet.o [4]
EthernetIntDisable      0x00007439     0xa  Code  Gb  ethernet.o [4]
EthernetIntEnable       0x0000742d     0xa  Code  Gb  ethernet.o [4]
EthernetIntStatus       0x00007445     0xe  Code  Gb  ethernet.o [4]
EthernetMACAddrGet      0x000073d1    0x32  Code  Gb  ethernet.o [4]
EthernetMACAddrSet      0x00007399    0x36  Code  Gb  ethernet.o [4]
EthernetPHYRead         0x00007459    0x24  Code  Gb  ethernet.o [4]
FaultISR                0x000080cd     0x2  Code  Lc  startup_ewarm.o [1]
FindCGIParameter        0x000080e5    0x2a  Code  Gb  cgifuncs.o [1]
FlashUserGet            0x0000a4f9    0x2c  Code  Gb  flash.o [4]
GPIODirModeSet          0x000098b1    0x1e  Code  Gb  gpio.o [4]
GPIOPadConfigSet        0x000098e5    0xac  Code  Gb  gpio.o [4]
GPIOPinRead             0x00009991     0x6  Code  Gb  gpio.o [4]
GPIOPinTypeGPIOInput    0x000099b9    0x10  Code  Gb  gpio.o [4]
GPIOPinTypeGPIOOutput   0x000099c9    0x10  Code  Gb  gpio.o [4]
GPIOPinTypePWM          0x000099d9    0x10  Code  Gb  gpio.o [4]
GPIOPinTypeSSI          0x000099e9    0x10  Code  Gb  gpio.o [4]
GPIOPinTypeUART         0x000099f9    0x10  Code  Gb  gpio.o [4]
GPIOPinWrite            0x00009999     0x6  Code  Gb  gpio.o [4]
HexDigit                0x00008133    0x34  Code  Gb  cgifuncs.o [1]
IntDefaultHandler       0x000080cf     0x2  Code  Lc  startup_ewarm.o [1]
IntEnable               0x000072e5    0x60  Code  Gb  interrupt.o [4]
IntMasterDisable        0x000072d9     0xa  Code  Gb  interrupt.o [4]
IntMasterEnable         0x000072cd     0xa  Code  Gb  interrupt.o [4]
IsValidHexDigit         0x0000810f    0x24  Code  Gb  cgifuncs.o [1]
LoadInt                 0x0000c023    0x56  Code  Lc  xprintfsmall_nomb.o [3]
LocatorAppTitleSet      0x0000a649    0x2c  Code  Gb  locator.o [1]
LocatorInit             0x0000a5bf    0x64  Code  Gb  locator.o [1]
LocatorMACAddrSet       0x0000a623    0x26  Code  Gb  locator.o [1]
LocatorReceive          0x0000a531    0x8e  Code  Lc  locator.o [1]
NmiSR                   0x000080cb     0x2  Code  Lc  startup_ewarm.o [1]
PWMGenConfigure         0x00009a09    0x30  Code  Gb  pwm.o [4]
PWMGenDisable           0x00009a5d     0x6  Code  Gb  pwm.o [4]
PWMGenEnable            0x00009a51     0xc  Code  Gb  pwm.o [4]
PWMGenPeriodSet         0x00009a39    0x18  Code  Gb  pwm.o [4]
PWMOutputState          0x00009a8d    0x14  Code  Gb  pwm.o [4]
PWMPulseWidthSet        0x00009a65    0x1e  Code  Gb  pwm.o [4]
RIT128x96x4Clear        0x000082bb    0x50  Code  Gb  rit128x96x4.o [1]
RIT128x96x4Clear::pucCommand1
                        0x0002670c     0x4  Data  Lc  rit128x96x4.o [1]
RIT128x96x4Clear::pucCommand2
                        0x00026710     0x4  Data  Lc  rit128x96x4.o [1]
RIT128x96x4Enable       0x00008459    0x52  Code  Gb  rit128x96x4.o [1]
RIT128x96x4ImageDraw    0x000083f1    0x68  Code  Gb  rit128x96x4.o [1]
RIT128x96x4Init         0x000084ab    0xe6  Code  Gb  rit128x96x4.o [1]
RIT128x96x4StringDraw   0x0000830b    0xe6  Code  Gb  rit128x96x4.o [1]
RITWriteCommand         0x0000822d    0x44  Code  Lc  rit128x96x4.o [1]
RITWriteData            0x00008271    0x4a  Code  Lc  rit128x96x4.o [1]
Region$$Table$$Base     0x00025fa8           --   Gb  - Linker created -
Region$$Table$$Limit    0x00025fc8           --   Gb  - Linker created -
SSIConfigSetExpClk      0x0000b631    0x42  Code  Gb  ssi.o [4]
SSIDataGet              0x0000b699     0xc  Code  Gb  ssi.o [4]
SSIDataGetNonBlocking   0x0000b6a5    0x12  Code  Gb  ssi.o [4]
SSIDataPut              0x0000b68d     0xa  Code  Gb  ssi.o [4]
SSIDisable              0x0000b681     0xc  Code  Gb  ssi.o [4]
SSIEnable               0x0000b675     0xc  Code  Gb  ssi.o [4]
SSIHandler              0x000077a5    0xa2  Code  Lc  main.o [1]
SetTextCGIHandler       0x00007757    0x4e  Code  Lc  main.o [1]
SysCtlClockGet          0x00007621   0x130  Code  Gb  sysctl.o [4]
SysCtlClockSet          0x00007511   0x108  Code  Gb  sysctl.o [4]
SysCtlDelay             0x00007509     0x8  Code  Gb  sysctl.o [4]
SysCtlLDOSet            0x000074fd     0x6  Code  Gb  sysctl.o [4]
SysCtlPeripheralEnable  0x000074d9    0x12  Code  Gb  sysctl.o [4]
SysCtlPeripheralPresent
                        0x0000747d    0x24  Code  Gb  sysctl.o [4]
SysCtlPeripheralReset   0x000074a1    0x38  Code  Gb  sysctl.o [4]
SysTickEnable           0x0000a491     0xc  Code  Gb  systick.o [4]
SysTickIntEnable        0x0000a49d     0xc  Code  Gb  systick.o [4]
SysTickIntHandler       0x000078f9   0x18a  Code  Gb  main.o [1]
SysTickPeriodSet        0x0000a4ad     0x8  Code  Gb  systick.o [4]
Timer0IntHandler        0x00007a83    0x1a  Code  Gb  main.o [1]
Timer1IntHandler        0x00007aa1    0xaa  Code  Gb  main.o [1]
TimerConfigure          0x00009ab5    0x24  Code  Gb  timer.o [4]
TimerEnable             0x00009aa1     0xe  Code  Gb  timer.o [4]
TimerIntClear           0x00009af5     0x4  Code  Gb  timer.o [4]
TimerIntEnable          0x00009ae9     0xa  Code  Gb  timer.o [4]
TimerLoadSet            0x00009ad9    0x10  Code  Gb  timer.o [4]
UARTConfigSetExpClk     0x0000a421    0x30  Code  Gb  uart.o [4]
UARTDisable             0x0000a46d    0x24  Code  Gb  uart.o [4]
UARTEnable              0x0000a451    0x1c  Code  Gb  uart.o [4]
_LitobSmallNoMb         0x0000c1b5    0xce  Code  Lc  xprintfsmall_nomb.o [3]
_PrintfSmallNoMb        0x0000be15   0x204  Code  Gb  xprintfsmall_nomb.o [3]
_PutcharsSmallNoMb      0x0000c283    0x2e  Code  Lc  xprintfsmall_nomb.o [3]
_PutfldSmallNoMb        0x0000c079   0x13c  Code  Lc  xprintfsmall_nomb.o [3]
_SProut                 0x0000725b     0xa  Code  Gb  xsprout.o [3]
__aeabi_d2iz            0x00025225          Code  Gb  DblToS32.o [6]
__aeabi_dadd            0x00025261          Code  Gb  DblAdd.o [6]
__aeabi_dmul            0x000255b9          Code  Gb  DblMul.o [6]
__aeabi_dsub            0x00025141          Code  Gb  DblSub.o [6]
__aeabi_memcpy          0x000071b5          Code  Gb  ABImemcpy.o [7]
__aeabi_memcpy4         0x000071d5          Code  Gb  ABImemcpy.o [7]
__aeabi_memcpy8         0x000071d5          Code  Gb  ABImemcpy.o [7]
__aeabi_memset          0x000070d5          Code  Gb  ABImemset.o [7]
__aeabi_ui2d            0x00025125          Code  Gb  U32ToDbl.o [6]
__cmain                 0x00026049          Code  Gb  cmain.o [7]
__exit                  0x0000c791          Code  Gb  XXexit.o [7]
__iar_Fail_s            0x0000c6ed    0x1e  Code  Gb  xfail_s.o [3]
__iar_Memchr            0x0000c731          Code  Gb  memchr.o [7]
__iar_Memset            0x000070d5          Code  Gb  ABImemset.o [7]
__iar_Memset_word       0x000070dd          Code  Gb  ABImemset.o [7]
__iar_Strchr            0x0000c5f5          Code  Gb  strchr.o [7]
__iar_dadd              0x00025151          Code  Gb  DblSub.o [6]
__iar_data_init3        0x00025f5d    0x28  Code  Gb  data_init.o [7]
__iar_dsub              0x00025271          Code  Gb  DblAdd.o [6]
__iar_dsubStart         0x00025283          Code  Gb  DblAdd.o [6]
__iar_lz77_init_single3
                        0x0000713b    0x7a  Code  Gb  lz77_init_single.o [7]
__iar_program_start     0x000265d9          Code  Gb  cstartup_M.o [7]
__iar_systems$$module {Abs}
                        0x00000001          Data  Gb  command line/config [2]
__iar_zero_init3        0x00025dd1    0x40  Code  Gb  zero_init3.o [7]
__low_level_init        0x00026067     0x4  Code  Gb  low_level_init.o [3]
__vector_table          0x00000000   0x100  Data  Gb  startup_ewarm.o [1]
_call_main              0x00026055          Code  Gb  cmain.o [7]
_exit                   0x00026071          Code  Gb  cexit.o [7]
_main                   0x00026063          Code  Gb  cmain.o [7]
a1                      0x2000b374     0x4  Data  Gb  main.o [1]
abort                   0x0000c789     0x6  Code  Gb  abort.o [3]
ackFlag                 0x2000b35c     0x4  Data  Gb  main.o [1]
ackno                   0x2000b2fc     0x4  Data  Lc  lwiplib.o [1]
alarm                   0x0002474d    0x3a  Code  Gb  warningAlarm.o [1]
annunciate              0x00024837   0x2f8  Code  Gb  warningAlarm.o [1]
annunciate::led0        0x2000b3ec     0x4  Data  Lc  warningAlarm.o [1]
annunciate::led1        0x2000b3f0     0x4  Data  Lc  warningAlarm.o [1]
annunciate::led1Count   0x2000b3f8     0x4  Data  Lc  warningAlarm.o [1]
annunciate::led2        0x2000b3f4     0x4  Data  Lc  warningAlarm.o [1]
annunciate::led2Count   0x2000b3fc     0x4  Data  Lc  warningAlarm.o [1]
annunciate::pwm1        0x2000b404     0x4  Data  Lc  warningAlarm.o [1]
annunciate::pwmCounter  0x2000b400     0x4  Data  Lc  warningAlarm.o [1]
annunciateDisp          0x00008a87   0x10e  Code  Gb  displayTask.o [1]
arp_table               0x2000aec4    0xc8  Data  Lc  lwiplib.o [1]
auralCounter            0x2000b348     0x4  Data  Gb  main.o [1]
auralFlag               0x2000b358     0x4  Data  Gb  main.o [1]
autoip_arp_announce     0x000052c1    0x28  Code  Lc  lwiplib.o [1]
autoip_arp_probe        0x00005297    0x2a  Code  Lc  lwiplib.o [1]
autoip_arp_reply        0x0000551d    0xc6  Code  Gb  lwiplib.o [1]
autoip_bind             0x000052e9    0x3a  Code  Lc  lwiplib.o [1]
autoip_create_addr      0x00005249    0x4e  Code  Lc  lwiplib.o [1]
autoip_handle_arp_conflict
                        0x00005217    0x32  Code  Lc  lwiplib.o [1]
autoip_init             0x00005215     0x2  Code  Gb  lwiplib.o [1]
autoip_start            0x00005329    0x7c  Code  Gb  lwiplib.o [1]
autoip_start_probing    0x000053a5    0x54  Code  Lc  lwiplib.o [1]
autoip_stop             0x000053f9    0x10  Code  Gb  lwiplib.o [1]
autoip_tmr              0x00005409   0x10a  Code  Gb  lwiplib.o [1]
cPtrs2                  0x200001cc    0x20  Data  Gb  main.o [1]
checkBp                 0x000247ef    0x2e  Code  Gb  warningAlarm.o [1]
checkPulse              0x0002481d    0x1a  Code  Gb  warningAlarm.o [1]
checkTemp               0x000247d1    0x1e  Code  Gb  warningAlarm.o [1]
checkWarnings           0x00024787    0x4a  Code  Gb  warningAlarm.o [1]
close_conn              0x0000a6ad    0x4c  Code  Lc  httpd.o [1]
compute                 0x00025a01    0x94  Code  Gb  computeTask.o [1]
computeFlag             0x2000b360     0x4  Data  Gb  main.o [1]
conn_err                0x0000a681    0x2c  Code  Lc  httpd.o [1]
current_header          0x2000b310     0x4  Data  Gb  lwiplib.o [1]
current_netif           0x2000b30c     0x4  Data  Gb  lwiplib.o [1]
d2                      0x2000b14c    0x20  Data  Gb  main.o [1]
dPtrs2                  0x200001ec    0x24  Data  Gb  main.o [1]
data_404_htm            0x000258b4   0x14c  Data  Lc  lmi_fs.o [1]
data_block_htm          0x0002388c   0x7fc  Data  Lc  lmi_fs.o [1]
data_family_htm         0x0001ef94  0x116c  Data  Lc  lmi_fs.o [1]
data_favicon_ico        0x00024088   0x6c4  Data  Lc  lmi_fs.o [1]
data_images_awards08_jpg
                        0x0001229c  0x2930  Data  Lc  lmi_fs.o [1]
data_images_chips_jpg   0x0001d7f4  0x17a0  Data  Lc  lmi_fs.o [1]
data_images_furyblck_gif
                        0x0000c79c  0x5b00  Data  Lc  lmi_fs.o [1]
data_images_no16bit_jpg
                        0x0001a3b8  0x1a28  Data  Lc  lmi_fs.o [1]
data_images_no8bit_jpg  0x00018980  0x1a38  Data  Lc  lmi_fs.o [1]
data_images_noasm_jpg   0x00016f10  0x1a70  Data  Lc  lmi_fs.o [1]
data_images_nopin_jpg   0x0001bde0  0x1a14  Data  Lc  lmi_fs.o [1]
data_images_ti_logo_gif
                        0x00020eac   0xcec  Data  Lc  lmi_fs.o [1]
data_index_htm          0x00020100   0xdac  Data  Lc  lmi_fs.o [1]
data_io_cgi_ssi         0x00023068   0x824  Data  Lc  lmi_fs.o [1]
data_io_http_htm        0x00014bcc  0x2344  Data  Lc  lmi_fs.o [1]
data_perror_htm         0x0002281c   0x84c  Data  Lc  lmi_fs.o [1]
dequeue_packet          0x00006a55    0x34  Code  Lc  lwiplib.o [1]
dhcp_arp_reply          0x000005c9    0x24  Code  Gb  lwiplib.o [1]
dhcp_bind               0x00000775   0x11a  Code  Lc  lwiplib.o [1]
dhcp_check              0x0000013b    0x36  Code  Lc  lwiplib.o [1]
dhcp_coarse_tmr         0x000002a1    0x46  Code  Gb  lwiplib.o [1]
dhcp_create_request     0x00000df9   0x140  Code  Lc  lwiplib.o [1]
dhcp_create_request::xid
                        0x200000e4     0x4  Data  Lc  lwiplib.o [1]
dhcp_decline            0x000005ed    0x90  Code  Lc  lwiplib.o [1]
dhcp_delete_request     0x00000f39    0x22  Code  Lc  lwiplib.o [1]
dhcp_discover           0x0000067d    0xf8  Code  Lc  lwiplib.o [1]
dhcp_fine_tmr           0x000002e7    0x44  Code  Gb  lwiplib.o [1]
dhcp_free_reply         0x00000cdb    0x2a  Code  Lc  lwiplib.o [1]
dhcp_get_option_byte    0x00001053     0x4  Code  Lc  lwiplib.o [1]
dhcp_get_option_long    0x00001057    0x20  Code  Lc  lwiplib.o [1]
dhcp_get_option_ptr     0x00000f95    0xbe  Code  Lc  lwiplib.o [1]
dhcp_handle_ack         0x00000407    0xfe  Code  Lc  lwiplib.o [1]
dhcp_handle_nak         0x00000101    0x3a  Code  Lc  lwiplib.o [1]
dhcp_handle_offer       0x00000171    0x38  Code  Lc  lwiplib.o [1]
dhcp_option             0x00000ba1    0x26  Code  Lc  lwiplib.o [1]
dhcp_option_byte        0x00000bc7    0x12  Code  Lc  lwiplib.o [1]
dhcp_option_long        0x00000c05    0x52  Code  Lc  lwiplib.o [1]
dhcp_option_short       0x00000bd9    0x2c  Code  Lc  lwiplib.o [1]
dhcp_option_trailer     0x00000f5b    0x3a  Code  Lc  lwiplib.o [1]
dhcp_rebind             0x00000927    0x96  Code  Lc  lwiplib.o [1]
dhcp_reboot             0x000009bd    0xb0  Code  Lc  lwiplib.o [1]
dhcp_recv               0x00000d05    0xf4  Code  Lc  lwiplib.o [1]
dhcp_release            0x00000a6d    0xca  Code  Gb  lwiplib.o [1]
dhcp_renew              0x0000088f    0x98  Code  Gb  lwiplib.o [1]
dhcp_select             0x000001a9    0xf8  Code  Lc  lwiplib.o [1]
dhcp_set_state          0x00000b8f    0x12  Code  Lc  lwiplib.o [1]
dhcp_start              0x00000505    0xc4  Code  Gb  lwiplib.o [1]
dhcp_stop               0x00000b45    0x4a  Code  Gb  lwiplib.o [1]
dhcp_t1_timeout         0x000003cf    0x1c  Code  Lc  lwiplib.o [1]
dhcp_t2_timeout         0x000003eb    0x1c  Code  Lc  lwiplib.o [1]
dhcp_timeout            0x0000032b    0xa4  Code  Lc  lwiplib.o [1]
dhcp_unfold_reply       0x00000c57    0x84  Code  Lc  lwiplib.o [1]
disp                    0x00008a3f    0x48  Code  Gb  displayTask.o [1]
enqueue_packet          0x00006a89    0x4a  Code  Lc  lwiplib.o [1]
etharp_arp_input        0x0000643f   0x1c0  Code  Gb  lwiplib.o [1]
etharp_cached_entry     0x2000b415     0x1  Data  Lc  lwiplib.o [1]
etharp_ip_input         0x00006415    0x2a  Code  Gb  lwiplib.o [1]
etharp_output           0x000065ff    0xc6  Code  Gb  lwiplib.o [1]
etharp_query            0x000066cd   0x1ba  Code  Gb  lwiplib.o [1]
etharp_raw              0x00006891   0x106  Code  Gb  lwiplib.o [1]
etharp_request          0x00006997    0x26  Code  Gb  lwiplib.o [1]
etharp_send_ip          0x000062cd    0x40  Code  Lc  lwiplib.o [1]
etharp_tmr              0x00005f71    0xc8  Code  Gb  lwiplib.o [1]
ethbroadcast            0x0002664c     0x8  Data  Gb  lwiplib.o [1]
ethernet_input          0x000069bd    0x80  Code  Gb  lwiplib.o [1]
ethzero                 0x00026654     0x8  Data  Gb  lwiplib.o [1]
exit                    0x0002606b     0x4  Code  Gb  exit.o [3]
extract_uri_parameters  0x0000a6f9    0x7c  Code  Lc  httpd.o [1]
file_404_htm            0x000263d8    0x10  Data  Gb  lmi_fs.o [1]
file_block_htm          0x000263c8    0x10  Data  Gb  lmi_fs.o [1]
file_family_htm         0x000263b8    0x10  Data  Gb  lmi_fs.o [1]
file_favicon_ico        0x000263a8    0x10  Data  Gb  lmi_fs.o [1]
file_images_awards08_jpg
                        0x00026398    0x10  Data  Gb  lmi_fs.o [1]
file_images_chips_jpg   0x00026388    0x10  Data  Gb  lmi_fs.o [1]
file_images_furyblck_gif
                        0x00026378    0x10  Data  Gb  lmi_fs.o [1]
file_images_no16bit_jpg
                        0x00026368    0x10  Data  Gb  lmi_fs.o [1]
file_images_no8bit_jpg  0x00026358    0x10  Data  Gb  lmi_fs.o [1]
file_images_noasm_jpg   0x00026348    0x10  Data  Gb  lmi_fs.o [1]
file_images_nopin_jpg   0x00026338    0x10  Data  Gb  lmi_fs.o [1]
file_images_ti_logo_gif
                        0x00026328    0x10  Data  Gb  lmi_fs.o [1]
file_index_htm          0x00026318    0x10  Data  Gb  lmi_fs.o [1]
file_io_cgi_ssi         0x00026308    0x10  Data  Gb  lmi_fs.o [1]
file_io_http_htm        0x000262f8    0x10  Data  Gb  lmi_fs.o [1]
file_perror_htm         0x000262e8    0x10  Data  Gb  lmi_fs.o [1]
find_entry              0x00006039   0x294  Code  Lc  lwiplib.o [1]
flags                   0x2000b413     0x1  Data  Lc  lwiplib.o [1]
free_etharp_q           0x00005f53    0x1e  Code  Lc  lwiplib.o [1]
fs_close                0x0000c5a5     0x8  Code  Gb  lmi_fs.o [1]
fs_open                 0x0000c2d5   0x280  Code  Gb  lmi_fs.o [1]
fs_open{13}{14}::count  0x2000b2b8     0x4  Data  Lc  lmi_fs.o [1]
fs_open{13}{14}::pcBuf  0x2000b2b4     0x4  Data  Lc  lmi_fs.o [1]
fs_open{15}{16}::pcBuf  0x2000b2bc     0x4  Data  Lc  lmi_fs.o [1]
fs_open{17}{18}::pcBuf  0x2000b238    0x10  Data  Lc  lmi_fs.o [1]
fs_open{19}{20}::pcBuf  0x2000b248    0x10  Data  Lc  lmi_fs.o [1]
fs_open{2}{3}::pcBuf    0x2000b2b0     0x4  Data  Lc  lmi_fs.o [1]
fs_read                 0x0000c5ad    0x48  Code  Gb  lmi_fs.o [1]
g_bSSIEnabled           0x2000b419     0x1  Data  Lc  rit128x96x4.o [1]
g_cSampleTextBuffer     0x2000b228    0x10  Data  Lc  lmi_fs.o [1]
g_iNumCGIs              0x2000b288     0x4  Data  Gb  httpd.o [1]
g_iNumTags              0x2000b27c     0x4  Data  Gb  httpd.o [1]
g_pCGIs                 0x2000b284     0x4  Data  Gb  httpd.o [1]
g_pcConfigSSITags       0x20000280    0x14  Data  Lc  main.o [1]
g_pcHex                 0x000266b4     0x4  Data  Lc  displayTask.o [1]
g_pcSSIExtensions       0x20000000    0x10  Data  Gb  httpd.o [1]
g_pcTagLeadIn           0x000266f4     0x4  Data  Gb  httpd.o [1]
g_pcTagLeadOut          0x000266f8     0x4  Data  Gb  httpd.o [1]
g_pfnSSIHandler         0x2000b278     0x4  Data  Gb  httpd.o [1]
g_ppcTags               0x2000b280     0x4  Data  Gb  httpd.o [1]
g_psConfigCGIURIs       0x00026498    0x10  Data  Lc  main.o [1]
g_psDefaultFilenames    0x00025f34    0x28  Data  Gb  httpd.o [1]
g_psHTTPHeaderStrings   0x20000010    0x48  Data  Gb  httpd.o [1]
g_psHTTPHeaders         0x20000058    0x88  Data  Gb  httpd.o [1]
g_pucBuffer             0x2000b260     0x8  Data  Lc  rit128x96x4.o [1]
g_pucFont               0x000253d8   0x1e0  Data  Lc  rit128x96x4.o [1]
g_pucLocatorData        0x2000b050    0x54  Data  Lc  locator.o [1]
g_pucRIT128x96x4HorizontalInc
                        0x00008c7a     0x2  Data  Lc  rit128x96x4.o [1]
g_pucRIT128x96x4Init    0x00025ca8    0x50  Data  Lc  rit128x96x4.o [1]
g_pucRIT128x96x4VerticalInc
                        0x0000822a     0x2  Data  Lc  rit128x96x4.o [1]
g_pulDCRegs             0x000264a8    0x10  Data  Lc  sysctl.o [4]
g_pulRCGCRegs           0x000265cc     0xc  Data  Lc  sysctl.o [4]
g_pulSRCRRegs           0x000265c0     0xc  Data  Lc  sysctl.o [4]
g_pulXtals              0x00025b4c    0x5c  Data  Lc  sysctl.o [4]
g_sNetIF                0x2000b0f4    0x38  Data  Lc  lwiplib.o [1]
g_ucSwitchClockA        0x2000b416     0x1  Data  Lc  main.o [1]
g_ucSwitchClockB        0x2000b417     0x1  Data  Lc  main.o [1]
g_ucSwitches            0x2000029c     0x1  Data  Gb  main.o [1]
g_ulARPTimer            0x2000b324     0x4  Data  Lc  lwiplib.o [1]
g_ulAutoIPTimer         0x2000b328     0x4  Data  Lc  lwiplib.o [1]
g_ulDHCPCoarseTimer     0x2000b32c     0x4  Data  Lc  lwiplib.o [1]
g_ulDHCPFineTimer       0x2000b330     0x4  Data  Lc  lwiplib.o [1]
g_ulDutyCycle           0x2000b2ac     0x4  Data  Gb  io.o [1]
g_ulFlagPR              0x2000b350     0x4  Data  Gb  main.o [1]
g_ulFlags               0x2000b354     0x4  Data  Gb  main.o [1]
g_ulFrequency           0x2000b2a8     0x4  Data  Gb  io.o [1]
g_ulGWAddr              0x2000b340     0x4  Data  Lc  lwiplib.o [1]
g_ulHostTimer           0x2000b320     0x4  Data  Lc  lwiplib.o [1]
g_ulIPAddr              0x2000b338     0x4  Data  Lc  lwiplib.o [1]
g_ulIPMode              0x2000b334     0x4  Data  Lc  lwiplib.o [1]
g_ulLocalTimer          0x2000b314     0x4  Data  Lc  lwiplib.o [1]
g_ulMDIXTimer           0x2000b318     0x4  Data  Lc  lwiplib.o [1]
g_ulNetMask             0x2000b33c     0x4  Data  Lc  lwiplib.o [1]
g_ulSystemClock         0x2000b370     0x4  Data  Gb  main.o [1]
g_ulTCPTimer            0x2000b31c     0x4  Data  Lc  lwiplib.o [1]
get_404_file            0x0000b0c1    0x28  Code  Lc  httpd.o [1]
get_http_headers        0x0000a7f3    0xec  Code  Lc  httpd.o [1]
get_tag_insert          0x0000a775    0x7e  Code  Lc  httpd.o [1]
globalCounter           0x2000b344     0x4  Data  Gb  main.o [1]
htonl                   0x000058a3    0x1c  Code  Gb  lwiplib.o [1]
htons                   0x00005889    0x10  Code  Gb  lwiplib.o [1]
http_accept             0x0000b341    0x5c  Code  Lc  httpd.o [1]
http_poll               0x0000b03d    0x52  Code  Lc  httpd.o [1]
http_recv               0x0000b0e9   0x258  Code  Lc  httpd.o [1]
http_sent               0x0000b08f    0x32  Code  Lc  httpd.o [1]
http_set_cgi_handlers   0x0000b3d9     0xa  Code  Gb  httpd.o [1]
http_set_ssi_handler    0x0000b3cb     0xe  Code  Gb  httpd.o [1]
httpd_init              0x0000b3a9    0x22  Code  Gb  httpd.o [1]
icmp_dest_unreach       0x000057f7     0xe  Code  Gb  lwiplib.o [1]
icmp_input              0x000055e3   0x214  Code  Gb  lwiplib.o [1]
icmp_send_response      0x00005805    0x7a  Code  Lc  lwiplib.o [1]
increment               0x00009af9    0x10  Code  Gb  systemTimeBase.o [1]
inet_chksum             0x000059cf     0xe  Code  Gb  lwiplib.o [1]
inet_chksum_pbuf        0x000059dd    0x62  Code  Gb  lwiplib.o [1]
inet_chksum_pseudo      0x0000590f    0xc0  Code  Gb  lwiplib.o [1]
inseg                   0x2000b188    0x14  Data  Lc  lwiplib.o [1]
io_get_pwmdutycycle     0x000086d5     0x6  Code  Gb  io.o [1]
io_get_pwmfreq          0x000086cf     0x6  Code  Gb  io.o [1]
io_get_pwmstate         0x000086a5    0x1a  Code  Gb  io.o [1]
io_get_tempstate        0x00008665    0x2a  Code  Gb  io.o [1]
io_is_led_on            0x0000868f    0x16  Code  Gb  io.o [1]
io_is_pwm_on            0x000086bf    0x10  Code  Gb  io.o [1]
io_pwm_dutycycle        0x00008627    0x3e  Code  Gb  io.o [1]
io_pwm_freq             0x000085e9    0x3e  Code  Gb  io.o [1]
io_set_pwm              0x000085d9    0x10  Code  Gb  io.o [1]
ip_addr_any             0x000266fc     0x4  Data  Gb  lwiplib.o [1]
ip_addr_broadcast       0x00026700     0x4  Data  Gb  lwiplib.o [1]
ip_addr_isbroadcast     0x00005f05    0x4e  Code  Gb  lwiplib.o [1]
ip_input                0x00005aa9   0x2be  Code  Gb  lwiplib.o [1]
ip_output               0x00005ebb    0x46  Code  Gb  lwiplib.o [1]
ip_output_if            0x00005d79   0x142  Code  Gb  lwiplib.o [1]
ip_output_if::ip_id     0x2000b40e     0x2  Data  Lc  lwiplib.o [1]
ip_route                0x00005a3f    0x62  Code  Gb  lwiplib.o [1]
iphdr                   0x2000b2f4     0x4  Data  Lc  lwiplib.o [1]
k1                      0x200001a0     0xc  Data  Gb  main.o [1]
kPtrs                   0x20000254    0x14  Data  Gb  main.o [1]
keypadfunction          0x0002575d   0x158  Code  Gb  keypadTask.o [1]
lfree                   0x2000b2c8     0x4  Data  Lc  lwiplib.o [1]
lwIPEthernetIntHandler  0x0000702f    0x24  Code  Gb  lwiplib.o [1]
lwIPHostTimerHandler    0x00007877    0x82  Code  Gb  main.o [1]
lwIPHostTimerHandler::ulLastIPAddress
                        0x2000b378     0x4  Data  Lc  main.o [1]
lwIPInit                0x00006fdd    0x3a  Code  Gb  lwiplib.o [1]
lwIPLocalGWAddrGet      0x0000705f     0x6  Code  Gb  lwiplib.o [1]
lwIPLocalIPAddrGet      0x00007053     0x6  Code  Gb  lwiplib.o [1]
lwIPLocalNetMaskGet     0x00007059     0x6  Code  Gb  lwiplib.o [1]
lwIPPrivateInit         0x00006f03    0xda  Code  Lc  lwiplib.o [1]
lwIPServiceTimers       0x00006de3   0x120  Code  Lc  lwiplib.o [1]
lwIPTimer               0x00007017    0x18  Code  Gb  lwiplib.o [1]
lwip_init               0x00001077    0x10  Code  Gb  lwiplib.o [1]
lwip_standard_chksum    0x000058c7    0x48  Code  Lc  lwiplib.o [1]
lwip_stats              0x2000ac48    0xec  Data  Gb  lwiplib.o [1]
m2                      0x200000f0    0x94  Data  Gb  main.o [1]
mPtrs2                  0x200001ac    0x20  Data  Gb  main.o [1]
main                    0x00007b51    0xfa  Code  Gb  main.o [1]
mainDisp                0x00008b95    0x30  Code  Gb  displayTask.o [1]
measure                 0x00024f31    0x38  Code  Gb  measureTask.o [1]
measureDiaBPArray       0x0002502b    0x68  Code  Gb  measureTask.o [1]
measurePRArray          0x00025093    0x82  Code  Gb  measureTask.o [1]
measureSysBPArray       0x00024fc7    0x64  Code  Gb  measureTask.o [1]
measureTempArray        0x00024f69    0x5e  Code  Gb  measureTask.o [1]
mem_free                0x00001185    0x72  Code  Gb  lwiplib.o [1]
mem_init                0x0000110b    0x76  Code  Gb  lwiplib.o [1]
mem_malloc              0x00001345   0x194  Code  Gb  lwiplib.o [1]
mem_realloc             0x000011fd   0x148  Code  Gb  lwiplib.o [1]
mem_sem                 0x2000b410     0x1  Data  Lc  lwiplib.o [1]
memchr                  0x0000c731          Code  Gb  memchr.o [7]
memcmp                  0x00007265          Code  Gb  memcmp.o [7]
memp_free               0x00001661    0x4e  Code  Gb  lwiplib.o [1]
memp_init               0x000014dd    0xc4  Code  Gb  lwiplib.o [1]
memp_malloc             0x000015a1    0xc0  Code  Gb  lwiplib.o [1]
memp_memory             0x20009074  0x1bd4  Data  Lc  lwiplib.o [1]
memp_num                0x000263f8    0x10  Data  Lc  lwiplib.o [1]
memp_sizes              0x000263e8    0x10  Data  Lc  lwiplib.o [1]
memp_tab                0x2000b12c    0x20  Data  Lc  lwiplib.o [1]
menuDisp                0x00008bc5    0x44  Code  Gb  displayTask.o [1]
netif_add               0x000016af    0x64  Code  Gb  lwiplib.o [1]
netif_add::netifnum     0x2000b411     0x1  Data  Lc  lwiplib.o [1]
netif_default           0x2000b2d0     0x4  Data  Gb  lwiplib.o [1]
netif_is_up             0x00001821     0xa  Code  Gb  lwiplib.o [1]
netif_list              0x2000b2cc     0x4  Data  Gb  lwiplib.o [1]
netif_set_addr          0x00001713    0x20  Code  Gb  lwiplib.o [1]
netif_set_default       0x000017b9     0x8  Code  Gb  lwiplib.o [1]
netif_set_down          0x0000180b    0x16  Code  Gb  lwiplib.o [1]
netif_set_gw            0x0000179d     0xe  Code  Gb  lwiplib.o [1]
netif_set_ipaddr        0x00001733    0x6a  Code  Gb  lwiplib.o [1]
netif_set_netmask       0x000017ab     0xe  Code  Gb  lwiplib.o [1]
netif_set_up            0x000017e5    0x26  Code  Gb  lwiplib.o [1]
ntohl                   0x000058bf     0x8  Code  Gb  lwiplib.o [1]
ntohs                   0x00005899     0xa  Code  Gb  lwiplib.o [1]
pbuf_alloc              0x0000182b   0x154  Code  Gb  lwiplib.o [1]
pbuf_cat                0x00001b11    0x28  Code  Gb  lwiplib.o [1]
pbuf_chain              0x00001b39    0x12  Code  Gb  lwiplib.o [1]
pbuf_clen               0x00001ae5    0x12  Code  Gb  lwiplib.o [1]
pbuf_copy               0x00001b4b    0xbe  Code  Gb  lwiplib.o [1]
pbuf_copy_partial       0x00001c09    0x96  Code  Gb  lwiplib.o [1]
pbuf_free               0x00001a7b    0x6a  Code  Gb  lwiplib.o [1]
pbuf_header             0x000019e5    0x96  Code  Gb  lwiplib.o [1]
pbuf_realloc            0x0000197f    0x66  Code  Gb  lwiplib.o [1]
pbuf_ref                0x00001af7    0x1a  Code  Gb  lwiplib.o [1]
pcInterruptPriorityRegisters
                        0x00026708     0x4  Data  Lc  port.o [1]
pcWelcomeMessage        0x00026704     0x4  Data  Gb  main.o [1]
plug_holes              0x00001087    0x84  Code  Lc  lwiplib.o [1]
prvAddCurrentTaskToDelayedList
                        0x000097f9    0x7c  Code  Lc  tasks.o [1]
prvAddNewTaskToReadyList
                        0x00008d99    0xc2  Code  Lc  tasks.o [1]
prvCheckForValidListAndQueue
                        0x0000bd9d    0x4c  Code  Lc  timers.o [1]
prvCheckTasksWaitingTermination
                        0x00009593    0x64  Code  Lc  tasks.o [1]
prvCopyDataFromQueue    0x0000a177    0x2a  Code  Lc  queue.o [1]
prvCopyDataToQueue      0x0000a0f1    0x86  Code  Lc  queue.o [1]
prvDeleteTCB            0x000095fd    0x12  Code  Lc  tasks.o [1]
prvGetNextExpireTime    0x0000bba3    0x2c  Code  Lc  timers.o [1]
prvHeapInit             0x0000b88b    0x62  Code  Lc  heap_4.o [1]
prvIdleTask             0x00009531     0x8  Code  Lc  tasks.o [1]
prvInitialiseNewQueue   0x00009be1    0x26  Code  Lc  queue.o [1]
prvInitialiseNewTask    0x00008ce7    0xb2  Code  Lc  tasks.o [1]
prvInitialiseTaskLists  0x00009539    0x5a  Code  Lc  tasks.o [1]
prvInsertBlockIntoFreeList
                        0x0000b8ed    0x58  Code  Lc  heap_4.o [1]
prvInsertTimerInActiveList
                        0x0000bbf9    0x3e  Code  Lc  timers.o [1]
prvIsQueueEmpty         0x0000a227    0x1c  Code  Lc  queue.o [1]
prvIsQueueFull          0x0000a243    0x1e  Code  Lc  queue.o [1]
prvNotifyQueueSetContainer
                        0x0000a2f7    0x6a  Code  Lc  queue.o [1]
prvProcessExpiredTimer  0x0000bac1    0x56  Code  Lc  timers.o [1]
prvProcessReceivedCommands
                        0x0000bc37    0xee  Code  Lc  timers.o [1]
prvProcessTimerOrBlockTask
                        0x0000bb2d    0x76  Code  Lc  timers.o [1]
prvQueueAccessLogError  0x00024bad    0x10  Code  Lc  IntQueue.o [1]
prvRecordValue_NormallyEmpty
                        0x00024b89    0x24  Code  Lc  IntQueue.o [1]
prvRecordValue_NormallyFull
                        0x00024b65    0x24  Code  Lc  IntQueue.o [1]
prvResetNextTaskUnblockTime
                        0x0000960f    0x28  Code  Lc  tasks.o [1]
prvSampleTimeNow        0x0000bbcf    0x2a  Code  Lc  timers.o [1]
prvSampleTimeNow::xLastTime
                        0x2000b3e4     0x4  Data  Lc  timers.o [1]
prvSetupHardware        0x00007c4b   0x1e2  Code  Lc  main.o [1]
prvSwitchTimerLists     0x0000bd25    0x78  Code  Lc  timers.o [1]
prvTaskExitError        0x0000b459    0x24  Code  Lc  port.o [1]
prvTaskIsTaskSuspended  0x00008f75    0x36  Code  Lc  tasks.o [1]
prvTimerTask            0x0000bb19    0x14  Code  Lc  timers.o [1]
prvUnlockQueue          0x0000a1a1    0x86  Code  Lc  queue.o [1]
pucBasicBitmap          0x00021b98   0xc84  Data  Gb  main.o [1]
pulStack                0x2000b41c   0x1e0  Data  Lc  startup_ewarm.o [1]
pulseCount              0x2000b34c     0x4  Data  Gb  main.o [1]
pulseFreq               0x200000ec     0x4  Data  Gb  main.o [1]
pvPortMalloc            0x0000b729    0xf8  Code  Gb  heap_4.o [1]
pvTaskIncrementMutexHeldCount
                        0x000097c1    0x1e  Code  Gb  tasks.o [1]
pxCurrentTCB            0x2000b398     0x4  Data  Gb  tasks.o [1]
pxCurrentTimerList      0x2000b3d4     0x4  Data  Lc  timers.o [1]
pxDelayedTaskList       0x2000b39c     0x4  Data  Lc  tasks.o [1]
pxEnd                   0x2000b268     0x4  Data  Lc  heap_4.o [1]
pxOverflowDelayedTaskList
                        0x2000b3a0     0x4  Data  Lc  tasks.o [1]
pxOverflowTimerList     0x2000b3d8     0x4  Data  Lc  timers.o [1]
pxPortInitialiseStack   0x0000b439    0x20  Code  Gb  port.o [1]
pxReadyTasksLists       0x2000af8c    0x64  Data  Lc  tasks.o [1]
rPtrs                   0x2000026c    0x14  Data  Gb  main.o [1]
ram                     0x2000b2c0     0x4  Data  Lc  lwiplib.o [1]
ram_end                 0x2000b2c4     0x4  Data  Lc  lwiplib.o [1]
ram_heap                0x20006060  0x3014  Data  Lc  lwiplib.o [1]
raw_input               0x00001c9f    0x7a  Code  Gb  lwiplib.o [1]
raw_pcbs                0x2000b2d4     0x4  Data  Lc  lwiplib.o [1]
recv_data               0x2000b300     0x4  Data  Lc  lwiplib.o [1]
recv_flags              0x2000b414     0x1  Data  Lc  lwiplib.o [1]
remoteCommunications    0x00007ead    0xa2  Code  Gb  main.o [1]
s1                      0x2000029a     0x2  Data  Gb  main.o [1]
sPtrs                   0x20000268     0x4  Data  Gb  main.o [1]
sec_hand                0x2000b408     0x4  Data  Lc  xfail_s.o [3]
send_data               0x0000a8e5   0x758  Code  Lc  httpd.o [1]
seqno                   0x2000b2f8     0x4  Data  Lc  lwiplib.o [1]
serialFlag              0x2000b364     0x4  Data  Gb  main.o [1]
sprintf                 0x0000a4b9    0x40  Code  Gb  sprintf.o [3]
stat                    0x00026141    0x1c  Code  Gb  statusTask.o [1]
stellarisif_data        0x2000aff0    0x60  Data  Lc  lwiplib.o [1]
stellarisif_hwinit      0x00006ad3    0x74  Code  Lc  lwiplib.o [1]
stellarisif_init        0x00006d11    0x4e  Code  Gb  lwiplib.o [1]
stellarisif_interrupt   0x00006d5f    0x84  Code  Gb  lwiplib.o [1]
stellarisif_output      0x00006c05    0x5a  Code  Lc  lwiplib.o [1]
stellarisif_receive     0x00006c65    0xa8  Code  Lc  lwiplib.o [1]
stellarisif_transmit    0x00006b47    0xb8  Code  Lc  lwiplib.o [1]
strchr                  0x0000c5f5          Code  Gb  strchr.o [7]
strcmp                  0x0000b5e5          Code  Gb  strcmp.o [7]
strlen                  0x00008c45          Code  Gb  strlen.o [7]
strncmp                 0x0000c63b    0x28  Code  Gb  strncmp.o [3]
strncpy                 0x0000b6b9          Code  Gb  strncpy.o [7]
strstr                  0x0000c60b    0x30  Code  Gb  strstr.o [3]
sys_arch_protect        0x00006a41     0x8  Code  Gb  lwiplib.o [1]
sys_arch_unprotect      0x00006a49     0xc  Code  Gb  lwiplib.o [1]
tcp_abandon             0x00001e61    0xbe  Code  Gb  lwiplib.o [1]
tcp_accept              0x00002799     0x4  Code  Gb  lwiplib.o [1]
tcp_accept_null         0x0000203d     0x6  Code  Lc  lwiplib.o [1]
tcp_active_pcbs         0x2000b2e4     0x4  Data  Gb  lwiplib.o [1]
tcp_alloc               0x00002685    0xe8  Code  Gb  lwiplib.o [1]
tcp_arg                 0x00002783     0x4  Code  Gb  lwiplib.o [1]
tcp_backoff             0x00026408    0x10  Data  Gb  lwiplib.o [1]
tcp_bind                0x00001f29   0x110  Code  Gb  lwiplib.o [1]
tcp_bound_pcbs          0x2000b2dc     0x4  Data  Gb  lwiplib.o [1]
tcp_close               0x00001d3d   0x114  Code  Gb  lwiplib.o [1]
tcp_eff_send_mss        0x0000289d    0x2c  Code  Gb  lwiplib.o [1]
tcp_enqueue             0x000041e3   0x48c  Code  Gb  lwiplib.o [1]
tcp_err                 0x00002793     0x6  Code  Gb  lwiplib.o [1]
tcp_fasttmr             0x000024ef    0x74  Code  Gb  lwiplib.o [1]
tcp_input               0x000028d9   0x59e  Code  Gb  lwiplib.o [1]
tcp_input_pcb           0x2000b304     0x4  Data  Gb  lwiplib.o [1]
tcp_keepalive           0x00004ba3    0x6a  Code  Gb  lwiplib.o [1]
tcp_kill_prio           0x000025f1    0x54  Code  Lc  lwiplib.o [1]
tcp_kill_timewait       0x00002645    0x38  Code  Lc  lwiplib.o [1]
tcp_listen_input        0x00002e85   0x146  Code  Lc  lwiplib.o [1]
tcp_listen_pcbs         0x2000b2e0     0x4  Data  Gb  lwiplib.o [1]
tcp_listen_with_backlog
                        0x00002043    0xce  Code  Gb  lwiplib.o [1]
tcp_new                 0x00002779     0xa  Code  Gb  lwiplib.o [1]
tcp_new_port            0x00002199    0x80  Code  Lc  lwiplib.o [1]
tcp_new_port::port      0x20000298     0x2  Data  Lc  lwiplib.o [1]
tcp_next_iss            0x0000287d    0x1c  Code  Gb  lwiplib.o [1]
tcp_next_iss::iss       0x200000e8     0x4  Data  Lc  lwiplib.o [1]
tcp_oos_insert_segment  0x000035c5    0xa0  Code  Lc  lwiplib.o [1]
tcp_output              0x000046ed   0x1ee  Code  Gb  lwiplib.o [1]
tcp_output_segment      0x000048db    0xe8  Code  Lc  lwiplib.o [1]
tcp_output_set_header   0x00004119    0x76  Code  Lc  lwiplib.o [1]
tcp_parseopt            0x00004049    0xba  Code  Lc  lwiplib.o [1]
tcp_pcb_purge           0x000027a7    0x52  Code  Gb  lwiplib.o [1]
tcp_pcb_remove          0x000027f9    0x84  Code  Gb  lwiplib.o [1]
tcp_persist_backoff     0x00026644     0x8  Data  Gb  lwiplib.o [1]
tcp_poll                0x0000279d     0xa  Code  Gb  lwiplib.o [1]
tcp_process             0x00003099   0x528  Code  Lc  lwiplib.o [1]
tcp_receive             0x00003699   0x9aa  Code  Lc  lwiplib.o [1]
tcp_recv                0x00002787     0x6  Code  Gb  lwiplib.o [1]
tcp_recv_null           0x000025cb    0x26  Code  Gb  lwiplib.o [1]
tcp_recved              0x0000215f    0x3a  Code  Gb  lwiplib.o [1]
tcp_rexmit              0x00004ae1    0x4c  Code  Gb  lwiplib.o [1]
tcp_rexmit_fast         0x00004b2d    0x76  Code  Gb  lwiplib.o [1]
tcp_rexmit_rto          0x00004aad    0x34  Code  Gb  lwiplib.o [1]
tcp_rst                 0x000049cd    0xe0  Code  Gb  lwiplib.o [1]
tcp_seg_copy            0x000025a3    0x28  Code  Gb  lwiplib.o [1]
tcp_seg_free            0x0000257d    0x26  Code  Gb  lwiplib.o [1]
tcp_segs_free           0x00002563    0x1a  Code  Gb  lwiplib.o [1]
tcp_send_ctrl           0x0000418f    0x18  Code  Gb  lwiplib.o [1]
tcp_send_empty_ack      0x00004679    0x74  Code  Gb  lwiplib.o [1]
tcp_sent                0x0000278d     0x6  Code  Gb  lwiplib.o [1]
tcp_slowtmr             0x00002219   0x2d6  Code  Gb  lwiplib.o [1]
tcp_ticks               0x2000b2d8     0x4  Data  Gb  lwiplib.o [1]
tcp_timer               0x2000b412     0x1  Data  Lc  lwiplib.o [1]
tcp_timewait_input      0x00002fd5    0xa6  Code  Lc  lwiplib.o [1]
tcp_tmp_pcb             0x2000b2ec     0x4  Data  Gb  lwiplib.o [1]
tcp_tmr                 0x00001d19    0x24  Code  Gb  lwiplib.o [1]
tcp_tw_pcbs             0x2000b2e8     0x4  Data  Gb  lwiplib.o [1]
tcp_update_rcv_ann_wnd  0x00002119    0x46  Code  Gb  lwiplib.o [1]
tcp_write               0x000041a7    0x3c  Code  Gb  lwiplib.o [1]
tcp_zero_window_probe   0x00004c0d    0xc2  Code  Gb  lwiplib.o [1]
tcphdr                  0x2000b2f0     0x4  Data  Lc  lwiplib.o [1]
tcplen                  0x2000b40c     0x2  Data  Lc  lwiplib.o [1]
ucHeap                  0x200002a0  0x5dc0  Data  Lc  heap_4.o [1]
ucMaxSysCallPriority    0x2000b418     0x1  Data  Lc  port.o [1]
ucNormallyEmptyReceivedValues
                        0x2000ad34    0xc8  Data  Lc  IntQueue.o [1]
ucNormallyFullReceivedValues
                        0x2000adfc    0xc8  Data  Lc  IntQueue.o [1]
udp_bind                0x000050cb    0x80  Code  Gb  lwiplib.o [1]
udp_connect             0x0000514b    0x60  Code  Gb  lwiplib.o [1]
udp_input               0x00004ccf   0x29c  Code  Gb  lwiplib.o [1]
udp_new                 0x000051f5    0x20  Code  Gb  lwiplib.o [1]
udp_pcbs                0x2000b308     0x4  Data  Gb  lwiplib.o [1]
udp_recv                0x000051ab     0x6  Code  Gb  lwiplib.o [1]
udp_remove              0x000051b1    0x44  Code  Gb  lwiplib.o [1]
udp_sendto              0x00004f71    0x3e  Code  Gb  lwiplib.o [1]
udp_sendto_if           0x00004faf   0x11c  Code  Gb  lwiplib.o [1]
ulGPIOBase              0x2000b38c     0x4  Data  Gb  rit128x96x4.o [1]
ulGPIOId                0x2000b388     0x4  Data  Gb  rit128x96x4.o [1]
ulMaxJitter             0x2000b3e8     0x4  Data  Gb  timertest.o [1]
ulMaxPRIGROUPValue      0x2000b384     0x4  Data  Lc  port.o [1]
ulOLEDDC_PIN            0x2000b390     0x4  Data  Gb  rit128x96x4.o [1]
ulOLEDEN_PIN            0x2000b394     0x4  Data  Gb  rit128x96x4.o [1]
update_arp_entry        0x0000630d   0x108  Code  Lc  lwiplib.o [1]
usnprintf               0x0000897b     0xe  Code  Gb  displayTask.o [1]
usprintf                0x00008965    0x16  Code  Gb  displayTask.o [1]
ustrtoul                0x00008989    0xb6  Code  Gb  displayTask.o [1]
uvsnprintf              0x000086f9   0x26c  Code  Gb  displayTask.o [1]
uxCriticalNesting       0x20000294     0x4  Data  Lc  port.o [1]
uxCurrentNumberOfTasks  0x2000b3a8     0x4  Data  Lc  tasks.o [1]
uxDeletedTasksWaitingCleanUp
                        0x2000b3a4     0x4  Data  Lc  tasks.o [1]
uxListRemove            0x0000b9db    0x26  Code  Gb  list.o [1]
uxPendedTicks           0x2000b3b8     0x4  Data  Lc  tasks.o [1]
uxSchedulerSuspended    0x2000b3d0     0x4  Data  Lc  tasks.o [1]
uxTaskNumber            0x2000b3c4     0x4  Data  Lc  tasks.o [1]
uxTopReadyPriority      0x2000b3b0     0x4  Data  Lc  tasks.o [1]
uxValueForNormallyEmptyQueue
                        0x2000b298     0x4  Data  Lc  IntQueue.o [1]
uxValueForNormallyFullQueue
                        0x2000b29c     0x4  Data  Lc  IntQueue.o [1]
vApplicationStackOverflowHook
                        0x000080b1     0x2  Code  Gb  main.o [1]
vApplicationTickHook    0x00007e2d    0x20  Code  Gb  main.o [1]
vApplicationTickHook::ulTicksSinceLastDisplay
                        0x2000b380     0x4  Data  Lc  main.o [1]
vAssertCalled           0x000080b3    0x18  Code  Gb  main.o [1]
vListInitialise         0x0000b969    0x1e  Code  Gb  list.o [1]
vListInitialiseItem     0x0000b987     0x6  Code  Gb  list.o [1]
vListInsert             0x0000b9a5    0x36  Code  Gb  list.o [1]
vListInsertEnd          0x0000b98d    0x18  Code  Gb  list.o [1]
vOLEDTask               0x00007e4d    0x60  Code  Lc  main.o [1]
vOLEDTask::cMessage     0x2000b16c    0x1c  Data  Lc  main.o [1]
vPortEnterCritical      0x0000b503    0x36  Code  Gb  port.o [1]
vPortExitCritical       0x0000b539    0x2e  Code  Gb  port.o [1]
vPortFree               0x0000b821    0x6a  Code  Gb  heap_4.o [1]
vPortSVCHandler         0x0000c6ab          Code  Gb  portasm.o [1]
vPortStartFirstTask     0x0000c6cb          Code  Gb  portasm.o [1]
vPortValidateInterruptPriority
                        0x0000b569    0x40  Code  Gb  port.o [1]
vQueueAddToRegistry     0x0000a283    0x24  Code  Gb  queue.o [1]
vQueueWaitForMessageRestricted
                        0x0000a2ad    0x4a  Code  Gb  queue.o [1]
vT2InterruptHandler     0x00025c01    0x24  Code  Gb  IntQueueTimer.o [1]
vT3InterruptHandler     0x00025c25    0x24  Code  Gb  IntQueueTimer.o [1]
vTaskDelay              0x00008e5b    0x48  Code  Gb  tasks.o [1]
vTaskMissedYield        0x00009521     0xa  Code  Gb  tasks.o [1]
vTaskPlaceOnEventList   0x0000936d    0x2e  Code  Gb  tasks.o [1]
vTaskPlaceOnEventListRestricted
                        0x000093a5    0x38  Code  Gb  tasks.o [1]
vTaskPriorityInherit    0x00009657    0xac  Code  Gb  tasks.o [1]
vTaskResume             0x00008fab    0x84  Code  Gb  tasks.o [1]
vTaskSetTimeOutState    0x00009471    0x26  Code  Gb  tasks.o [1]
vTaskStartScheduler     0x0000902f    0x6a  Code  Gb  tasks.o [1]
vTaskSuspend            0x00008ea3    0xd2  Code  Gb  tasks.o [1]
vTaskSuspendAll         0x00009099    0x10  Code  Gb  tasks.o [1]
vTaskSwitchContext      0x000092c5    0x9c  Code  Gb  tasks.o [1]
w1                      0x20000184    0x1c  Data  Gb  main.o [1]
wPtrs2                  0x20000210    0x44  Data  Gb  main.o [1]
xActiveTimerList1       0x2000b200    0x14  Data  Lc  timers.o [1]
xActiveTimerList2       0x2000b214    0x14  Data  Lc  timers.o [1]
xBlockAllocatedBit      0x2000b274     0x4  Data  Lc  heap_4.o [1]
xComputeHandle          0x2000b368     0x4  Data  Gb  main.o [1]
xDelayedTaskList1       0x2000b19c    0x14  Data  Lc  tasks.o [1]
xDelayedTaskList2       0x2000b1b0    0x14  Data  Lc  tasks.o [1]
xDisplayHandle          0x2000b36c     0x4  Data  Gb  main.o [1]
xErrorLine              0x2000b294     0x4  Data  Lc  IntQueue.o [1]
xErrorStatus            0x200000e0     0x4  Data  Lc  IntQueue.o [1]
xFirstTimerHandler      0x00024bbd   0x16a  Code  Gb  IntQueue.o [1]
xFirstTimerHandler::uxNextOperation
                        0x2000b2a0     0x4  Data  Lc  IntQueue.o [1]
xFreeBytesRemaining     0x2000b26c     0x4  Data  Lc  heap_4.o [1]
xHeapStructSize         0x000266b8     0x4  Data  Lc  heap_4.o [1]
xIdleTaskHandle         0x2000b3cc     0x4  Data  Lc  tasks.o [1]
xMinimumEverFreeBytesRemaining
                        0x2000b270     0x4  Data  Lc  heap_4.o [1]
xNextTaskUnblockTime    0x2000b3c8     0x4  Data  Lc  tasks.o [1]
xNormallyEmptyQueue     0x2000b28c     0x4  Data  Lc  IntQueue.o [1]
xNormallyFullQueue      0x2000b290     0x4  Data  Lc  IntQueue.o [1]
xNumOfOverflows         0x2000b3c0     0x4  Data  Lc  tasks.o [1]
xOLEDQueue              0x2000b37c     0x4  Data  Gb  main.o [1]
xPendingReadyList       0x2000b1c4    0x14  Data  Lc  tasks.o [1]
xPortPendSVHandler      0x0000c665          Code  Gb  portasm.o [1]
xPortStartScheduler     0x0000b47d    0x86  Code  Gb  port.o [1]
xQueueGenericCreate     0x00009b9b    0x46  Code  Gb  queue.o [1]
xQueueGenericReceive    0x00009e9d   0x1b0  Code  Gb  queue.o [1]
xQueueGenericReset      0x00009b09    0x92  Code  Gb  queue.o [1]
xQueueGenericSend       0x00009c07   0x1ae  Code  Gb  queue.o [1]
xQueueGenericSendFromISR
                        0x00009db5    0xe8  Code  Gb  queue.o [1]
xQueueIsQueueFullFromISR
                        0x0000a261    0x22  Code  Gb  queue.o [1]
xQueueReceiveFromISR    0x0000a04d    0xa4  Code  Gb  queue.o [1]
xQueueRegistry          0x2000b0a4    0x50  Data  Gb  queue.o [1]
xSchedulerRunning       0x2000b3b4     0x4  Data  Lc  tasks.o [1]
xSecondTimerHandler     0x00024d27   0x1e2  Code  Gb  IntQueue.o [1]
xSecondTimerHandler::uxNextOperation
                        0x2000b2a4     0x4  Data  Lc  IntQueue.o [1]
xStart                  0x2000b258     0x8  Data  Lc  heap_4.o [1]
xSuspendedTaskList      0x2000b1ec    0x14  Data  Lc  tasks.o [1]
xTaskCheckForTimeOut    0x000094a1    0x7a  Code  Gb  tasks.o [1]
xTaskCreate             0x00008c7d    0x6a  Code  Gb  tasks.o [1]
xTaskGetSchedulerState  0x00009637    0x20  Code  Gb  tasks.o [1]
xTaskGetTickCount       0x0000919d     0x8  Code  Gb  tasks.o [1]
xTaskIncrementTick      0x000091a5   0x11a  Code  Gb  tasks.o [1]
xTaskPriorityDisinherit
                        0x00009703    0xae  Code  Gb  tasks.o [1]
xTaskRemoveFromEventList
                        0x000093e5    0x7e  Code  Gb  tasks.o [1]
xTaskResumeAll          0x000090a9    0xf4  Code  Gb  tasks.o [1]
xTasksWaitingTermination
                        0x2000b1d8    0x14  Data  Lc  tasks.o [1]
xTickCount              0x2000b3ac     0x4  Data  Lc  tasks.o [1]
xTimerCreateTimerTask   0x0000ba01    0x42  Code  Gb  timers.o [1]
xTimerGenericCommand    0x0000ba43    0x7e  Code  Gb  timers.o [1]
xTimerQueue             0x2000b3dc     0x4  Data  Lc  timers.o [1]
xTimerTaskHandle        0x2000b3e0     0x4  Data  Lc  timers.o [1]
xYieldPending           0x2000b3bc     0x4  Data  Lc  tasks.o [1]


[1] = C:\Users\RJYou\OneDrive\Desktop\FreeRTOSv9.0.0\FreeRTOS\Demo\Final_Project\Debug\Obj
[2] = command line
[3] = dl7M_tln.a
[4] = driverlib.a
[5] = grlib.a
[6] = m7M_tl.a
[7] = rt7M_tl.a

   55 246 bytes of readonly  code memory
  102 560 bytes of readonly  data memory
   46 583 bytes of readwrite data memory

Errors: none
Warnings: 1
