###############################################################################
#
# IAR ELF Linker V8.20.1.14183/W32 for ARM                24/Nov/2017  10:57:16
# Copyright 2007-2017 IAR Systems AB.
#
#    Output file  =  
#        C:\Users\RJYou\OneDrive\Desktop\FreeRTOSv9.0.0\FreeRTOS\Demo\Final_Project\Debug\Exe\RTOSDemo.out
#    Map file     =  
#        C:\Users\RJYou\OneDrive\Desktop\FreeRTOSv9.0.0\FreeRTOS\Demo\Final_Project\Debug\List\RTOSDemo.map
#    Command line =  
#        -f C:\Users\RJYou\AppData\Local\Temp\EW5DF1.tmp
#        (C:\Users\RJYou\OneDrive\Desktop\FreeRTOSv9.0.0\FreeRTOS\Demo\Final_Project\Debug\Obj\BlockQ.o
#        C:\Users\RJYou\OneDrive\Desktop\FreeRTOSv9.0.0\FreeRTOS\Demo\Final_Project\Debug\Obj\blocktim.o
#        C:\Users\RJYou\OneDrive\Desktop\FreeRTOSv9.0.0\FreeRTOS\Demo\Final_Project\Debug\Obj\bool.o
#        C:\Users\RJYou\OneDrive\Desktop\FreeRTOSv9.0.0\FreeRTOS\Demo\Final_Project\Debug\Obj\computeTask.o
#        C:\Users\RJYou\OneDrive\Desktop\FreeRTOSv9.0.0\FreeRTOS\Demo\Final_Project\Debug\Obj\croutine.o
#        C:\Users\RJYou\OneDrive\Desktop\FreeRTOSv9.0.0\FreeRTOS\Demo\Final_Project\Debug\Obj\dataPtrs.o
#        C:\Users\RJYou\OneDrive\Desktop\FreeRTOSv9.0.0\FreeRTOS\Demo\Final_Project\Debug\Obj\dataStructs.o
#        C:\Users\RJYou\OneDrive\Desktop\FreeRTOSv9.0.0\FreeRTOS\Demo\Final_Project\Debug\Obj\death.o
#        C:\Users\RJYou\OneDrive\Desktop\FreeRTOSv9.0.0\FreeRTOS\Demo\Final_Project\Debug\Obj\displayTask.o
#        C:\Users\RJYou\OneDrive\Desktop\FreeRTOSv9.0.0\FreeRTOS\Demo\Common\drivers\LuminaryMicro\IAR\driverlib.a
#        C:\Users\RJYou\OneDrive\Desktop\FreeRTOSv9.0.0\FreeRTOS\Demo\Final_Project\Debug\Obj\emac.o
#        C:\Users\RJYou\OneDrive\Desktop\FreeRTOSv9.0.0\FreeRTOS\Demo\Final_Project\Debug\Obj\event_groups.o
#        C:\Users\RJYou\OneDrive\Desktop\FreeRTOSv9.0.0\FreeRTOS\Demo\Final_Project\Debug\Obj\EventGroupsDemo.o
#        C:\Users\RJYou\OneDrive\Desktop\FreeRTOSv9.0.0\FreeRTOS\Demo\Final_Project\Debug\Obj\flash.o
#        C:\Users\RJYou\OneDrive\Desktop\FreeRTOSv9.0.0\FreeRTOS\Demo\Final_Project\Debug\Obj\formike128x128x16.o
#        C:\Users\RJYou\OneDrive\Desktop\FreeRTOSv9.0.0\FreeRTOS\Demo\Final_Project\Debug\Obj\GenQTest.o
#        C:\Users\RJYou\OneDrive\Desktop\FreeRTOSv9.0.0\FreeRTOS\Demo\Common\drivers\LuminaryMicro\IAR\grlib.a
#        C:\Users\RJYou\OneDrive\Desktop\FreeRTOSv9.0.0\FreeRTOS\Demo\Final_Project\Debug\Obj\heap_4.o
#        C:\Users\RJYou\OneDrive\Desktop\FreeRTOSv9.0.0\FreeRTOS\Demo\Final_Project\Debug\Obj\http-strings.o
#        C:\Users\RJYou\OneDrive\Desktop\FreeRTOSv9.0.0\FreeRTOS\Demo\Final_Project\Debug\Obj\httpd-cgi.o
#        C:\Users\RJYou\OneDrive\Desktop\FreeRTOSv9.0.0\FreeRTOS\Demo\Final_Project\Debug\Obj\httpd-fs.o
#        C:\Users\RJYou\OneDrive\Desktop\FreeRTOSv9.0.0\FreeRTOS\Demo\Final_Project\Debug\Obj\httpd.o
#        C:\Users\RJYou\OneDrive\Desktop\FreeRTOSv9.0.0\FreeRTOS\Demo\Final_Project\Debug\Obj\integer.o
#        C:\Users\RJYou\OneDrive\Desktop\FreeRTOSv9.0.0\FreeRTOS\Demo\Final_Project\Debug\Obj\IntQueue.o
#        C:\Users\RJYou\OneDrive\Desktop\FreeRTOSv9.0.0\FreeRTOS\Demo\Final_Project\Debug\Obj\IntQueueTimer.o
#        C:\Users\RJYou\OneDrive\Desktop\FreeRTOSv9.0.0\FreeRTOS\Demo\Final_Project\Debug\Obj\keypadTask.o
#        C:\Users\RJYou\OneDrive\Desktop\FreeRTOSv9.0.0\FreeRTOS\Demo\Final_Project\Debug\Obj\list.o
#        C:\Users\RJYou\OneDrive\Desktop\FreeRTOSv9.0.0\FreeRTOS\Demo\Final_Project\Debug\Obj\main.o
#        C:\Users\RJYou\OneDrive\Desktop\FreeRTOSv9.0.0\FreeRTOS\Demo\Final_Project\Debug\Obj\measureTask.o
#        C:\Users\RJYou\OneDrive\Desktop\FreeRTOSv9.0.0\FreeRTOS\Demo\Final_Project\Debug\Obj\osram128x64x4.o
#        C:\Users\RJYou\OneDrive\Desktop\FreeRTOSv9.0.0\FreeRTOS\Demo\Final_Project\Debug\Obj\ParTest.o
#        C:\Users\RJYou\OneDrive\Desktop\FreeRTOSv9.0.0\FreeRTOS\Demo\Final_Project\Debug\Obj\PollQ.o
#        C:\Users\RJYou\OneDrive\Desktop\FreeRTOSv9.0.0\FreeRTOS\Demo\Final_Project\Debug\Obj\port.o
#        C:\Users\RJYou\OneDrive\Desktop\FreeRTOSv9.0.0\FreeRTOS\Demo\Final_Project\Debug\Obj\portasm.o
#        C:\Users\RJYou\OneDrive\Desktop\FreeRTOSv9.0.0\FreeRTOS\Demo\Final_Project\Debug\Obj\psock.o
#        C:\Users\RJYou\OneDrive\Desktop\FreeRTOSv9.0.0\FreeRTOS\Demo\Final_Project\Debug\Obj\QPeek.o
#        C:\Users\RJYou\OneDrive\Desktop\FreeRTOSv9.0.0\FreeRTOS\Demo\Final_Project\Debug\Obj\queue.o
#        C:\Users\RJYou\OneDrive\Desktop\FreeRTOSv9.0.0\FreeRTOS\Demo\Final_Project\Debug\Obj\QueueSet.o
#        C:\Users\RJYou\OneDrive\Desktop\FreeRTOSv9.0.0\FreeRTOS\Demo\Final_Project\Debug\Obj\recmutex.o
#        C:\Users\RJYou\OneDrive\Desktop\FreeRTOSv9.0.0\FreeRTOS\Demo\Final_Project\Debug\Obj\rit128x96x4.o
#        C:\Users\RJYou\OneDrive\Desktop\FreeRTOSv9.0.0\FreeRTOS\Demo\Final_Project\Debug\Obj\semtest.o
#        C:\Users\RJYou\OneDrive\Desktop\FreeRTOSv9.0.0\FreeRTOS\Demo\Final_Project\Debug\Obj\serialComTask.o
#        C:\Users\RJYou\OneDrive\Desktop\FreeRTOSv9.0.0\FreeRTOS\Demo\Final_Project\Debug\Obj\startup_ewarm.o
#        C:\Users\RJYou\OneDrive\Desktop\FreeRTOSv9.0.0\FreeRTOS\Demo\Final_Project\Debug\Obj\statusTask.o
#        C:\Users\RJYou\OneDrive\Desktop\FreeRTOSv9.0.0\FreeRTOS\Demo\Final_Project\Debug\Obj\systemTimeBase.o
#        C:\Users\RJYou\OneDrive\Desktop\FreeRTOSv9.0.0\FreeRTOS\Demo\Final_Project\Debug\Obj\tasks.o
#        C:\Users\RJYou\OneDrive\Desktop\FreeRTOSv9.0.0\FreeRTOS\Demo\Final_Project\Debug\Obj\timer.o
#        C:\Users\RJYou\OneDrive\Desktop\FreeRTOSv9.0.0\FreeRTOS\Demo\Final_Project\Debug\Obj\timers.o
#        C:\Users\RJYou\OneDrive\Desktop\FreeRTOSv9.0.0\FreeRTOS\Demo\Final_Project\Debug\Obj\timertest.o
#        C:\Users\RJYou\OneDrive\Desktop\FreeRTOSv9.0.0\FreeRTOS\Demo\Final_Project\Debug\Obj\uip.o
#        C:\Users\RJYou\OneDrive\Desktop\FreeRTOSv9.0.0\FreeRTOS\Demo\Final_Project\Debug\Obj\uip_arp.o
#        C:\Users\RJYou\OneDrive\Desktop\FreeRTOSv9.0.0\FreeRTOS\Demo\Final_Project\Debug\Obj\uIP_Task.o
#        C:\Users\RJYou\OneDrive\Desktop\FreeRTOSv9.0.0\FreeRTOS\Demo\Final_Project\Debug\Obj\warningAlarm.o
#        --redirect _Printf=_PrintfSmallNoMb --redirect _Scanf=_ScanfSmallNoMb
#        -o
#        C:\Users\RJYou\OneDrive\Desktop\FreeRTOSv9.0.0\FreeRTOS\Demo\Final_Project\Debug\Exe\RTOSDemo.out
#        --map
#        C:\Users\RJYou\OneDrive\Desktop\FreeRTOSv9.0.0\FreeRTOS\Demo\Final_Project\Debug\List\RTOSDemo.map
#        --config
#        C:\Users\RJYou\OneDrive\Desktop\FreeRTOSv9.0.0\FreeRTOS\Demo\Final_Project\LM3Sxxxx.icf
#        C:\Users\RJYou\OneDrive\Desktop\FreeRTOSv9.0.0\FreeRTOS\Demo\Final_Project\..\Common\drivers\LuminaryMicro\IAR\driverlib.a
#        C:\Users\RJYou\OneDrive\Desktop\FreeRTOSv9.0.0\FreeRTOS\Demo\Final_Project\..\Common\drivers\LuminaryMicro\IAR\grlib.a
#        --entry __iar_program_start --vfe --text_out locale)
#
###############################################################################

*******************************************************************************
*** MESSAGES
***

Warning[Lt010]: Inconsistent enum container size
            BlockQ.o and 30 other objects uses smallest possible
            flash.o(driverlib.a) use word size


*******************************************************************************
*** RUNTIME MODEL ATTRIBUTES
***

CppFlavor       = *
__SystemLibrary = DLib
__dlib_version  = 6


*******************************************************************************
*** HEAP SELECTION
***

The basic heap was selected because no calls to memory allocation
functions were found in the application outside of system library
functions, and there are calls to deallocation functions in the
application.


*******************************************************************************
*** PLACEMENT SUMMARY
***

"A0":  place at start of [from 0x00000000 to 0x0003ffff] { ro section .intvec };
"P1":  place in [from 0x00000000 to 0x0003ffff] { ro };
define block HEAP with size = 0M, alignment = 8 { };
"P2":  place in [from 0x20000000 to 0x2000ffff] { rw, block HEAP };
do not initialize { section .noinit };
initialize by copy { rw };

  Section            Kind        Address    Size  Object
  -------            ----        -------    ----  ------
"A0":                                      0x100
  .intvec            const    0x00000000   0x100  startup_ewarm.o [1]
                            - 0x00000100   0x100

"P1":                                     0xa6ef
  .text              ro code  0x00000100  0x1538  uip.o [1]
  .text              ro code  0x00001638   0x71c  httpd.o [1]
  .text              ro code  0x00001d54    0xa6  ABImemcpy.o [7]
  .text              ro code  0x00001dfa    0x7a  lz77_init_single.o [7]
  .text              ro code  0x00001e74   0x2d6  psock.o [1]
  .text              ro code  0x0000214a    0x1a  xsnprout.o [3]
  .text              ro code  0x00002164    0x16  strchr.o [7]
  .text              ro code  0x0000217a     0xa  xsprout.o [3]
  .text              ro code  0x00002184    0xac  httpd-fs.o [1]
  .text              ro code  0x00002230   0x364  httpd-cgi.o [1]
  .text              ro code  0x00002594    0x36  strlen.o [7]
  .text              ro code  0x000025ca    0x18  strrchr.o [3]
  .text              ro code  0x000025e2    0x28  strncmp.o [3]
  .text              ro code  0x0000260a     0x6  startup_ewarm.o [1]
  .text              ro code  0x00002610    0x4c  strcpy.o [7]
  .text              ro code  0x0000265c    0x70  strncpy.o [7]
  .text              ro code  0x000026cc   0x2c0  uIP_Task.o [1]
  .text              ro code  0x0000298c    0x44  snprintf.o [3]
  .text              ro code  0x000029d0    0x40  sprintf.o [3]
  .text              ro code  0x00002a10   0xf48  tasks.o [1]
  .text              ro code  0x00003958    0x20  strcat.o [3]
  .text              ro code  0x00003978    0x44  ParTest.o [1]
  .text              ro code  0x000039bc    0x66  ABImemset.o [7]
  .rodata            const    0x00003a22     0x2  rit128x96x4.o [1]
  .text              ro code  0x00003a24   0x2d4  sysctl.o [4]
  .text              ro code  0x00003cf8   0x928  queue.o [1]
  .text              ro code  0x00004620    0x34  timer.o [1]
  .text              ro code  0x00004654   0x278  emac.o [1]
  .text              ro code  0x000048cc   0x544  uip_arp.o [1]
  .text              ro code  0x00004e10    0x38  flash.o [4]
  .text              ro code  0x00004e48    0xe4  ethernet.o [4]
  .text              ro code  0x00004f2c    0x30  strstr.o [3]
  .text              ro code  0x00004f5c   0x4c0  xprintfsmall_nomb.o [3]
  .text              ro code  0x0000541c   0x240  heap_4.o [1]
  .text              ro code  0x0000565c   0x5fa  main.o [1]
  .text              ro code  0x00005c56    0x98  list.o [1]
  .rodata            const    0x00005cee     0x2  rit128x96x4.o [1]
  .text              ro code  0x00005cf0   0x1ac  port.o [1]
  .text              ro code  0x00005e9c   0x414  timers.o [1]
  .text              ro code  0x000062b0   0x158  gpio.o [4]
  .text              ro code  0x00006408    0xa4  interrupt.o [4]
  .text              ro code  0x000064ac    0x44  xfail_s.o [3]
  .text              ro code  0x000064f0    0x58  memchr.o [7]
  .text              ro code  0x00006548    0x8c  pwm.o [4]
  .text              ro code  0x000065d4    0x58  timer.o [4]
  .text              ro code  0x0000662c    0x10  systemTimeBase.o [1]
  .text              ro code  0x0000663c    0x28  systick.o [4]
  .text              ro code  0x00006664    0x70  uart.o [4]
  .text              ro code  0x000066d4   0x1d4  warningAlarm.o [1]
  CODE               ro code  0x000068a8    0x88  portasm.o [1]
  CODE               ro code  0x00006930    0x14  cpu.o [4]
  .text              ro code  0x00006944     0x6  abort.o [3]
  .text              ro code  0x0000694c     0xc  XXexit.o [7]
  .rodata            const    0x00006958   0xc84  main.o [1]
  .rodata            const    0x000075dc   0x560  httpd-fs.o [1]
  .text              ro code  0x00007b3c   0x488  displayTask.o [1]
  .text              ro code  0x00007fc4   0x3ac  rit128x96x4.o [1]
  .text              ro code  0x00008370    0x88  ssi.o [4]
  .text              ro code  0x000083f8   0x3cc  IntQueue.o [1]
  .rodata            const    0x000087c4   0x338  httpd-fs.o [1]
  .rodata            const    0x00008afc   0x32c  httpd-fs.o [1]
  .rodata            const    0x00008e28   0x2cc  httpd-fs.o [1]
  .text              ro code  0x000090f4   0x1ec  measureTask.o [1]
  .rodata            const    0x000092e0   0x1e0  rit128x96x4.o [1]
  .rodata            const    0x000094c0   0x1c4  httpd-fs.o [1]
  .text              ro code  0x00009684   0x1a2  DblMul.o [6]
  .text              ro code  0x00009828   0x178  DblAdd.o [6]
  .text              ro code  0x000099a0    0xd2  DblSub.o [6]
  .text              ro code  0x00009a74   0x158  keypadTask.o [1]
  .rodata            const    0x00009bcc    0xb4  httpd-fs.o [1]
  .text              ro code  0x00009c80    0x94  computeTask.o [1]
  .text              ro code  0x00009d14    0x1a  U32ToDbl.o [6]
  .text              ro code  0x00009d30    0x3a  DblToS32.o [6]
  .rodata            const    0x00009d6c    0x78  httpd-cgi.o [1]
  .rodata            const    0x00009de4    0x60  httpd-cgi.o [1]
  .rodata            const    0x00009e44    0x5c  heap_4.o [1]
  .rodata            const    0x00009ea0    0x5c  http-strings.o [1]
  .rodata            const    0x00009efc    0x5c  port.o [1]
  .rodata            const    0x00009f58    0x5c  sysctl.o [4]
  .text              ro code  0x00009fb4    0x58  IntQueueTimer.o [1]
  .rodata            const    0x0000a00c    0x54  http-strings.o [1]
  .rodata            const    0x0000a060    0x50  rit128x96x4.o [1]
  .rodata            const    0x0000a0b0    0x48  queue.o [1]
  .rodata            const    0x0000a0f8    0x48  tasks.o [1]
  .rodata            const    0x0000a140    0x48  timers.o [1]
  .rodata            const    0x0000a188    0x40  interrupt.o [4]
  .text              ro code  0x0000a1c8    0x40  zero_init3.o [7]
  .rodata            const    0x0000a208    0x2c  http-strings.o [1]
  .text              ro code  0x0000a234    0x28  data_init.o [7]
  .iar.init_table    const    0x0000a25c    0x20  - Linker created -
  .rodata            const    0x0000a27c    0x20  http-strings.o [1]
  .rodata            const    0x0000a29c    0x20  http-strings.o [1]
  .text              ro code  0x0000a2bc    0x1e  cmain.o [7]
  .text              ro code  0x0000a2da     0x4  low_level_init.o [3]
  .text              ro code  0x0000a2de     0x4  exit.o [3]
  .text              ro code  0x0000a2e4     0xa  cexit.o [7]
  .rodata            const    0x0000a2f0    0x1c  http-strings.o [1]
  .rodata            const    0x0000a30c    0x1c  http-strings.o [1]
  .rodata            const    0x0000a328    0x1c  http-strings.o [1]
  .rodata            const    0x0000a344    0x1c  http-strings.o [1]
  .rodata            const    0x0000a360    0x1c  httpd-cgi.o [1]
  .text              ro code  0x0000a37c    0x1c  statusTask.o [1]
  .rodata            const    0x0000a398    0x14  displayTask.o [1]
  .rodata            const    0x0000a3ac    0x14  displayTask.o [1]
  .rodata            const    0x0000a3c0    0x14  displayTask.o [1]
  .rodata            const    0x0000a3d4    0x14  displayTask.o [1]
  .rodata            const    0x0000a3e8    0x14  displayTask.o [1]
  .rodata            const    0x0000a3fc    0x14  httpd-fs.o [1]
  .rodata            const    0x0000a410    0x14  httpd-fs.o [1]
  .rodata            const    0x0000a424    0x14  httpd-fs.o [1]
  .rodata            const    0x0000a438    0x14  httpd-fs.o [1]
  .rodata            const    0x0000a44c    0x14  httpd-fs.o [1]
  .rodata            const    0x0000a460    0x14  httpd-fs.o [1]
  .rodata            const    0x0000a474    0x14  main.o [1]
  .rodata            const    0x0000a488    0x10  displayTask.o [1]
  .rodata            const    0x0000a498    0x10  httpd-cgi.o [1]
  .rodata            const    0x0000a4a8    0x10  main.o [1]
  .rodata            const    0x0000a4b8    0x10  main.o [1]
  .rodata            const    0x0000a4c8    0x10  main.o [1]
  .rodata            const    0x0000a4d8    0x10  main.o [1]
  .rodata            const    0x0000a4e8    0x10  tasks.o [1]
  .rodata            const    0x0000a4f8    0x10  sysctl.o [4]
  .rodata            const    0x0000a508     0xc  displayTask.o [1]
  .rodata            const    0x0000a514     0xc  displayTask.o [1]
  .rodata            const    0x0000a520     0xc  displayTask.o [1]
  .rodata            const    0x0000a52c     0xc  displayTask.o [1]
  .rodata            const    0x0000a538     0xc  displayTask.o [1]
  .rodata            const    0x0000a544     0xc  displayTask.o [1]
  .rodata            const    0x0000a550     0xc  http-strings.o [1]
  .rodata            const    0x0000a55c     0xc  http-strings.o [1]
  .rodata            const    0x0000a568     0xc  http-strings.o [1]
  .rodata            const    0x0000a574     0xc  httpd-cgi.o [1]
  .rodata            const    0x0000a580     0xc  httpd-cgi.o [1]
  .rodata            const    0x0000a58c     0xc  httpd-cgi.o [1]
  .rodata            const    0x0000a598     0xc  httpd-cgi.o [1]
  .rodata            const    0x0000a5a4     0xc  httpd-cgi.o [1]
  .rodata            const    0x0000a5b0     0xc  httpd-cgi.o [1]
  .rodata            const    0x0000a5bc     0xc  httpd-cgi.o [1]
  .rodata            const    0x0000a5c8     0xc  httpd-cgi.o [1]
  .rodata            const    0x0000a5d4     0xc  httpd-cgi.o [1]
  .rodata            const    0x0000a5e0     0xc  httpd-cgi.o [1]
  .rodata            const    0x0000a5ec     0xc  main.o [1]
  .rodata            const    0x0000a5f8     0xc  main.o [1]
  .rodata            const    0x0000a604     0xc  main.o [1]
  .rodata            const    0x0000a610     0xc  sysctl.o [4]
  .rodata            const    0x0000a61c     0xc  sysctl.o [4]
  .text              ro code  0x0000a628     0xc  cstartup_M.o [7]
  .rodata            const    0x0000a634     0x8  displayTask.o [1]
  .rodata            const    0x0000a63c     0x8  displayTask.o [1]
  .rodata            const    0x0000a644     0x8  http-strings.o [1]
  .rodata            const    0x0000a64c     0x8  http-strings.o [1]
  .rodata            const    0x0000a654     0x8  http-strings.o [1]
  .rodata            const    0x0000a65c     0x8  http-strings.o [1]
  .rodata            const    0x0000a664     0x8  http-strings.o [1]
  .rodata            const    0x0000a66c     0x8  http-strings.o [1]
  .rodata            const    0x0000a674     0x8  http-strings.o [1]
  .rodata            const    0x0000a67c     0x8  httpd-cgi.o [1]
  .rodata            const    0x0000a684     0x8  httpd-cgi.o [1]
  .rodata            const    0x0000a68c     0x8  httpd-cgi.o [1]
  .rodata            const    0x0000a694     0x8  httpd-cgi.o [1]
  .rodata            const    0x0000a69c     0x8  httpd-cgi.o [1]
  .rodata            const    0x0000a6a4     0x8  httpd-cgi.o [1]
  .rodata            const    0x0000a6ac     0x8  httpd-cgi.o [1]
  .rodata            const    0x0000a6b4     0x8  httpd-cgi.o [1]
  .rodata            const    0x0000a6bc     0x8  httpd-cgi.o [1]
  .rodata            const    0x0000a6c4     0x8  httpd-cgi.o [1]
  .rodata            const    0x0000a6cc     0x8  main.o [1]
  .rodata            const    0x0000a6d4     0x8  tasks.o [1]
  .rodata            const    0x0000a6dc     0x8  timers.o [1]
  .rodata            const    0x0000a6e4     0x8  timers.o [1]
  .rodata            const    0x0000a6ec     0x8  uip_arp.o [1]
  .rodata            const    0x0000a6f4     0x8  uIP_Task.o [1]
  .rodata            const    0x0000a6fc     0x8  uIP_Task.o [1]
  .rodata            const    0x0000a704     0x4  displayTask.o [1]
  .rodata            const    0x0000a708     0x4  heap_4.o [1]
  .rodata            const    0x0000a70c     0x4  main.o [1]
  .rodata            const    0x0000a710     0x4  port.o [1]
  .rodata            const    0x0000a714     0x4  rit128x96x4.o [1]
  .rodata            const    0x0000a718     0x4  rit128x96x4.o [1]
  .rodata            const    0x0000a71c     0x4  uip.o [1]
  .rodata            const    0x0000a720     0x4  uip.o [1]
  .rodata            const    0x0000a724     0x4  uip_arp.o [1]
  .rodata            const    0x0000a728     0x0  zero_init3.o [7]
  .rodata            const    0x0000a728     0x0  lz77_init_single.o [7]
  Initializer bytes  const    0x0000a728    0xc7  <for P2-1>
                            - 0x0000a7ef  0xa6ef

"P2", part 1 of 3:                         0x1c7
  P2-1                        0x20000000   0x1c7  <Init block>
    .data            inited   0x20000000    0x18  httpd-cgi.o [1]
    .data            inited   0x20000018    0x24  httpd-cgi.o [1]
    .data            inited   0x2000003c     0x4  IntQueue.o [1]
    .data            inited   0x20000040     0x4  main.o [1]
    .data            inited   0x20000044    0x94  main.o [1]
    .data            inited   0x200000d8    0x1c  main.o [1]
    .data            inited   0x200000f4     0xc  main.o [1]
    .data            inited   0x20000100    0x20  main.o [1]
    .data            inited   0x20000120    0x20  main.o [1]
    .data            inited   0x20000140    0x24  main.o [1]
    .data            inited   0x20000164    0x44  main.o [1]
    .data            inited   0x200001a8    0x14  main.o [1]
    .data            inited   0x200001bc     0x4  main.o [1]
    .data            inited   0x200001c0     0x4  port.o [1]
    .data            inited   0x200001c4     0x2  main.o [1]
    .data            inited   0x200001c6     0x1  main.o [1]
                            - 0x200001c7   0x1c7

"P2", part 2 of 3:                        0xa040
  .bss               zero     0x200001c8  0x5dc0  heap_4.o [1]
  .bss               zero     0x20005f88  0x1fe0  uip.o [1]
  .bss               zero     0x20007f68  0x1d10  emac.o [1]
  .bss               zero     0x20009c78    0xc8  IntQueue.o [1]
  .bss               zero     0x20009d40    0xc8  IntQueue.o [1]
  .bss               zero     0x20009e08    0x64  tasks.o [1]
  .bss               zero     0x20009e6c    0x60  uip_arp.o [1]
  .bss               zero     0x20009ecc    0x50  queue.o [1]
  .bss               zero     0x20009f1c    0x50  uip.o [1]
  .bss               zero     0x20009f6c    0x2c  uip.o [1]
  .bss               zero     0x20009f98    0x20  httpd-cgi.o [1]
  .bss               zero     0x20009fb8    0x20  main.o [1]
  .bss               zero     0x20009fd8    0x20  uIP_Task.o [1]
  .bss               zero     0x20009ff8    0x1c  main.o [1]
  .bss               zero     0x2000a014    0x14  emac.o [1]
  .bss               zero     0x2000a028    0x14  tasks.o [1]
  .bss               zero     0x2000a03c    0x14  tasks.o [1]
  .bss               zero     0x2000a050    0x14  tasks.o [1]
  .bss               zero     0x2000a064    0x14  tasks.o [1]
  .bss               zero     0x2000a078    0x14  tasks.o [1]
  .bss               zero     0x2000a08c    0x14  timers.o [1]
  .bss               zero     0x2000a0a0    0x14  timers.o [1]
  .bss               zero     0x2000a0b4     0xc  httpd-fs.o [1]
  .bss               zero     0x2000a0c0     0x8  heap_4.o [1]
  .bss               zero     0x2000a0c8     0x8  rit128x96x4.o [1]
  .bss               zero     0x2000a0d0     0x8  uip.o [1]
  .bss               zero     0x2000a0d8     0x4  emac.o [1]
  .bss               zero     0x2000a0dc     0x4  emac.o [1]
  .bss               zero     0x2000a0e0     0x4  emac.o [1]
  .bss               zero     0x2000a0e4     0x4  emac.o [1]
  .bss               zero     0x2000a0e8     0x4  emac.o [1]
  .bss               zero     0x2000a0ec     0x4  emac.o [1]
  .bss               zero     0x2000a0f0     0x4  heap_4.o [1]
  .bss               zero     0x2000a0f4     0x4  heap_4.o [1]
  .bss               zero     0x2000a0f8     0x4  heap_4.o [1]
  .bss               zero     0x2000a0fc     0x4  heap_4.o [1]
  .bss               zero     0x2000a100     0x4  httpd-cgi.o [1]
  .bss               zero     0x2000a104     0x4  httpd-cgi.o [1]
  .bss               zero     0x2000a108     0x4  IntQueue.o [1]
  .bss               zero     0x2000a10c     0x4  IntQueue.o [1]
  .bss               zero     0x2000a110     0x4  IntQueue.o [1]
  .bss               zero     0x2000a114     0x4  IntQueue.o [1]
  .bss               zero     0x2000a118     0x4  IntQueue.o [1]
  .bss               zero     0x2000a11c     0x4  IntQueue.o [1]
  .bss               zero     0x2000a120     0x4  IntQueue.o [1]
  .bss               zero     0x2000a124     0x4  main.o [1]
  .bss               zero     0x2000a128     0x4  main.o [1]
  .bss               zero     0x2000a12c     0x4  main.o [1]
  .bss               zero     0x2000a130     0x4  main.o [1]
  .bss               zero     0x2000a134     0x4  main.o [1]
  .bss               zero     0x2000a138     0x4  main.o [1]
  .bss               zero     0x2000a13c     0x4  main.o [1]
  .bss               zero     0x2000a140     0x4  main.o [1]
  .bss               zero     0x2000a144     0x4  main.o [1]
  .bss               zero     0x2000a148     0x4  main.o [1]
  .bss               zero     0x2000a14c     0x4  main.o [1]
  .bss               zero     0x2000a150     0x4  main.o [1]
  .bss               zero     0x2000a154     0x4  main.o [1]
  .bss               zero     0x2000a158     0x4  main.o [1]
  .bss               zero     0x2000a15c     0x4  port.o [1]
  .bss               zero     0x2000a160     0x4  rit128x96x4.o [1]
  .bss               zero     0x2000a164     0x4  rit128x96x4.o [1]
  .bss               zero     0x2000a168     0x4  rit128x96x4.o [1]
  .bss               zero     0x2000a16c     0x4  rit128x96x4.o [1]
  .bss               zero     0x2000a170     0x4  tasks.o [1]
  .bss               zero     0x2000a174     0x4  tasks.o [1]
  .bss               zero     0x2000a178     0x4  tasks.o [1]
  .bss               zero     0x2000a17c     0x4  tasks.o [1]
  .bss               zero     0x2000a180     0x4  tasks.o [1]
  .bss               zero     0x2000a184     0x4  tasks.o [1]
  .bss               zero     0x2000a188     0x4  tasks.o [1]
  .bss               zero     0x2000a18c     0x4  tasks.o [1]
  .bss               zero     0x2000a190     0x4  tasks.o [1]
  .bss               zero     0x2000a194     0x4  tasks.o [1]
  .bss               zero     0x2000a198     0x4  tasks.o [1]
  .bss               zero     0x2000a19c     0x4  tasks.o [1]
  .bss               zero     0x2000a1a0     0x4  tasks.o [1]
  .bss               zero     0x2000a1a4     0x4  tasks.o [1]
  .bss               zero     0x2000a1a8     0x4  tasks.o [1]
  .bss               zero     0x2000a1ac     0x4  timers.o [1]
  .bss               zero     0x2000a1b0     0x4  timers.o [1]
  .bss               zero     0x2000a1b4     0x4  timers.o [1]
  .bss               zero     0x2000a1b8     0x4  timers.o [1]
  .bss               zero     0x2000a1bc     0x4  timers.o [1]
  .bss               zero     0x2000a1c0     0x4  timertest.o [1]
  .bss               zero     0x2000a1c4     0x4  uip.o [1]
  .bss               zero     0x2000a1c8     0x4  uip.o [1]
  .bss               zero     0x2000a1cc     0x4  uip.o [1]
  .bss               zero     0x2000a1d0     0x4  uip.o [1]
  .bss               zero     0x2000a1d4     0x4  uip.o [1]
  .bss               zero     0x2000a1d8     0x4  uip.o [1]
  .bss               zero     0x2000a1dc     0x4  uip.o [1]
  .bss               zero     0x2000a1e0     0x4  uip.o [1]
  .bss               zero     0x2000a1e4     0x4  uip_arp.o [1]
  .bss               zero     0x2000a1e8     0x4  warningAlarm.o [1]
  .bss               zero     0x2000a1ec     0x4  xfail_s.o [3]
  .bss               zero     0x2000a1f0     0x2  uip.o [1]
  .bss               zero     0x2000a1f2     0x2  uip.o [1]
  .bss               zero     0x2000a1f4     0x2  uip.o [1]
  .bss               zero     0x2000a1f6     0x2  uip.o [1]
  .bss               zero     0x2000a1f8     0x2  uip.o [1]
  .bss               zero     0x2000a1fa     0x1  main.o [1]
  .bss               zero     0x2000a1fb     0x1  main.o [1]
  .bss               zero     0x2000a1fc     0x1  port.o [1]
  .bss               zero     0x2000a1fd     0x1  rit128x96x4.o [1]
  .bss               zero     0x2000a1fe     0x1  uip.o [1]
  .bss               zero     0x2000a1ff     0x1  uip.o [1]
  .bss               zero     0x2000a200     0x1  uip.o [1]
  .bss               zero     0x2000a201     0x1  uip_arp.o [1]
  .bss               zero     0x2000a202     0x1  uip_arp.o [1]
  .bss               zero     0x2000a203     0x1  uip_arp.o [1]
  .bss               zero     0x2000a204     0x1  uip_arp.o [1]
                            - 0x2000a205  0xa03d

"P2", part 3 of 3:                         0x1e0
  .noinit            uninit   0x2000a208   0x1e0  startup_ewarm.o [1]
                            - 0x2000a3e8   0x1e0


*******************************************************************************
*** INIT TABLE
***

          Address     Size
          -------     ----
Zero (__iar_zero_init3)
    1 destination range, total size 0xa03d:
          0x200001c8  0xa03d

Copy/lz77 (__iar_lz77_init_single3)
    1 source range, total size 0xc7 (43% of destination):
          0x0000a728    0xc7
    1 destination range, total size 0x1c7:
          0x20000000   0x1c7



*******************************************************************************
*** MODULE SUMMARY
***

    Module               ro code  ro data  rw data
    ------               -------  -------  -------
C:\Users\RJYou\OneDrive\Desktop\FreeRTOSv9.0.0\FreeRTOS\Demo\Final_Project\Debug\Obj: [1]
    IntQueue.o               972        1      432
    IntQueueTimer.o           88
    ParTest.o                 68
    computeTask.o            148
    displayTask.o          1 160      208
    emac.o                   632             7 484
    heap_4.o                 576       96   24 024
    http-strings.o                    488
    httpd-cgi.o              868      486      100
    httpd-fs.o               172    4 480       12
    httpd.o                1 820
    keypadTask.o             344
    list.o                   152
    main.o                 1 530    3 506      505
    measureTask.o            492
    port.o                   428       98        9
    portasm.o                136
    psock.o                  726
    queue.o                2 344       72       80
    rit128x96x4.o            940      572       25
    startup_ewarm.o            6      256      480
    statusTask.o              28
    systemTimeBase.o          16
    tasks.o                3 912       96      260
    timer.o                   52
    timers.o               1 044       88       60
    timertest.o                                  4
    uIP_Task.o               704       16       32
    uip.o                  5 432        8    8 337
    uip_arp.o              1 348       12      104
    warningAlarm.o           468                 4
    ----------------------------------------------
    Total:                26 606   10 483   41 952

command line: [2]
    ----------------------------------------------
    Total:

dl7M_tln.a: [3]
    abort.o                    6
    exit.o                     4
    low_level_init.o           4
    snprintf.o                68
    sprintf.o                 64
    strcat.o                  32
    strncmp.o                 40
    strrchr.o                 24
    strstr.o                  48
    xfail_s.o                 68                 4
    xprintfsmall_nomb.o    1 216
    xsnprout.o                26
    xsprout.o                 10
    ----------------------------------------------
    Total:                 1 610                 4

driverlib.a: [4]
    cpu.o                     20
    ethernet.o               228
    flash.o                   56
    gpio.o                   344
    interrupt.o              164       64
    pwm.o                    140
    ssi.o                    136
    sysctl.o                 724      132
    systick.o                 40
    timer.o                   88
    uart.o                   112
    ----------------------------------------------
    Total:                 2 052      196

grlib.a: [5]
    ----------------------------------------------
    Total:

m7M_tl.a: [6]
    DblAdd.o                 376
    DblMul.o                 418
    DblSub.o                 210
    DblToS32.o                58
    U32ToDbl.o                26
    ----------------------------------------------
    Total:                 1 088

rt7M_tl.a: [7]
    ABImemcpy.o              166
    ABImemset.o              102
    XXexit.o                  12
    cexit.o                   10
    cmain.o                   30
    cstartup_M.o              12
    data_init.o               40
    lz77_init_single.o       122
    memchr.o                  88
    strchr.o                  22
    strcpy.o                  76
    strlen.o                  54
    strncpy.o                112
    zero_init3.o              64
    ----------------------------------------------
    Total:                   910

    Gaps                      10        4
    Linker created                     32
--------------------------------------------------
    Grand Total:          32 276   10 715   41 956


*******************************************************************************
*** ENTRY LIST
***

Entry                      Address    Size  Type      Object
-----                      -------    ----  ----      ------
.iar.init_table$$Base   0x0000a25c           --   Gb  - Linker created -
.iar.init_table$$Limit  0x0000a27c           --   Gb  - Linker created -
?main                   0x0000a2bd          Code  Gb  cmain.o [7]
CPUcpsid                0x00006931          Code  Gb  cpu.o [4]
CPUcpsie                0x00006939          Code  Gb  cpu.o [4]
CPUwfi                  0x00006941          Code  Gb  cpu.o [4]
EthernetConfigSet       0x00004e5d    0x38  Code  Gb  ethernet.o [4]
EthernetEnable          0x00004ecd    0x28  Code  Gb  ethernet.o [4]
EthernetInitExpClk      0x00004e49    0x14  Code  Gb  ethernet.o [4]
EthernetIntClear        0x00004f29     0x4  Code  Gb  ethernet.o [4]
EthernetIntDisable      0x00004f0d     0xa  Code  Gb  ethernet.o [4]
EthernetIntEnable       0x00004f01     0xa  Code  Gb  ethernet.o [4]
EthernetIntStatus       0x00004f19     0xe  Code  Gb  ethernet.o [4]
EthernetMACAddrSet      0x00004e95    0x36  Code  Gb  ethernet.o [4]
EthernetSpaceAvail      0x00004ef5     0xc  Code  Gb  ethernet.o [4]
FaultISR                0x0000260d     0x2  Code  Lc  startup_ewarm.o [1]
FlashUserGet            0x00004e11    0x2c  Code  Gb  flash.o [4]
GPIODirModeSet          0x000062b1    0x1e  Code  Gb  gpio.o [4]
GPIOPadConfigSet        0x000062e5    0xac  Code  Gb  gpio.o [4]
GPIOPinRead             0x00006391     0x6  Code  Gb  gpio.o [4]
GPIOPinTypeGPIOInput    0x000063b9    0x10  Code  Gb  gpio.o [4]
GPIOPinTypeGPIOOutput   0x000063c9    0x10  Code  Gb  gpio.o [4]
GPIOPinTypePWM          0x000063d9    0x10  Code  Gb  gpio.o [4]
GPIOPinTypeSSI          0x000063e9    0x10  Code  Gb  gpio.o [4]
GPIOPinTypeUART         0x000063f9    0x10  Code  Gb  gpio.o [4]
GPIOPinWrite            0x00006399     0x6  Code  Gb  gpio.o [4]
IntDefaultHandler       0x0000260f     0x2  Code  Lc  startup_ewarm.o [1]
IntEnable               0x00006445    0x60  Code  Gb  interrupt.o [4]
IntMasterDisable        0x00006415     0xa  Code  Gb  interrupt.o [4]
IntMasterEnable         0x00006409     0xa  Code  Gb  interrupt.o [4]
IntPrioritySet          0x00006421    0x20  Code  Gb  interrupt.o [4]
LoadInt                 0x0000516b    0x56  Code  Lc  xprintfsmall_nomb.o [3]
NmiSR                   0x0000260b     0x2  Code  Lc  startup_ewarm.o [1]
PWMGenConfigure         0x00006549    0x30  Code  Gb  pwm.o [4]
PWMGenDisable           0x00006591     0x6  Code  Gb  pwm.o [4]
PWMGenPeriodSet         0x00006579    0x18  Code  Gb  pwm.o [4]
PWMOutputState          0x000065c1    0x14  Code  Gb  pwm.o [4]
PWMPulseWidthSet        0x00006599    0x1e  Code  Gb  pwm.o [4]
RIT128x96x4Clear        0x00008053    0x50  Code  Gb  rit128x96x4.o [1]
RIT128x96x4Clear::pucCommand1
                        0x0000a714     0x4  Data  Lc  rit128x96x4.o [1]
RIT128x96x4Clear::pucCommand2
                        0x0000a718     0x4  Data  Lc  rit128x96x4.o [1]
RIT128x96x4Enable       0x000081f1    0x52  Code  Gb  rit128x96x4.o [1]
RIT128x96x4ImageDraw    0x00008189    0x68  Code  Gb  rit128x96x4.o [1]
RIT128x96x4Init         0x00008243    0xe6  Code  Gb  rit128x96x4.o [1]
RIT128x96x4StringDraw   0x000080a3    0xe6  Code  Gb  rit128x96x4.o [1]
RITWriteCommand         0x00007fc5    0x44  Code  Lc  rit128x96x4.o [1]
RITWriteData            0x00008009    0x4a  Code  Lc  rit128x96x4.o [1]
Region$$Table$$Base     0x0000a25c           --   Gb  - Linker created -
Region$$Table$$Limit    0x0000a27c           --   Gb  - Linker created -
SSIConfigSetExpClk      0x00008371    0x42  Code  Gb  ssi.o [4]
SSIDataGet              0x000083d9     0xc  Code  Gb  ssi.o [4]
SSIDataGetNonBlocking   0x000083e5    0x12  Code  Gb  ssi.o [4]
SSIDataPut              0x000083cd     0xa  Code  Gb  ssi.o [4]
SSIDisable              0x000083c1     0xc  Code  Gb  ssi.o [4]
SSIEnable               0x000083b5     0xc  Code  Gb  ssi.o [4]
SysCtlClockGet          0x00003bc9   0x130  Code  Gb  sysctl.o [4]
SysCtlClockSet          0x00003ab9   0x108  Code  Gb  sysctl.o [4]
SysCtlDelay             0x00003ab1     0x8  Code  Gb  sysctl.o [4]
SysCtlLDOSet            0x00003aa5     0x6  Code  Gb  sysctl.o [4]
SysCtlPeripheralEnable  0x00003a81    0x12  Code  Gb  sysctl.o [4]
SysCtlPeripheralPresent
                        0x00003a25    0x24  Code  Gb  sysctl.o [4]
SysCtlPeripheralReset   0x00003a49    0x38  Code  Gb  sysctl.o [4]
SysTickEnable           0x0000663d     0xc  Code  Gb  systick.o [4]
SysTickIntEnable        0x00006649     0xc  Code  Gb  systick.o [4]
SysTickIntHandler       0x0000565d   0x17c  Code  Gb  main.o [1]
SysTickPeriodSet        0x00006659     0x8  Code  Gb  systick.o [4]
Timer0IntHandler        0x000057d9    0x1a  Code  Gb  main.o [1]
Timer1IntHandler        0x000057f3    0x9a  Code  Gb  main.o [1]
TimerConfigure          0x000065e9    0x24  Code  Gb  timer.o [4]
TimerEnable             0x000065d5     0xe  Code  Gb  timer.o [4]
TimerIntClear           0x00006629     0x4  Code  Gb  timer.o [4]
TimerIntEnable          0x0000661d     0xa  Code  Gb  timer.o [4]
TimerLoadSet            0x0000660d    0x10  Code  Gb  timer.o [4]
UARTConfigSetExpClk     0x00006665    0x30  Code  Gb  uart.o [4]
UARTDisable             0x000066b1    0x24  Code  Gb  uart.o [4]
UARTEnable              0x00006695    0x1c  Code  Gb  uart.o [4]
_LitobSmallNoMb         0x000052fd    0xce  Code  Lc  xprintfsmall_nomb.o [3]
_PrintfSmallNoMb        0x00004f5d   0x204  Code  Gb  xprintfsmall_nomb.o [3]
_PutcharsSmallNoMb      0x000053cb    0x2e  Code  Lc  xprintfsmall_nomb.o [3]
_PutfldSmallNoMb        0x000051c1   0x13c  Code  Lc  xprintfsmall_nomb.o [3]
_SNProut                0x0000214b    0x1a  Code  Gb  xsnprout.o [3]
_SProut                 0x0000217b     0xa  Code  Gb  xsprout.o [3]
__aeabi_d2iz            0x00009d31          Code  Gb  DblToS32.o [6]
__aeabi_dadd            0x00009829          Code  Gb  DblAdd.o [6]
__aeabi_dmul            0x00009685          Code  Gb  DblMul.o [6]
__aeabi_memcpy          0x00001d55          Code  Gb  ABImemcpy.o [7]
__aeabi_memcpy4         0x00001d75          Code  Gb  ABImemcpy.o [7]
__aeabi_memcpy8         0x00001d75          Code  Gb  ABImemcpy.o [7]
__aeabi_memset          0x000039bd          Code  Gb  ABImemset.o [7]
__aeabi_ui2d            0x00009d15          Code  Gb  U32ToDbl.o [6]
__cmain                 0x0000a2bd          Code  Gb  cmain.o [7]
__exit                  0x0000694d          Code  Gb  XXexit.o [7]
__iar_Fail_s            0x000064ad    0x1e  Code  Gb  xfail_s.o [3]
__iar_Memchr            0x000064f1          Code  Gb  memchr.o [7]
__iar_Memset            0x000039bd          Code  Gb  ABImemset.o [7]
__iar_Memset_word       0x000039c5          Code  Gb  ABImemset.o [7]
__iar_Strchr            0x00002165          Code  Gb  strchr.o [7]
__iar_dadd              0x000099a1          Code  Gb  DblSub.o [6]
__iar_data_init3        0x0000a235    0x28  Code  Gb  data_init.o [7]
__iar_dsub              0x00009839          Code  Gb  DblAdd.o [6]
__iar_dsubStart         0x0000984b          Code  Gb  DblAdd.o [6]
__iar_lz77_init_single3
                        0x00001dfb    0x7a  Code  Gb  lz77_init_single.o [7]
__iar_program_start     0x0000a629          Code  Gb  cstartup_M.o [7]
__iar_systems$$module {Abs}
                        0x00000001          Data  Gb  command line/config [2]
__iar_zero_init3        0x0000a1c9    0x40  Code  Gb  zero_init3.o [7]
__low_level_init        0x0000a2db     0x4  Code  Gb  low_level_init.o [3]
__vector_table          0x00000000   0x100  Data  Gb  startup_ewarm.o [1]
_call_main              0x0000a2c9          Code  Gb  cmain.o [7]
_exit                   0x0000a2e5          Code  Gb  cexit.o [7]
_main                   0x0000a2d7          Code  Gb  cmain.o [7]
a1                      0x2000a150     0x4  Data  Gb  main.o [1]
abort                   0x00006945     0x6  Code  Gb  abort.o [3]
alarm                   0x000066d5    0x38  Code  Gb  warningAlarm.o [1]
all_ones_addr           0x0000a71c     0x4  Data  Lc  uip.o [1]
all_zeroes_addr         0x0000a720     0x4  Data  Lc  uip.o [1]
annunciate              0x000067bd    0xbe  Code  Gb  warningAlarm.o [1]
annunciate::led         0x2000a1e8     0x4  Data  Lc  warningAlarm.o [1]
annunciateDisp          0x00007e07   0x10e  Code  Gb  displayTask.o [1]
arp_table               0x20009e6c    0x60  Data  Lc  uip_arp.o [1]
arptime                 0x2000a203     0x1  Data  Lc  uip_arp.o [1]
auralCounter            0x2000a128     0x4  Data  Gb  main.o [1]
auralFlag               0x2000a138     0x4  Data  Gb  main.o [1]
broadcast_ethaddr       0x0000a6ec     0x8  Data  Lc  uip_arp.o [1]
broadcast_ipaddr        0x0000a724     0x4  Data  Lc  uip_arp.o [1]
buf_bufto               0x00001e7b    0x76  Code  Lc  psock.o [1]
buf_setup               0x00001e75     0x6  Code  Lc  psock.o [1]
c                       0x2000a1ff     0x1  Data  Lc  uip.o [1]
c                       0x2000a202     0x1  Data  Lc  uip_arp.o [1]
cCountBuf               0x20009f98    0x20  Data  Lc  httpd-cgi.o [1]
cPtrs2                  0x20000120    0x20  Data  Gb  main.o [1]
calls                   0x20000000    0x18  Data  Lc  httpd-cgi.o [1]
checkBp                 0x00006775    0x2e  Code  Gb  warningAlarm.o [1]
checkPulse              0x000067a3    0x1a  Code  Gb  warningAlarm.o [1]
checkTemp               0x00006757    0x1e  Code  Gb  warningAlarm.o [1]
checkWarnings           0x0000670d    0x4a  Code  Gb  warningAlarm.o [1]
chksum                  0x000001b3    0x42  Code  Lc  uip.o [1]
clock_time              0x000026cd     0x8  Code  Gb  uIP_Task.o [1]
closed                  0x0000a6bc     0x8  Data  Lc  httpd-cgi.o [1]
closing                 0x0000a6c4     0x8  Data  Lc  httpd-cgi.o [1]
compute                 0x00009c81    0x94  Code  Gb  computeTask.o [1]
computeFlag             0x2000a13c     0x4  Data  Gb  main.o [1]
count                   0x2000a0b4     0xc  Data  Lc  httpd-fs.o [1]
d2                      0x20009fb8    0x20  Data  Gb  main.o [1]
dPtrs2                  0x20000140    0x24  Data  Gb  main.o [1]
data_404_html           0x00009bcc    0xb4  Data  Lc  httpd-fs.o [1]
data_acked              0x00001f35    0x50  Code  Lc  psock.o [1]
data_index_html         0x000094c0   0x1c4  Data  Lc  httpd-fs.o [1]
data_index_shtml        0x000087c4   0x338  Data  Lc  httpd-fs.o [1]
data_io_shtml           0x00008afc   0x32c  Data  Lc  httpd-fs.o [1]
data_stats_shtml        0x000075dc   0x560  Data  Lc  httpd-fs.o [1]
data_tcp_shtml          0x00008e28   0x2cc  Data  Lc  httpd-fs.o [1]
disableVisibleAnnunciation
                        0x00006889     0xe  Code  Gb  warningAlarm.o [1]
disp                    0x00007dbf    0x48  Code  Gb  displayTask.o [1]
eTaskGetState           0x00002c37    0x70  Code  Gb  tasks.o [1]
enableVisibleAnnunciation
                        0x0000687b     0xe  Code  Gb  warningAlarm.o [1]
established             0x0000a5b0     0xc  Data  Lc  httpd-cgi.o [1]
exit                    0x0000a2df     0x4  Code  Gb  exit.o [3]
file                    0x0000a694     0x8  Data  Lc  httpd-cgi.o [1]
file_404_html           0x0000a3fc    0x14  Data  Gb  httpd-fs.o [1]
file_index_html         0x0000a410    0x14  Data  Gb  httpd-fs.o [1]
file_index_shtml        0x0000a424    0x14  Data  Gb  httpd-fs.o [1]
file_io_shtml           0x0000a438    0x14  Data  Gb  httpd-fs.o [1]
file_stats              0x0000228f    0x3c  Code  Lc  httpd-cgi.o [1]
file_stats_shtml        0x0000a44c    0x14  Data  Gb  httpd-fs.o [1]
file_tcp_shtml          0x0000a460    0x14  Data  Gb  httpd-fs.o [1]
fin_wait_1              0x0000a5bc     0xc  Data  Lc  httpd-cgi.o [1]
fin_wait_2              0x0000a5c8     0xc  Data  Lc  httpd-cgi.o [1]
g_bSSIEnabled           0x2000a1fd     0x1  Data  Lc  rit128x96x4.o [1]
g_pcHex                 0x0000a704     0x4  Data  Lc  displayTask.o [1]
g_pucBuffer             0x2000a0c8     0x8  Data  Lc  rit128x96x4.o [1]
g_pucFont               0x000092e0   0x1e0  Data  Lc  rit128x96x4.o [1]
g_pucRIT128x96x4HorizontalInc
                        0x00005cee     0x2  Data  Lc  rit128x96x4.o [1]
g_pucRIT128x96x4Init    0x0000a060    0x50  Data  Lc  rit128x96x4.o [1]
g_pucRIT128x96x4VerticalInc
                        0x00003a22     0x2  Data  Lc  rit128x96x4.o [1]
g_pulDCRegs             0x0000a4f8    0x10  Data  Lc  sysctl.o [4]
g_pulRCGCRegs           0x0000a61c     0xc  Data  Lc  sysctl.o [4]
g_pulRegs               0x0000a188    0x40  Data  Lc  interrupt.o [4]
g_pulSRCRRegs           0x0000a610     0xc  Data  Lc  sysctl.o [4]
g_pulXtals              0x00009f58    0x5c  Data  Lc  sysctl.o [4]
g_ucSwitchClockA        0x2000a1fa     0x1  Data  Lc  main.o [1]
g_ucSwitchClockB        0x2000a1fb     0x1  Data  Lc  main.o [1]
g_ucSwitches            0x200001c6     0x1  Data  Gb  main.o [1]
g_ulFlagPR              0x2000a130     0x4  Data  Gb  main.o [1]
g_ulFlags               0x2000a134     0x4  Data  Gb  main.o [1]
g_ulSystemClock         0x2000a14c     0x4  Data  Gb  main.o [1]
generate_file_stats     0x00002273    0x1c  Code  Lc  httpd-cgi.o [1]
generate_io_state       0x000024d5    0x34  Code  Lc  httpd-cgi.o [1]
generate_net_stats      0x000023fb    0x1e  Code  Lc  httpd-cgi.o [1]
generate_part_of_file   0x00001639    0x46  Code  Lc  httpd.o [1]
generate_rtos_stats     0x00002467    0x36  Code  Lc  httpd-cgi.o [1]
generate_tcp_stats      0x000022cb    0xcc  Code  Lc  httpd-cgi.o [1]
globalCounter           0x2000a124     0x4  Data  Gb  main.o [1]
handle_connection       0x00001c51    0x1a  Code  Lc  httpd.o [1]
handle_input            0x00001b4f   0x102  Code  Lc  httpd.o [1]
handle_output           0x00001a69    0xe6  Code  Lc  httpd.o [1]
handle_script           0x00001739   0x170  Code  Lc  httpd.o [1]
htons                   0x000015d1    0x10  Code  Gb  uip.o [1]
http_404_html           0x0000a55c     0xc  Data  Gb  http-strings.o [1]
http_content_type_binary
                        0x0000a208    0x2c  Data  Gb  http-strings.o [1]
http_content_type_css   0x0000a30c    0x1c  Data  Gb  http-strings.o [1]
http_content_type_gif   0x0000a344    0x1c  Data  Gb  http-strings.o [1]
http_content_type_html  0x0000a2f0    0x1c  Data  Gb  http-strings.o [1]
http_content_type_jpg   0x0000a29c    0x20  Data  Gb  http-strings.o [1]
http_content_type_plain
                        0x0000a27c    0x20  Data  Gb  http-strings.o [1]
http_content_type_png   0x0000a328    0x1c  Data  Gb  http-strings.o [1]
http_css                0x0000a65c     0x8  Data  Gb  http-strings.o [1]
http_get                0x0000a644     0x8  Data  Gb  http-strings.o [1]
http_gif                0x0000a66c     0x8  Data  Gb  http-strings.o [1]
http_header_200         0x0000a00c    0x54  Data  Gb  http-strings.o [1]
http_header_404         0x00009ea0    0x5c  Data  Gb  http-strings.o [1]
http_html               0x0000a64c     0x8  Data  Gb  http-strings.o [1]
http_index_html         0x0000a550     0xc  Data  Gb  http-strings.o [1]
http_jpg                0x0000a674     0x8  Data  Gb  http-strings.o [1]
http_png                0x0000a664     0x8  Data  Gb  http-strings.o [1]
http_referer            0x0000a568     0xc  Data  Gb  http-strings.o [1]
http_shtml              0x0000a654     0x8  Data  Gb  http-strings.o [1]
httpd_appcall           0x00001c6b    0x82  Code  Gb  httpd.o [1]
httpd_cgi               0x00002241    0x32  Code  Gb  httpd-cgi.o [1]
httpd_fs_count          0x000021fd    0x2c  Code  Gb  httpd-fs.o [1]
httpd_fs_open           0x000021bb    0x42  Code  Gb  httpd-fs.o [1]
httpd_fs_strcmp         0x00002185    0x36  Code  Lc  httpd-fs.o [1]
httpd_init              0x00001d49     0xc  Code  Gb  httpd.o [1]
i                       0x2000a201     0x1  Data  Lc  uip_arp.o [1]
increment               0x0000662d    0x10  Code  Gb  systemTimeBase.o [1]
io                      0x0000a6b4     0x8  Data  Lc  httpd-cgi.o [1]
ipaddr                  0x2000a1e4     0x4  Data  Lc  uip_arp.o [1]
ipid                    0x2000a1f4     0x2  Data  Lc  uip.o [1]
iss                     0x2000a1dc     0x4  Data  Lc  uip.o [1]
k1                      0x200000f4     0xc  Data  Gb  main.o [1]
kPtrs                   0x200001a8    0x14  Data  Gb  main.o [1]
keypadfunction          0x00009a75   0x158  Code  Gb  keypadTask.o [1]
lRefreshCount           0x2000a100     0x4  Data  Gb  httpd-cgi.o [1]
last_ack                0x0000a5e0     0xc  Data  Lc  httpd-cgi.o [1]
lastport                0x2000a1f6     0x2  Data  Lc  uip.o [1]
led_io                  0x00002509    0x3a  Code  Lc  httpd-cgi.o [1]
m2                      0x20000044    0x94  Data  Gb  main.o [1]
mPtrs2                  0x20000100    0x20  Data  Gb  main.o [1]
main                    0x0000588d    0xd4  Code  Gb  main.o [1]
mainDisp                0x00007f15    0x30  Code  Gb  displayTask.o [1]
measure                 0x000090f5    0x38  Code  Gb  measureTask.o [1]
measureDiaBPArray       0x000091ed    0x68  Code  Gb  measureTask.o [1]
measurePRArray          0x00009255    0x82  Code  Gb  measureTask.o [1]
measureSysBPArray       0x00009189    0x64  Code  Gb  measureTask.o [1]
measureTempArray        0x0000912d    0x5c  Code  Gb  measureTask.o [1]
memchr                  0x000064f1          Code  Gb  memchr.o [7]
menuDisp                0x00007f45    0x44  Code  Gb  displayTask.o [1]
net                     0x0000a6a4     0x8  Data  Lc  httpd-cgi.o [1]
net_stats               0x00002419    0x4e  Code  Lc  httpd-cgi.o [1]
next_scriptstate        0x00001711    0x28  Code  Lc  httpd.o [1]
nullfunction            0x00002231    0x10  Code  Lc  httpd-cgi.o [1]
opt                     0x2000a200     0x1  Data  Lc  uip.o [1]
pcInterruptPriorityRegisters
                        0x0000a710     0x4  Data  Lc  port.o [1]
pcStatus                0x2000a104     0x4  Data  Gb  httpd-cgi.o [1]
pcWelcomeMessage        0x0000a70c     0x4  Data  Gb  main.o [1]
prvAddCurrentTaskToDelayedList
                        0x0000389d    0x7c  Code  Lc  tasks.o [1]
prvAddNewTaskToReadyList
                        0x00002b2d    0xc2  Code  Lc  tasks.o [1]
prvCheckForValidListAndQueue
                        0x00006239    0x4c  Code  Lc  timers.o [1]
prvCheckTasksWaitingTermination
                        0x00003437    0x64  Code  Lc  tasks.o [1]
prvCopyDataFromQueue    0x0000442b    0x2a  Code  Lc  queue.o [1]
prvCopyDataToQueue      0x000043a5    0x86  Code  Lc  queue.o [1]
prvDeleteTCB            0x000035ad    0x12  Code  Lc  tasks.o [1]
prvENET_Send            0x00002817    0x14  Code  Lc  uIP_Task.o [1]
prvGetNextExpireTime    0x0000603f    0x2c  Code  Lc  timers.o [1]
prvHeapInit             0x0000557f    0x62  Code  Lc  heap_4.o [1]
prvIdleTask             0x000033d5     0x8  Code  Lc  tasks.o [1]
prvInitialiseNewQueue   0x00003dd1    0x26  Code  Lc  queue.o [1]
prvInitialiseNewTask    0x00002a7b    0xb2  Code  Lc  tasks.o [1]
prvInitialiseTaskLists  0x000033dd    0x5a  Code  Lc  tasks.o [1]
prvInsertBlockIntoFreeList
                        0x000055e1    0x58  Code  Lc  heap_4.o [1]
prvInsertTimerInActiveList
                        0x00006095    0x3e  Code  Lc  timers.o [1]
prvIsQueueEmpty         0x000044db    0x1c  Code  Lc  queue.o [1]
prvIsQueueFull          0x000044f7    0x1e  Code  Lc  queue.o [1]
prvListTasksWithinSingleList
                        0x00003521    0x70  Code  Lc  tasks.o [1]
prvNotifyQueueSetContainer
                        0x000045ab    0x6a  Code  Lc  queue.o [1]
prvProcessExpiredTimer  0x00005f5d    0x56  Code  Lc  timers.o [1]
prvProcessReceivedCommands
                        0x000060d3    0xee  Code  Lc  timers.o [1]
prvProcessTimerOrBlockTask
                        0x00005fc9    0x76  Code  Lc  timers.o [1]
prvQueueAccessLogError  0x00008441    0x10  Code  Lc  IntQueue.o [1]
prvRecordValue_NormallyEmpty
                        0x0000841d    0x24  Code  Lc  IntQueue.o [1]
prvRecordValue_NormallyFull
                        0x000083f9    0x24  Code  Lc  IntQueue.o [1]
prvResetNextTaskUnblockTime
                        0x000035bf    0x28  Code  Lc  tasks.o [1]
prvSampleTimeNow        0x0000606b    0x2a  Code  Lc  timers.o [1]
prvSampleTimeNow::xLastTime
                        0x2000a1bc     0x4  Data  Lc  timers.o [1]
prvSetMACAddress        0x0000282b    0xa4  Code  Lc  uIP_Task.o [1]
prvSetupHardware        0x00005961   0x154  Code  Lc  main.o [1]
prvSwitchTimerLists     0x000061c1    0x78  Code  Lc  timers.o [1]
prvTaskCheckFreeStackSpace
                        0x00003591    0x16  Code  Lc  tasks.o [1]
prvTaskExitError        0x00005d11    0x24  Code  Lc  port.o [1]
prvTaskIsTaskSuspended  0x00002d79    0x36  Code  Lc  tasks.o [1]
prvTimerTask            0x00005fb5    0x14  Code  Lc  timers.o [1]
prvUnlockQueue          0x00004455    0x86  Code  Lc  queue.o [1]
prvWriteNameToBuffer    0x00003771    0x24  Code  Lc  tasks.o [1]
psock_datalen           0x00002051     0xc  Code  Gb  psock.o [1]
psock_generator_send    0x00001fdf    0x72  Code  Gb  psock.o [1]
psock_init              0x00002125    0x26  Code  Gb  psock.o [1]
psock_newdata           0x0000205d    0x2c  Code  Gb  psock.o [1]
psock_readto            0x00002089    0x8a  Code  Gb  psock.o [1]
psock_send              0x00001f85    0x5a  Code  Gb  psock.o [1]
pucBasicBitmap          0x00006958   0xc84  Data  Gb  main.o [1]
pulStack                0x2000a208   0x1e0  Data  Lc  startup_ewarm.o [1]
pulseCount              0x2000a12c     0x4  Data  Gb  main.o [1]
pulseFreq               0x20000040     0x4  Data  Gb  main.o [1]
pvPortMalloc            0x0000541d    0xf8  Code  Gb  heap_4.o [1]
pvTaskIncrementMutexHeldCount
                        0x00003865    0x1e  Code  Gb  tasks.o [1]
pxCurrentTCB            0x2000a170     0x4  Data  Gb  tasks.o [1]
pxCurrentTimerList      0x2000a1ac     0x4  Data  Lc  timers.o [1]
pxDelayedTaskList       0x2000a174     0x4  Data  Lc  tasks.o [1]
pxEnd                   0x2000a0f0     0x4  Data  Lc  heap_4.o [1]
pxOverflowDelayedTaskList
                        0x2000a178     0x4  Data  Lc  tasks.o [1]
pxOverflowTimerList     0x2000a1b0     0x4  Data  Lc  timers.o [1]
pxPortInitialiseStack   0x00005cf1    0x20  Code  Gb  port.o [1]
pxReadyTasksLists       0x20009e08    0x64  Data  Lc  tasks.o [1]
rtos                    0x0000a6ac     0x8  Data  Lc  httpd-cgi.o [1]
rtos_stats              0x0000249d    0x34  Code  Lc  httpd-cgi.o [1]
s1                      0x200001c4     0x2  Data  Gb  main.o [1]
sPtrs                   0x200001bc     0x4  Data  Gb  main.o [1]
sec_hand                0x2000a1ec     0x4  Data  Lc  xfail_s.o [3]
send_data               0x00001ef1    0x44  Code  Lc  psock.o [1]
send_file               0x0000167f    0x5a  Code  Lc  httpd.o [1]
send_headers            0x000018a9   0x1c0  Code  Lc  httpd.o [1]
send_part_of_file       0x000016d9    0x38  Code  Lc  httpd.o [1]
serialFlag              0x2000a140     0x4  Data  Gb  main.o [1]
snprintf                0x0000298d    0x44  Code  Gb  snprintf.o [3]
sprintf                 0x000029d1    0x40  Code  Gb  sprintf.o [3]
stat                    0x0000a37d    0x1c  Code  Gb  statusTask.o [1]
states                  0x20000018    0x24  Data  Lc  httpd-cgi.o [1]
strcat                  0x00003959    0x20  Code  Gb  strcat.o [3]
strchr                  0x00002165          Code  Gb  strchr.o [7]
strcpy                  0x00002611          Code  Gb  strcpy.o [7]
strlen                  0x00002595          Code  Gb  strlen.o [7]
strncmp                 0x000025e3    0x28  Code  Gb  strncmp.o [3]
strncpy                 0x0000265d          Code  Gb  strncpy.o [7]
strrchr                 0x000025cb    0x18  Code  Gb  strrchr.o [3]
strstr                  0x00004f2d    0x30  Code  Gb  strstr.o [3]
syn_rcvd                0x0000a598     0xc  Data  Lc  httpd-cgi.o [1]
syn_sent                0x0000a5a4     0xc  Data  Lc  httpd-cgi.o [1]
tcp                     0x0000a69c     0x8  Data  Lc  httpd-cgi.o [1]
tcp_stats               0x00002397    0x64  Code  Lc  httpd-cgi.o [1]
time_wait               0x0000a5d4     0xc  Data  Lc  httpd-cgi.o [1]
timer_expired           0x00004639    0x1c  Code  Gb  timer.o [1]
timer_reset             0x0000462f     0xa  Code  Gb  timer.o [1]
timer_set               0x00004621     0xe  Code  Gb  timer.o [1]
tmp16                   0x2000a1f8     0x2  Data  Lc  uip.o [1]
tmpage                  0x2000a204     0x1  Data  Lc  uip_arp.o [1]
ucHeap                  0x200001c8  0x5dc0  Data  Lc  heap_4.o [1]
ucMaxSysCallPriority    0x2000a1fc     0x1  Data  Lc  port.o [1]
ucNormallyEmptyReceivedValues
                        0x20009c78    0xc8  Data  Lc  IntQueue.o [1]
ucNormallyFullReceivedValues
                        0x20009d40    0xc8  Data  Lc  IntQueue.o [1]
uiGetEMACRxData         0x00004707    0x4a  Code  Gb  emac.o [1]
uiGetEMACRxData::ulNextRxBuffer
                        0x2000a0e8     0x4  Data  Lc  emac.o [1]
uip_acc32               0x2000a1e0     0x4  Data  Gb  uip.o [1]
uip_add32               0x00000101    0xb2  Code  Gb  uip.o [1]
uip_add_rcv_nxt         0x00000307    0x3a  Code  Lc  uip.o [1]
uip_appdata             0x2000a1d0     0x4  Data  Gb  uip.o [1]
uip_arp_arpin           0x00004b05   0x120  Code  Gb  uip_arp.o [1]
uip_arp_ipin            0x00004a9b    0x6a  Code  Gb  uip_arp.o [1]
uip_arp_out             0x00004c25   0x1ae  Code  Gb  uip_arp.o [1]
uip_arp_timer           0x000048cd    0x68  Code  Gb  uip_arp.o [1]
uip_arp_update          0x00004935   0x166  Code  Lc  uip_arp.o [1]
uip_buf                 0x2000a0e0     0x4  Data  Gb  emac.o [1]
uip_conn                0x2000a1d8     0x4  Data  Gb  uip.o [1]
uip_conns               0x20005f88  0x1fe0  Data  Gb  uip.o [1]
uip_draddr              0x2000a1c8     0x4  Data  Gb  uip.o [1]
uip_ethaddr             0x2000a0d0     0x8  Data  Gb  uip.o [1]
uip_flags               0x2000a1fe     0x1  Data  Gb  uip.o [1]
uip_hostaddr            0x2000a1c4     0x4  Data  Gb  uip.o [1]
uip_init                0x00000275    0x5c  Code  Gb  uip.o [1]
uip_ipchksum            0x000001f5    0x28  Code  Gb  uip.o [1]
uip_len                 0x2000a1f0     0x2  Data  Gb  uip.o [1]
uip_listen              0x000002d1    0x36  Code  Gb  uip.o [1]
uip_listenports         0x20009f1c    0x50  Data  Gb  uip.o [1]
uip_netmask             0x2000a1cc     0x4  Data  Gb  uip.o [1]
uip_process             0x0000035d  0x1274  Code  Gb  uip.o [1]
uip_sappdata            0x2000a1d4     0x4  Data  Gb  uip.o [1]
uip_send                0x000015e1    0x24  Code  Gb  uip.o [1]
uip_slen                0x2000a1f2     0x2  Data  Gb  uip.o [1]
uip_stat                0x20009f6c    0x2c  Data  Gb  uip.o [1]
uip_tcpchksum           0x0000026b     0xa  Code  Gb  uip.o [1]
ulGPIOBase              0x2000a164     0x4  Data  Gb  rit128x96x4.o [1]
ulGPIOId                0x2000a160     0x4  Data  Gb  rit128x96x4.o [1]
ulMaxJitter             0x2000a1c0     0x4  Data  Gb  timertest.o [1]
ulMaxPRIGROUPValue      0x2000a15c     0x4  Data  Lc  port.o [1]
ulNextTxSpace           0x2000a0e4     0x4  Data  Lc  emac.o [1]
ulOLEDDC_PIN            0x2000a168     0x4  Data  Gb  rit128x96x4.o [1]
ulOLEDEN_PIN            0x2000a16c     0x4  Data  Gb  rit128x96x4.o [1]
ulRxLength              0x2000a014    0x14  Data  Lc  emac.o [1]
upper_layer_chksum      0x0000021d    0x4e  Code  Lc  uip.o [1]
usprintf                0x00007da9    0x16  Code  Gb  displayTask.o [1]
uvsnprintf              0x00007b3d   0x26c  Code  Gb  displayTask.o [1]
uxCriticalNesting       0x200001c0     0x4  Data  Lc  port.o [1]
uxCurrentNumberOfTasks  0x2000a180     0x4  Data  Lc  tasks.o [1]
uxDeletedTasksWaitingCleanUp
                        0x2000a17c     0x4  Data  Lc  tasks.o [1]
uxListRemove            0x00005cc9    0x26  Code  Gb  list.o [1]
uxParTestGetLED         0x000039ad     0xc  Code  Gb  ParTest.o [1]
uxPendedTicks           0x2000a190     0x4  Data  Lc  tasks.o [1]
uxRxBuffers             0x20007f68  0x1d10  Data  Lc  emac.o [1]
uxSchedulerSuspended    0x2000a1a8     0x4  Data  Lc  tasks.o [1]
uxTaskGetSystemState    0x00002fa9    0x9e  Code  Gb  tasks.o [1]
uxTaskNumber            0x2000a19c     0x4  Data  Lc  tasks.o [1]
uxTopReadyPriority      0x2000a188     0x4  Data  Lc  tasks.o [1]
uxValueForNormallyEmptyQueue
                        0x2000a114     0x4  Data  Lc  IntQueue.o [1]
uxValueForNormallyFullQueue
                        0x2000a118     0x4  Data  Lc  IntQueue.o [1]
vApplicationProcessFormInput
                        0x000028cf    0x7a  Code  Gb  uIP_Task.o [1]
vApplicationProcessFormInput::cMessageForDisplay
                        0x20009fd8    0x20  Data  Lc  uIP_Task.o [1]
vApplicationStackOverflowHook
                        0x00005c3d     0x2  Code  Gb  main.o [1]
vApplicationTickHook    0x00005ab5    0x20  Code  Gb  main.o [1]
vApplicationTickHook::ulTicksSinceLastDisplay
                        0x2000a158     0x4  Data  Lc  main.o [1]
vAssertCalled           0x00005c3f    0x18  Code  Gb  main.o [1]
vEMAC_ISR               0x000047a3    0x46  Code  Gb  emac.o [1]
vIncrementTxLength      0x00004759     0xc  Code  Gb  emac.o [1]
vInitEMAC               0x00004655    0xb2  Code  Gb  emac.o [1]
vInitialiseSend         0x00004751     0x8  Code  Gb  emac.o [1]
vListInitialise         0x00005c57    0x1e  Code  Gb  list.o [1]
vListInitialiseItem     0x00005c75     0x6  Code  Gb  list.o [1]
vListInsert             0x00005c93    0x36  Code  Gb  list.o [1]
vListInsertEnd          0x00005c7b    0x18  Code  Gb  list.o [1]
vMACHandleTask          0x000047e9    0xae  Code  Gb  emac.o [1]
vMACHandleTask::ulNextRxBuffer
                        0x2000a0ec     0x4  Data  Lc  emac.o [1]
vOLEDTask               0x00005ad9    0x60  Code  Lc  main.o [1]
vOLEDTask::cMessage     0x20009ff8    0x1c  Data  Lc  main.o [1]
vParTestInitialise      0x00003979    0x24  Code  Gb  ParTest.o [1]
vParTestSetLED          0x0000399d    0x10  Code  Gb  ParTest.o [1]
vPortEnterCritical      0x00005dbb    0x36  Code  Gb  port.o [1]
vPortExitCritical       0x00005df1    0x2e  Code  Gb  port.o [1]
vPortFree               0x00005515    0x6a  Code  Gb  heap_4.o [1]
vPortSVCHandler         0x000068ef          Code  Gb  portasm.o [1]
vPortStartFirstTask     0x0000690f          Code  Gb  portasm.o [1]
vPortValidateInterruptPriority
                        0x00005e21    0x40  Code  Gb  port.o [1]
vQueueAddToRegistry     0x00004537    0x24  Code  Gb  queue.o [1]
vQueueWaitForMessageRestricted
                        0x00004561    0x4a  Code  Gb  queue.o [1]
vSendBufferToMAC        0x00004765    0x3e  Code  Gb  emac.o [1]
vT2InterruptHandler     0x00009fb5    0x24  Code  Gb  IntQueueTimer.o [1]
vT3InterruptHandler     0x00009fd9    0x24  Code  Gb  IntQueueTimer.o [1]
vTaskDelay              0x00002bef    0x48  Code  Gb  tasks.o [1]
vTaskGetInfo            0x0000349b    0x86  Code  Gb  tasks.o [1]
vTaskList               0x00003795    0xce  Code  Gb  tasks.o [1]
vTaskMissedYield        0x000033c5     0xa  Code  Gb  tasks.o [1]
vTaskPlaceOnEventList   0x0000320d    0x2e  Code  Gb  tasks.o [1]
vTaskPlaceOnEventListRestricted
                        0x00003245    0x38  Code  Gb  tasks.o [1]
vTaskPriorityInherit    0x00003607    0xac  Code  Gb  tasks.o [1]
vTaskResume             0x00002daf    0x84  Code  Gb  tasks.o [1]
vTaskSetTimeOutState    0x00003315    0x26  Code  Gb  tasks.o [1]
vTaskStartScheduler     0x00002e33    0x6a  Code  Gb  tasks.o [1]
vTaskSuspend            0x00002ca7    0xd2  Code  Gb  tasks.o [1]
vTaskSuspendAll         0x00002e9d    0x10  Code  Gb  tasks.o [1]
vTaskSwitchContext      0x00003165    0x9c  Code  Gb  tasks.o [1]
vuIP_Task               0x000026d5   0x142  Code  Gb  uIP_Task.o [1]
w1                      0x200000d8    0x1c  Data  Gb  main.o [1]
wPtrs2                  0x20000164    0x44  Data  Gb  main.o [1]
xActiveTimerList1       0x2000a08c    0x14  Data  Lc  timers.o [1]
xActiveTimerList2       0x2000a0a0    0x14  Data  Lc  timers.o [1]
xBlockAllocatedBit      0x2000a0fc     0x4  Data  Lc  heap_4.o [1]
xComputeHandle          0x2000a144     0x4  Data  Gb  main.o [1]
xDelayedTaskList1       0x2000a028    0x14  Data  Lc  tasks.o [1]
xDelayedTaskList2       0x2000a03c    0x14  Data  Lc  tasks.o [1]
xDisplayHandle          0x2000a148     0x4  Data  Gb  main.o [1]
xEMACSemaphore          0x2000a0d8     0x4  Data  Gb  emac.o [1]
xErrorLine              0x2000a110     0x4  Data  Lc  IntQueue.o [1]
xErrorStatus            0x2000003c     0x4  Data  Lc  IntQueue.o [1]
xFirstTimerHandler      0x00008451   0x16a  Code  Gb  IntQueue.o [1]
xFirstTimerHandler::uxNextOperation
                        0x2000a11c     0x4  Data  Lc  IntQueue.o [1]
xFreeBytesRemaining     0x2000a0f4     0x4  Data  Lc  heap_4.o [1]
xHeapStructSize         0x0000a708     0x4  Data  Lc  heap_4.o [1]
xIdleTaskHandle         0x2000a1a4     0x4  Data  Lc  tasks.o [1]
xMACInterruptSemaphore  0x2000a0dc     0x4  Data  Gb  emac.o [1]
xMinimumEverFreeBytesRemaining
                        0x2000a0f8     0x4  Data  Lc  heap_4.o [1]
xNextTaskUnblockTime    0x2000a1a0     0x4  Data  Lc  tasks.o [1]
xNormallyEmptyQueue     0x2000a108     0x4  Data  Lc  IntQueue.o [1]
xNormallyFullQueue      0x2000a10c     0x4  Data  Lc  IntQueue.o [1]
xNumOfOverflows         0x2000a198     0x4  Data  Lc  tasks.o [1]
xOLEDQueue              0x2000a154     0x4  Data  Gb  main.o [1]
xPendingReadyList       0x2000a050    0x14  Data  Lc  tasks.o [1]
xPortPendSVHandler      0x000068a9          Code  Gb  portasm.o [1]
xPortStartScheduler     0x00005d35    0x86  Code  Gb  port.o [1]
xQueueGenericCreate     0x00003d8b    0x46  Code  Gb  queue.o [1]
xQueueGenericReceive    0x00004151   0x1b0  Code  Gb  queue.o [1]
xQueueGenericReset      0x00003cf9    0x92  Code  Gb  queue.o [1]
xQueueGenericSend       0x00003df7   0x1ae  Code  Gb  queue.o [1]
xQueueGenericSendFromISR
                        0x00003fa5    0xe8  Code  Gb  queue.o [1]
xQueueGiveFromISR       0x0000408d    0xc4  Code  Gb  queue.o [1]
xQueueIsQueueFullFromISR
                        0x00004515    0x22  Code  Gb  queue.o [1]
xQueueReceiveFromISR    0x00004301    0xa4  Code  Gb  queue.o [1]
xQueueRegistry          0x20009ecc    0x50  Data  Gb  queue.o [1]
xSchedulerRunning       0x2000a18c     0x4  Data  Lc  tasks.o [1]
xSecondTimerHandler     0x000085bb   0x1e2  Code  Gb  IntQueue.o [1]
xSecondTimerHandler::uxNextOperation
                        0x2000a120     0x4  Data  Lc  IntQueue.o [1]
xStart                  0x2000a0c0     0x8  Data  Lc  heap_4.o [1]
xSuspendedTaskList      0x2000a078    0x14  Data  Lc  tasks.o [1]
xTaskCheckForTimeOut    0x00003345    0x7a  Code  Gb  tasks.o [1]
xTaskCreate             0x00002a11    0x6a  Code  Gb  tasks.o [1]
xTaskGetSchedulerState  0x000035e7    0x20  Code  Gb  tasks.o [1]
xTaskGetTickCount       0x00002fa1     0x8  Code  Gb  tasks.o [1]
xTaskIncrementTick      0x00003047   0x11a  Code  Gb  tasks.o [1]
xTaskPriorityDisinherit
                        0x000036b3    0xae  Code  Gb  tasks.o [1]
xTaskRemoveFromEventList
                        0x00003289    0x7e  Code  Gb  tasks.o [1]
xTaskResumeAll          0x00002ead    0xf4  Code  Gb  tasks.o [1]
xTasksWaitingTermination
                        0x2000a064    0x14  Data  Lc  tasks.o [1]
xTickCount              0x2000a184     0x4  Data  Lc  tasks.o [1]
xTimerCreateTimerTask   0x00005e9d    0x42  Code  Gb  timers.o [1]
xTimerGenericCommand    0x00005edf    0x7e  Code  Gb  timers.o [1]
xTimerQueue             0x2000a1b4     0x4  Data  Lc  timers.o [1]
xTimerTaskHandle        0x2000a1b8     0x4  Data  Lc  timers.o [1]
xYieldPending           0x2000a194     0x4  Data  Lc  tasks.o [1]


[1] = C:\Users\RJYou\OneDrive\Desktop\FreeRTOSv9.0.0\FreeRTOS\Demo\Final_Project\Debug\Obj
[2] = command line
[3] = dl7M_tln.a
[4] = driverlib.a
[5] = grlib.a
[6] = m7M_tl.a
[7] = rt7M_tl.a

  32 276 bytes of readonly  code memory
  10 715 bytes of readonly  data memory
  41 956 bytes of readwrite data memory

Errors: none
Warnings: 1
