###############################################################################
#
# IAR ELF Linker V8.20.1.14183/W32 for ARM                06/Dec/2017  16:46:03
# Copyright 2007-2017 IAR Systems AB.
#
#    Output file  =  
#        C:\Users\RJYou\OneDrive\Documents\IAR Embedded
#        Workbench\arm\8.20.1\TexasInstruments\Stellaris\boards\ek-lm3s8962\FreeRTOSv9.0.0\FreeRTOS\Demo\Final_Project\Debug\Exe\RTOSDemo.out
#    Map file     =  
#        C:\Users\RJYou\OneDrive\Documents\IAR Embedded
#        Workbench\arm\8.20.1\TexasInstruments\Stellaris\boards\ek-lm3s8962\FreeRTOSv9.0.0\FreeRTOS\Demo\Final_Project\Debug\List\RTOSDemo.map
#    Command line =  
#        -f C:\Users\RJYou\AppData\Local\Temp\EWF7D7.tmp
#        ("C:\Users\RJYou\OneDrive\Documents\IAR Embedded
#        Workbench\arm\8.20.1\TexasInstruments\Stellaris\boards\ek-lm3s8962\FreeRTOSv9.0.0\FreeRTOS\Demo\Final_Project\Debug\Obj\BlockQ.o"
#        "C:\Users\RJYou\OneDrive\Documents\IAR Embedded
#        Workbench\arm\8.20.1\TexasInstruments\Stellaris\boards\ek-lm3s8962\FreeRTOSv9.0.0\FreeRTOS\Demo\Final_Project\Debug\Obj\blocktim.o"
#        "C:\Users\RJYou\OneDrive\Documents\IAR Embedded
#        Workbench\arm\8.20.1\TexasInstruments\Stellaris\boards\ek-lm3s8962\FreeRTOSv9.0.0\FreeRTOS\Demo\Final_Project\Debug\Obj\bool.o"
#        "C:\Users\RJYou\OneDrive\Documents\IAR Embedded
#        Workbench\arm\8.20.1\TexasInstruments\Stellaris\boards\ek-lm3s8962\FreeRTOSv9.0.0\FreeRTOS\Demo\Final_Project\Debug\Obj\cgifuncs.o"
#        "C:\Users\RJYou\OneDrive\Documents\IAR Embedded
#        Workbench\arm\8.20.1\TexasInstruments\Stellaris\boards\ek-lm3s8962\FreeRTOSv9.0.0\FreeRTOS\Demo\Final_Project\Debug\Obj\computeTask.o"
#        "C:\Users\RJYou\OneDrive\Documents\IAR Embedded
#        Workbench\arm\8.20.1\TexasInstruments\Stellaris\boards\ek-lm3s8962\FreeRTOSv9.0.0\FreeRTOS\Demo\Final_Project\Debug\Obj\croutine.o"
#        "C:\Users\RJYou\OneDrive\Documents\IAR Embedded
#        Workbench\arm\8.20.1\TexasInstruments\Stellaris\boards\ek-lm3s8962\FreeRTOSv9.0.0\FreeRTOS\Demo\Final_Project\Debug\Obj\dataPtrs.o"
#        "C:\Users\RJYou\OneDrive\Documents\IAR Embedded
#        Workbench\arm\8.20.1\TexasInstruments\Stellaris\boards\ek-lm3s8962\FreeRTOSv9.0.0\FreeRTOS\Demo\Final_Project\Debug\Obj\dataStructs.o"
#        "C:\Users\RJYou\OneDrive\Documents\IAR Embedded
#        Workbench\arm\8.20.1\TexasInstruments\Stellaris\boards\ek-lm3s8962\FreeRTOSv9.0.0\FreeRTOS\Demo\Final_Project\Debug\Obj\death.o"
#        "C:\Users\RJYou\OneDrive\Documents\IAR Embedded
#        Workbench\arm\8.20.1\TexasInstruments\Stellaris\boards\ek-lm3s8962\FreeRTOSv9.0.0\FreeRTOS\Demo\Final_Project\Debug\Obj\displayTask.o"
#        "C:\Users\RJYou\OneDrive\Documents\IAR Embedded
#        Workbench\arm\8.20.1\TexasInstruments\Stellaris\boards\ek-lm3s8962\FreeRTOSv9.0.0\FreeRTOS\Demo\Common\drivers\LuminaryMicro\IAR\driverlib.a"
#        "C:\Users\RJYou\OneDrive\Documents\IAR Embedded
#        Workbench\arm\8.20.1\TexasInstruments\Stellaris\boards\ek-lm3s8962\FreeRTOSv9.0.0\FreeRTOS\Demo\Final_Project\Debug\Obj\ekgCaptureTask.o"
#        "C:\Users\RJYou\OneDrive\Documents\IAR Embedded
#        Workbench\arm\8.20.1\TexasInstruments\Stellaris\boards\ek-lm3s8962\FreeRTOSv9.0.0\FreeRTOS\Demo\Final_Project\Debug\Obj\ekgProcessTask.o"
#        "C:\Users\RJYou\OneDrive\Documents\IAR Embedded
#        Workbench\arm\8.20.1\TexasInstruments\Stellaris\boards\ek-lm3s8962\FreeRTOSv9.0.0\FreeRTOS\Demo\Final_Project\Debug\Obj\event_groups.o"
#        "C:\Users\RJYou\OneDrive\Documents\IAR Embedded
#        Workbench\arm\8.20.1\TexasInstruments\Stellaris\boards\ek-lm3s8962\FreeRTOSv9.0.0\FreeRTOS\Demo\Final_Project\Debug\Obj\EventGroupsDemo.o"
#        "C:\Users\RJYou\OneDrive\Documents\IAR Embedded
#        Workbench\arm\8.20.1\TexasInstruments\Stellaris\boards\ek-lm3s8962\FreeRTOSv9.0.0\FreeRTOS\Demo\Final_Project\Debug\Obj\flash.o"
#        "C:\Users\RJYou\OneDrive\Documents\IAR Embedded
#        Workbench\arm\8.20.1\TexasInstruments\Stellaris\boards\ek-lm3s8962\FreeRTOSv9.0.0\FreeRTOS\Demo\Final_Project\Debug\Obj\formike128x128x16.o"
#        "C:\Users\RJYou\OneDrive\Documents\IAR Embedded
#        Workbench\arm\8.20.1\TexasInstruments\Stellaris\boards\ek-lm3s8962\FreeRTOSv9.0.0\FreeRTOS\Demo\Final_Project\Debug\Obj\GenQTest.o"
#        "C:\Users\RJYou\OneDrive\Documents\IAR Embedded
#        Workbench\arm\8.20.1\TexasInstruments\Stellaris\boards\ek-lm3s8962\FreeRTOSv9.0.0\FreeRTOS\Demo\Common\drivers\LuminaryMicro\IAR\grlib.a"
#        "C:\Users\RJYou\OneDrive\Documents\IAR Embedded
#        Workbench\arm\8.20.1\TexasInstruments\Stellaris\boards\ek-lm3s8962\FreeRTOSv9.0.0\FreeRTOS\Demo\Final_Project\Debug\Obj\heap_4.o"
#        "C:\Users\RJYou\OneDrive\Documents\IAR Embedded
#        Workbench\arm\8.20.1\TexasInstruments\Stellaris\boards\ek-lm3s8962\FreeRTOSv9.0.0\FreeRTOS\Demo\Final_Project\Debug\Obj\httpd.o"
#        "C:\Users\RJYou\OneDrive\Documents\IAR Embedded
#        Workbench\arm\8.20.1\TexasInstruments\Stellaris\boards\ek-lm3s8962\FreeRTOSv9.0.0\FreeRTOS\Demo\Final_Project\Debug\Obj\integer.o"
#        "C:\Users\RJYou\OneDrive\Documents\IAR Embedded
#        Workbench\arm\8.20.1\TexasInstruments\Stellaris\boards\ek-lm3s8962\FreeRTOSv9.0.0\FreeRTOS\Demo\Final_Project\Debug\Obj\IntQueue.o"
#        "C:\Users\RJYou\OneDrive\Documents\IAR Embedded
#        Workbench\arm\8.20.1\TexasInstruments\Stellaris\boards\ek-lm3s8962\FreeRTOSv9.0.0\FreeRTOS\Demo\Final_Project\Debug\Obj\IntQueueTimer.o"
#        "C:\Users\RJYou\OneDrive\Documents\IAR Embedded
#        Workbench\arm\8.20.1\TexasInstruments\Stellaris\boards\ek-lm3s8962\FreeRTOSv9.0.0\FreeRTOS\Demo\Final_Project\Debug\Obj\keypadTask.o"
#        "C:\Users\RJYou\OneDrive\Documents\IAR Embedded
#        Workbench\arm\8.20.1\TexasInstruments\Stellaris\boards\ek-lm3s8962\FreeRTOSv9.0.0\FreeRTOS\Demo\Final_Project\Debug\Obj\list.o"
#        "C:\Users\RJYou\OneDrive\Documents\IAR Embedded
#        Workbench\arm\8.20.1\TexasInstruments\Stellaris\boards\ek-lm3s8962\FreeRTOSv9.0.0\FreeRTOS\Demo\Final_Project\Debug\Obj\lmi_fs.o"
#        "C:\Users\RJYou\OneDrive\Documents\IAR Embedded
#        Workbench\arm\8.20.1\TexasInstruments\Stellaris\boards\ek-lm3s8962\FreeRTOSv9.0.0\FreeRTOS\Demo\Final_Project\Debug\Obj\locator.o"
#        "C:\Users\RJYou\OneDrive\Documents\IAR Embedded
#        Workbench\arm\8.20.1\TexasInstruments\Stellaris\boards\ek-lm3s8962\FreeRTOSv9.0.0\FreeRTOS\Demo\Final_Project\Debug\Obj\lwiplib.o"
#        "C:\Users\RJYou\OneDrive\Documents\IAR Embedded
#        Workbench\arm\8.20.1\TexasInstruments\Stellaris\boards\ek-lm3s8962\FreeRTOSv9.0.0\FreeRTOS\Demo\Final_Project\Debug\Obj\main.o"
#        "C:\Users\RJYou\OneDrive\Documents\IAR Embedded
#        Workbench\arm\8.20.1\TexasInstruments\Stellaris\boards\ek-lm3s8962\FreeRTOSv9.0.0\FreeRTOS\Demo\Final_Project\Debug\Obj\measureTask.o"
#        "C:\Users\RJYou\OneDrive\Documents\IAR Embedded
#        Workbench\arm\8.20.1\TexasInstruments\Stellaris\boards\ek-lm3s8962\FreeRTOSv9.0.0\FreeRTOS\Demo\Final_Project\Debug\Obj\optfft.o"
#        "C:\Users\RJYou\OneDrive\Documents\IAR Embedded
#        Workbench\arm\8.20.1\TexasInstruments\Stellaris\boards\ek-lm3s8962\FreeRTOSv9.0.0\FreeRTOS\Demo\Final_Project\Debug\Obj\osram128x64x4.o"
#        "C:\Users\RJYou\OneDrive\Documents\IAR Embedded
#        Workbench\arm\8.20.1\TexasInstruments\Stellaris\boards\ek-lm3s8962\FreeRTOSv9.0.0\FreeRTOS\Demo\Final_Project\Debug\Obj\ParTest.o"
#        "C:\Users\RJYou\OneDrive\Documents\IAR Embedded
#        Workbench\arm\8.20.1\TexasInstruments\Stellaris\boards\ek-lm3s8962\FreeRTOSv9.0.0\FreeRTOS\Demo\Final_Project\Debug\Obj\PollQ.o"
#        "C:\Users\RJYou\OneDrive\Documents\IAR Embedded
#        Workbench\arm\8.20.1\TexasInstruments\Stellaris\boards\ek-lm3s8962\FreeRTOSv9.0.0\FreeRTOS\Demo\Final_Project\Debug\Obj\port.o"
#        "C:\Users\RJYou\OneDrive\Documents\IAR Embedded
#        Workbench\arm\8.20.1\TexasInstruments\Stellaris\boards\ek-lm3s8962\FreeRTOSv9.0.0\FreeRTOS\Demo\Final_Project\Debug\Obj\portasm.o"
#        "C:\Users\RJYou\OneDrive\Documents\IAR Embedded
#        Workbench\arm\8.20.1\TexasInstruments\Stellaris\boards\ek-lm3s8962\FreeRTOSv9.0.0\FreeRTOS\Demo\Final_Project\Debug\Obj\QPeek.o"
#        "C:\Users\RJYou\OneDrive\Documents\IAR Embedded
#        Workbench\arm\8.20.1\TexasInstruments\Stellaris\boards\ek-lm3s8962\FreeRTOSv9.0.0\FreeRTOS\Demo\Final_Project\Debug\Obj\queue.o"
#        "C:\Users\RJYou\OneDrive\Documents\IAR Embedded
#        Workbench\arm\8.20.1\TexasInstruments\Stellaris\boards\ek-lm3s8962\FreeRTOSv9.0.0\FreeRTOS\Demo\Final_Project\Debug\Obj\QueueSet.o"
#        "C:\Users\RJYou\OneDrive\Documents\IAR Embedded
#        Workbench\arm\8.20.1\TexasInstruments\Stellaris\boards\ek-lm3s8962\FreeRTOSv9.0.0\FreeRTOS\Demo\Final_Project\Debug\Obj\recmutex.o"
#        "C:\Users\RJYou\OneDrive\Documents\IAR Embedded
#        Workbench\arm\8.20.1\TexasInstruments\Stellaris\boards\ek-lm3s8962\FreeRTOSv9.0.0\FreeRTOS\Demo\Final_Project\Debug\Obj\rit128x96x4.o"
#        "C:\Users\RJYou\OneDrive\Documents\IAR Embedded
#        Workbench\arm\8.20.1\TexasInstruments\Stellaris\boards\ek-lm3s8962\FreeRTOSv9.0.0\FreeRTOS\Demo\Final_Project\Debug\Obj\semtest.o"
#        "C:\Users\RJYou\OneDrive\Documents\IAR Embedded
#        Workbench\arm\8.20.1\TexasInstruments\Stellaris\boards\ek-lm3s8962\FreeRTOSv9.0.0\FreeRTOS\Demo\Final_Project\Debug\Obj\serialComTask.o"
#        "C:\Users\RJYou\OneDrive\Documents\IAR Embedded
#        Workbench\arm\8.20.1\TexasInstruments\Stellaris\boards\ek-lm3s8962\FreeRTOSv9.0.0\FreeRTOS\Demo\Final_Project\Debug\Obj\startup_ewarm.o"
#        "C:\Users\RJYou\OneDrive\Documents\IAR Embedded
#        Workbench\arm\8.20.1\TexasInstruments\Stellaris\boards\ek-lm3s8962\FreeRTOSv9.0.0\FreeRTOS\Demo\Final_Project\Debug\Obj\statusTask.o"
#        "C:\Users\RJYou\OneDrive\Documents\IAR Embedded
#        Workbench\arm\8.20.1\TexasInstruments\Stellaris\boards\ek-lm3s8962\FreeRTOSv9.0.0\FreeRTOS\Demo\Final_Project\Debug\Obj\systemTimeBase.o"
#        "C:\Users\RJYou\OneDrive\Documents\IAR Embedded
#        Workbench\arm\8.20.1\TexasInstruments\Stellaris\boards\ek-lm3s8962\FreeRTOSv9.0.0\FreeRTOS\Demo\Final_Project\Debug\Obj\tasks.o"
#        "C:\Users\RJYou\OneDrive\Documents\IAR Embedded
#        Workbench\arm\8.20.1\TexasInstruments\Stellaris\boards\ek-lm3s8962\FreeRTOSv9.0.0\FreeRTOS\Demo\Final_Project\Debug\Obj\timers.o"
#        "C:\Users\RJYou\OneDrive\Documents\IAR Embedded
#        Workbench\arm\8.20.1\TexasInstruments\Stellaris\boards\ek-lm3s8962\FreeRTOSv9.0.0\FreeRTOS\Demo\Final_Project\Debug\Obj\timertest.o"
#        "C:\Users\RJYou\OneDrive\Documents\IAR Embedded
#        Workbench\arm\8.20.1\TexasInstruments\Stellaris\boards\ek-lm3s8962\FreeRTOSv9.0.0\FreeRTOS\Demo\Final_Project\Debug\Obj\warningAlarm.o"
#        --redirect _Printf=_PrintfSmallNoMb --redirect _Scanf=_ScanfSmallNoMb
#        -o "C:\Users\RJYou\OneDrive\Documents\IAR Embedded
#        Workbench\arm\8.20.1\TexasInstruments\Stellaris\boards\ek-lm3s8962\FreeRTOSv9.0.0\FreeRTOS\Demo\Final_Project\Debug\Exe\RTOSDemo.out"
#        --map "C:\Users\RJYou\OneDrive\Documents\IAR Embedded
#        Workbench\arm\8.20.1\TexasInstruments\Stellaris\boards\ek-lm3s8962\FreeRTOSv9.0.0\FreeRTOS\Demo\Final_Project\Debug\List\RTOSDemo.map"
#        --config "C:\Users\RJYou\OneDrive\Documents\IAR Embedded
#        Workbench\arm\8.20.1\TexasInstruments\Stellaris\boards\ek-lm3s8962\FreeRTOSv9.0.0\FreeRTOS\Demo\Final_Project\LM3Sxxxx.icf"
#        "C:\Users\RJYou\OneDrive\Documents\IAR Embedded
#        Workbench\arm\8.20.1\TexasInstruments\Stellaris\boards\ek-lm3s8962\FreeRTOSv9.0.0\FreeRTOS\Demo\Final_Project\..\Common\drivers\LuminaryMicro\IAR\driverlib.a"
#        "C:\Users\RJYou\OneDrive\Documents\IAR Embedded
#        Workbench\arm\8.20.1\TexasInstruments\Stellaris\boards\ek-lm3s8962\FreeRTOSv9.0.0\FreeRTOS\Demo\Final_Project\..\Common\drivers\LuminaryMicro\IAR\grlib.a"
#        --entry __iar_program_start --vfe --text_out locale)
#
###############################################################################

*******************************************************************************
*** MESSAGES
***

Warning[Lt010]: Inconsistent enum container size
            BlockQ.o and 34 other objects uses smallest possible
            flash.o(driverlib.a) use word size


*******************************************************************************
*** RUNTIME MODEL ATTRIBUTES
***

CppFlavor       = *
__SystemLibrary = DLib
__dlib_version  = 6


*******************************************************************************
*** HEAP SELECTION
***

The basic heap was selected because no calls to memory allocation
functions were found in the application outside of system library
functions, and there are calls to deallocation functions in the
application.


*******************************************************************************
*** PLACEMENT SUMMARY
***

"A0":  place at start of [from 0x00000000 to 0x0003ffff] { ro section .intvec };
"P1":  place in [from 0x00000000 to 0x0003ffff] { ro };
define block HEAP with size = 0M, alignment = 8 { };
"P2":  place in [from 0x20000000 to 0x2000ffff] { rw, block HEAP };
do not initialize { section .noinit };
initialize by copy { rw };

  Section            Kind        Address     Size  Object
  -------            ----        -------     ----  ------
"A0":                                       0x100
  .intvec            const    0x00000000    0x100  startup_ewarm.o [1]
                            - 0x00000100    0x100

"P1":                                     0x238fa
  .text              ro code  0x00000100   0x6fd4  lwiplib.o [1]
  .text              ro code  0x000070d4     0x66  ABImemset.o [7]
  .text              ro code  0x0000713a     0x7a  lz77_init_single.o [7]
  .text              ro code  0x000071b4     0xa6  ABImemcpy.o [7]
  .text              ro code  0x0000725a      0xa  xsprout.o [3]
  .text              ro code  0x00007264     0x68  memcmp.o [7]
  .text              ro code  0x000072cc     0x80  interrupt.o [4]
  .text              ro code  0x0000734c    0x130  ethernet.o [4]
  .text              ro code  0x0000747c    0x2d4  sysctl.o [4]
  .text              ro code  0x00007750    0xd12  main.o [1]
  .text              ro code  0x00008462      0x6  startup_ewarm.o [1]
  CODE               ro code  0x00008468     0x14  cpu.o [4]
  .text              ro code  0x0000847c    0x146  cgifuncs.o [1]
  .rodata            const    0x000085c2      0x2  rit128x96x4.o [1]
  .text              ro code  0x000085c4     0x36  strlen.o [7]
  .rodata            const    0x000085fa      0x2  rit128x96x4.o [1]
  .text              ro code  0x000085fc    0x4e8  displayTask.o [1]
  .text              ro code  0x00008ae4    0x3ec  rit128x96x4.o [1]
  .text              ro code  0x00008ed0    0xc34  tasks.o [1]
  .text              ro code  0x00009b04    0x158  gpio.o [4]
  .text              ro code  0x00009c5c     0x98  pwm.o [4]
  .text              ro code  0x00009cf4     0x58  timer.o [4]
  .text              ro code  0x00009d4c     0x10  systemTimeBase.o [1]
  .text              ro code  0x00009d5c    0x864  queue.o [1]
  .text              ro code  0x0000a5c0     0xb4  adc.o [4]
  .text              ro code  0x0000a674     0x70  uart.o [4]
  .text              ro code  0x0000a6e4     0x28  systick.o [4]
  .text              ro code  0x0000a70c     0x40  sprintf.o [3]
  .text              ro code  0x0000a74c     0x38  flash.o [4]
  .text              ro code  0x0000a784    0x150  locator.o [1]
  .text              ro code  0x0000a8d4    0xdb8  httpd.o [1]
  .text              ro code  0x0000b68c    0x1ac  port.o [1]
  .text              ro code  0x0000b838     0x4a  strcmp.o [7]
  .text              ro code  0x0000b884     0x70  strncpy.o [7]
  .text              ro code  0x0000b8f4      0x6  ABImemclr.o [7]
  .text              ro code  0x0000b8fc     0x88  ssi.o [4]
  .text              ro code  0x0000b984    0x240  heap_4.o [1]
  .text              ro code  0x0000bbc4     0x98  list.o [1]
  .text              ro code  0x0000bc5c    0x414  timers.o [1]
  .text              ro code  0x0000c070    0x4c0  xprintfsmall_nomb.o [3]
  .text              ro code  0x0000c530     0xa4  lmi_fs.o [1]
  .text              ro code  0x0000c5d4     0x16  strchr.o [7]
  .text              ro code  0x0000c5ea     0x30  strstr.o [3]
  .text              ro code  0x0000c61a     0x28  strncmp.o [3]
  CODE               ro code  0x0000c644     0x88  portasm.o [1]
  .text              ro code  0x0000c6cc     0x44  xfail_s.o [3]
  .text              ro code  0x0000c710     0x58  memchr.o [7]
  .text              ro code  0x0000c768      0x6  abort.o [3]
  .text              ro code  0x0000c770      0xc  XXexit.o [7]
  .rodata            const    0x0000c77c   0x5b00  lmi_fs.o [1]
  .rodata            const    0x0001227c   0x2930  lmi_fs.o [1]
  .rodata            const    0x00014bac   0x1a70  lmi_fs.o [1]
  .rodata            const    0x0001661c   0x1a38  lmi_fs.o [1]
  .rodata            const    0x00018054   0x1a28  lmi_fs.o [1]
  .rodata            const    0x00019a7c   0x1a14  lmi_fs.o [1]
  .rodata            const    0x0001b490   0x17a0  lmi_fs.o [1]
  .rodata            const    0x0001cc30    0xcec  lmi_fs.o [1]
  .rodata            const    0x0001d91c    0xc84  main.o [1]
  .rodata            const    0x0001e5a0    0xa0c  lmi_fs.o [1]
  .rodata            const    0x0001efac    0x84c  lmi_fs.o [1]
  .rodata            const    0x0001f7f8    0x6c4  lmi_fs.o [1]
  .rodata            const    0x0001febc    0x658  lmi_fs.o [1]
  .rodata            const    0x00020514    0x550  lmi_fs.o [1]
  .text              ro code  0x00020a64    0x424  cos_sin64.o [6]
  .text              ro code  0x00020e88    0x1a2  DblMul.o [6]
  .text              ro code  0x0002102c     0x2e  DblCmpLe.o [6]
  .text              ro code  0x0002105c    0x178  DblAdd.o [6]
  .text              ro code  0x000211d4     0x3a  DblToS32.o [6]
  .text              ro code  0x00021210     0x22  S32ToDbl.o [6]
  .text              ro code  0x00021234     0xe2  DblSub.o [6]
  .text              ro code  0x00021318    0x418  warningAlarm.o [1]
  .text              ro code  0x00021730    0x3cc  IntQueue.o [1]
  .rodata            const    0x00021afc    0x200  optfft.o [1]
  .rodata            const    0x00021cfc    0x1e0  rit128x96x4.o [1]
  .text              ro code  0x00021edc    0x1c0  keypadTask.o [1]
  .text              ro code  0x0002209c    0x1a4  optfft.o [1]
  .text              ro code  0x00022240    0x19c  measureTask.o [1]
  .text              ro code  0x000223dc     0x1a  U32ToDbl.o [6]
  .rodata            const    0x000223f8    0x14c  lmi_fs.o [1]
  .rodata            const    0x00022544    0x100  optfft.o [1]
  .rodata            const    0x00022644    0x100  optfft.o [1]
  .text              ro code  0x00022744     0xd8  FltMul.o [6]
  .rodata            const    0x0002281c     0xb0  port.o [1]
  .rodata            const    0x000228cc     0xac  heap_4.o [1]
  .rodata            const    0x00022978     0x9c  queue.o [1]
  .rodata            const    0x00022a14     0x9c  tasks.o [1]
  .rodata            const    0x00022ab0     0x9c  timers.o [1]
  .text              ro code  0x00022b4c     0x94  computeTask.o [1]
  .text              ro code  0x00022be0     0x84  ekgCaptureTask.o [1]
  .text              ro code  0x00022c64     0x48  FltToDbl.o [6]
  .text              ro code  0x00022cac     0x68  DblToFlt.o [6]
  .rodata            const    0x00022d14     0x5c  sysctl.o [4]
  .rodata            const    0x00022d70     0x58  httpd.o [1]
  .text              ro code  0x00022dc8     0x58  IntQueueTimer.o [1]
  .rodata            const    0x00022e20     0x50  httpd.o [1]
  .rodata            const    0x00022e70     0x50  rit128x96x4.o [1]
  .text              ro code  0x00022ec0     0x50  ekgProcessTask.o [1]
  .text              ro code  0x00022f10     0x40  zero_init3.o [7]
  .rodata            const    0x00022f50     0x38  httpd.o [1]
  .rodata            const    0x00022f88     0x30  httpd.o [1]
  .rodata            const    0x00022fb8     0x2c  httpd.o [1]
  .rodata            const    0x00022fe4     0x2c  httpd.o [1]
  .rodata            const    0x00023010     0x28  httpd.o [1]
  .rodata            const    0x00023038     0x28  httpd.o [1]
  .text              ro code  0x00023060     0x28  data_init.o [7]
  .iar.init_table    const    0x00023088     0x20  - Linker created -
  .rodata            const    0x000230a8     0x20  httpd.o [1]
  .rodata            const    0x000230c8     0x20  httpd.o [1]
  .rodata            const    0x000230e8     0x20  httpd.o [1]
  .rodata            const    0x00023108     0x20  httpd.o [1]
  .rodata            const    0x00023128     0x20  main.o [1]
  .rodata            const    0x00023148     0x20  main.o [1]
  .rodata            const    0x00023168     0x20  main.o [1]
  .text              ro code  0x00023188     0x1e  cmain.o [7]
  .text              ro code  0x000231a6      0x4  low_level_init.o [3]
  .text              ro code  0x000231aa      0x4  exit.o [3]
  .text              ro code  0x000231b0      0xa  cexit.o [7]
  .rodata            const    0x000231bc     0x1c  httpd.o [1]
  .rodata            const    0x000231d8     0x1c  httpd.o [1]
  .rodata            const    0x000231f4     0x1c  httpd.o [1]
  .rodata            const    0x00023210     0x1c  httpd.o [1]
  .rodata            const    0x0002322c     0x1c  httpd.o [1]
  .rodata            const    0x00023248     0x1c  httpd.o [1]
  .rodata            const    0x00023264     0x1c  httpd.o [1]
  .rodata            const    0x00023280     0x1c  main.o [1]
  .rodata            const    0x0002329c     0x1c  main.o [1]
  .text              ro code  0x000232b8     0x1c  statusTask.o [1]
  .rodata            const    0x000232d4     0x18  main.o [1]
  .rodata            const    0x000232ec     0x14  displayTask.o [1]
  .rodata            const    0x00023300     0x14  displayTask.o [1]
  .rodata            const    0x00023314     0x14  displayTask.o [1]
  .rodata            const    0x00023328     0x14  displayTask.o [1]
  .rodata            const    0x0002333c     0x14  displayTask.o [1]
  .rodata            const    0x00023350     0x14  displayTask.o [1]
  .rodata            const    0x00023364     0x14  httpd.o [1]
  .rodata            const    0x00023378     0x14  main.o [1]
  .rodata            const    0x0002338c     0x14  main.o [1]
  .rodata            const    0x000233a0     0x14  main.o [1]
  .rodata            const    0x000233b4     0x14  main.o [1]
  .rodata            const    0x000233c8     0x14  main.o [1]
  .rodata            const    0x000233dc     0x14  main.o [1]
  .rodata            const    0x000233f0     0x14  main.o [1]
  .rodata            const    0x00023404     0x14  main.o [1]
  .rodata            const    0x00023418     0x10  displayTask.o [1]
  .rodata            const    0x00023428     0x10  httpd.o [1]
  .rodata            const    0x00023438     0x10  lmi_fs.o [1]
  .rodata            const    0x00023448     0x10  lmi_fs.o [1]
  .rodata            const    0x00023458     0x10  lmi_fs.o [1]
  .rodata            const    0x00023468     0x10  lmi_fs.o [1]
  .rodata            const    0x00023478     0x10  lmi_fs.o [1]
  .rodata            const    0x00023488     0x10  lmi_fs.o [1]
  .rodata            const    0x00023498     0x10  lmi_fs.o [1]
  .rodata            const    0x000234a8     0x10  lmi_fs.o [1]
  .rodata            const    0x000234b8     0x10  lmi_fs.o [1]
  .rodata            const    0x000234c8     0x10  lmi_fs.o [1]
  .rodata            const    0x000234d8     0x10  lmi_fs.o [1]
  .rodata            const    0x000234e8     0x10  lmi_fs.o [1]
  .rodata            const    0x000234f8     0x10  lmi_fs.o [1]
  .rodata            const    0x00023508     0x10  lmi_fs.o [1]
  .rodata            const    0x00023518     0x10  lwiplib.o [1]
  .rodata            const    0x00023528     0x10  lwiplib.o [1]
  .rodata            const    0x00023538     0x10  lwiplib.o [1]
  .rodata            const    0x00023548     0x10  main.o [1]
  .rodata            const    0x00023558     0x10  main.o [1]
  .rodata            const    0x00023568     0x10  main.o [1]
  .rodata            const    0x00023578     0x10  main.o [1]
  .rodata            const    0x00023588     0x10  main.o [1]
  .rodata            const    0x00023598     0x10  main.o [1]
  .rodata            const    0x000235a8     0x10  main.o [1]
  .rodata            const    0x000235b8     0x10  main.o [1]
  .rodata            const    0x000235c8     0x10  sysctl.o [4]
  .rodata            const    0x000235d8      0xc  displayTask.o [1]
  .rodata            const    0x000235e4      0xc  displayTask.o [1]
  .rodata            const    0x000235f0      0xc  displayTask.o [1]
  .rodata            const    0x000235fc      0xc  displayTask.o [1]
  .rodata            const    0x00023608      0xc  displayTask.o [1]
  .rodata            const    0x00023614      0xc  displayTask.o [1]
  .rodata            const    0x00023620      0xc  displayTask.o [1]
  .rodata            const    0x0002362c      0xc  httpd.o [1]
  .rodata            const    0x00023638      0xc  httpd.o [1]
  .rodata            const    0x00023644      0xc  httpd.o [1]
  .rodata            const    0x00023650      0xc  httpd.o [1]
  .rodata            const    0x0002365c      0xc  httpd.o [1]
  .rodata            const    0x00023668      0xc  httpd.o [1]
  .rodata            const    0x00023674      0xc  main.o [1]
  .rodata            const    0x00023680      0xc  main.o [1]
  .rodata            const    0x0002368c      0xc  main.o [1]
  .rodata            const    0x00023698      0xc  main.o [1]
  .rodata            const    0x000236a4      0xc  main.o [1]
  .rodata            const    0x000236b0      0xc  main.o [1]
  .rodata            const    0x000236bc      0xc  main.o [1]
  .rodata            const    0x000236c8      0xc  main.o [1]
  .rodata            const    0x000236d4      0xc  main.o [1]
  .rodata            const    0x000236e0      0xc  main.o [1]
  .rodata            const    0x000236ec      0xc  main.o [1]
  .rodata            const    0x000236f8      0xc  sysctl.o [4]
  .rodata            const    0x00023704      0xc  sysctl.o [4]
  .text              ro code  0x00023710      0xc  cstartup_M.o [7]
  .rodata            const    0x0002371c      0x8  displayTask.o [1]
  .rodata            const    0x00023724      0x8  displayTask.o [1]
  .rodata            const    0x0002372c      0x8  httpd.o [1]
  .rodata            const    0x00023734      0x8  httpd.o [1]
  .rodata            const    0x0002373c      0x8  httpd.o [1]
  .rodata            const    0x00023744      0x8  httpd.o [1]
  .rodata            const    0x0002374c      0x8  httpd.o [1]
  .rodata            const    0x00023754      0x8  httpd.o [1]
  .rodata            const    0x0002375c      0x8  httpd.o [1]
  .rodata            const    0x00023764      0x8  httpd.o [1]
  .rodata            const    0x0002376c      0x8  httpd.o [1]
  .rodata            const    0x00023774      0x8  httpd.o [1]
  .rodata            const    0x0002377c      0x8  lwiplib.o [1]
  .rodata            const    0x00023784      0x8  lwiplib.o [1]
  .rodata            const    0x0002378c      0x8  lwiplib.o [1]
  .rodata            const    0x00023794      0x8  main.o [1]
  .rodata            const    0x0002379c      0x8  main.o [1]
  .rodata            const    0x000237a4      0x8  main.o [1]
  .rodata            const    0x000237ac      0x8  main.o [1]
  .rodata            const    0x000237b4      0x8  main.o [1]
  .rodata            const    0x000237bc      0x8  main.o [1]
  .rodata            const    0x000237c4      0x8  main.o [1]
  .rodata            const    0x000237cc      0x8  main.o [1]
  .rodata            const    0x000237d4      0x8  main.o [1]
  .rodata            const    0x000237dc      0x8  main.o [1]
  .rodata            const    0x000237e4      0x8  main.o [1]
  .rodata            const    0x000237ec      0x8  tasks.o [1]
  .rodata            const    0x000237f4      0x8  timers.o [1]
  .rodata            const    0x000237fc      0x8  timers.o [1]
  .rodata            const    0x00023804      0x4  displayTask.o [1]
  .rodata            const    0x00023808      0x4  heap_4.o [1]
  .rodata            const    0x0002380c      0x4  httpd.o [1]
  .rodata            const    0x00023810      0x4  httpd.o [1]
  .rodata            const    0x00023814      0x4  httpd.o [1]
  .rodata            const    0x00023818      0x4  httpd.o [1]
  .rodata            const    0x0002381c      0x4  httpd.o [1]
  .rodata            const    0x00023820      0x4  httpd.o [1]
  .rodata            const    0x00023824      0x4  httpd.o [1]
  .rodata            const    0x00023828      0x4  httpd.o [1]
  .rodata            const    0x0002382c      0x4  httpd.o [1]
  .rodata            const    0x00023830      0x4  httpd.o [1]
  .rodata            const    0x00023834      0x4  httpd.o [1]
  .rodata            const    0x00023838      0x4  httpd.o [1]
  .rodata            const    0x0002383c      0x4  httpd.o [1]
  .rodata            const    0x00023840      0x4  httpd.o [1]
  .rodata            const    0x00023844      0x4  httpd.o [1]
  .rodata            const    0x00023848      0x4  httpd.o [1]
  .rodata            const    0x0002384c      0x4  lwiplib.o [1]
  .rodata            const    0x00023850      0x4  lwiplib.o [1]
  .rodata            const    0x00023854      0x4  main.o [1]
  .rodata            const    0x00023858      0x4  port.o [1]
  .rodata            const    0x0002385c      0x4  rit128x96x4.o [1]
  .rodata            const    0x00023860      0x4  rit128x96x4.o [1]
  .rodata            const    0x00023864      0x0  zero_init3.o [7]
  .rodata            const    0x00023864      0x0  lz77_init_single.o [7]
  Initializer bytes  const    0x00023864    0x196  <for P2-1>
                            - 0x000239fa  0x238fa

"P2", part 1 of 3:                          0x719
  P2-1                        0x20000000    0x719  <Init block>
    .data            inited   0x20000000     0x10  httpd.o [1]
    .data            inited   0x20000010     0x48  httpd.o [1]
    .data            inited   0x20000058     0x88  httpd.o [1]
    .data            inited   0x200000e0      0x4  IntQueue.o [1]
    .data            inited   0x200000e4      0x4  lwiplib.o [1]
    .data            inited   0x200000e8      0x4  lwiplib.o [1]
    .data            inited   0x200000ec      0x4  main.o [1]
    .data            inited   0x200000f0      0x4  main.o [1]
    .data            inited   0x200000f4     0x1c  main.o [1]
    .data            inited   0x20000110    0x4dc  main.o [1]
    .data            inited   0x200005ec     0x1c  main.o [1]
    .data            inited   0x20000608      0xc  main.o [1]
    .data            inited   0x20000614     0x28  main.o [1]
    .data            inited   0x2000063c     0x20  main.o [1]
    .data            inited   0x2000065c     0x28  main.o [1]
    .data            inited   0x20000684     0x44  main.o [1]
    .data            inited   0x200006c8     0x1c  main.o [1]
    .data            inited   0x200006e4      0x8  main.o [1]
    .data            inited   0x200006ec      0x4  main.o [1]
    .data            inited   0x200006f0     0x14  main.o [1]
    .data            inited   0x20000704      0x8  main.o [1]
    .data            inited   0x2000070c      0x4  main.o [1]
    .data            inited   0x20000710      0x4  port.o [1]
    .data            inited   0x20000714      0x2  lwiplib.o [1]
    .data            inited   0x20000716      0x2  main.o [1]
    .data            inited   0x20000718      0x1  main.o [1]
                            - 0x20000719    0x719

"P2", part 2 of 3:                         0xb174
  .bss               zero     0x2000071c   0x5dc0  heap_4.o [1]
  .bss               zero     0x200064dc   0x3014  lwiplib.o [1]
  .bss               zero     0x200094f0   0x1bd4  lwiplib.o [1]
  .bss               zero     0x2000b0c4     0xec  lwiplib.o [1]
  .bss               zero     0x2000b1b0     0xc8  IntQueue.o [1]
  .bss               zero     0x2000b278     0xc8  IntQueue.o [1]
  .bss               zero     0x2000b340     0xc8  lwiplib.o [1]
  .bss               zero     0x2000b408     0x64  tasks.o [1]
  .bss               zero     0x2000b46c     0x60  lwiplib.o [1]
  .bss               zero     0x2000b4cc     0x54  locator.o [1]
  .bss               zero     0x2000b520     0x50  queue.o [1]
  .bss               zero     0x2000b570     0x38  lwiplib.o [1]
  .bss               zero     0x2000b5a8     0x20  lwiplib.o [1]
  .bss               zero     0x2000b5c8     0x20  main.o [1]
  .bss               zero     0x2000b5e8     0x1c  main.o [1]
  .bss               zero     0x2000b604     0x1c  main.o [1]
  .bss               zero     0x2000b620     0x14  lwiplib.o [1]
  .bss               zero     0x2000b634     0x14  tasks.o [1]
  .bss               zero     0x2000b648     0x14  tasks.o [1]
  .bss               zero     0x2000b65c     0x14  tasks.o [1]
  .bss               zero     0x2000b670     0x14  tasks.o [1]
  .bss               zero     0x2000b684     0x14  tasks.o [1]
  .bss               zero     0x2000b698     0x14  timers.o [1]
  .bss               zero     0x2000b6ac     0x14  timers.o [1]
  .bss               zero     0x2000b6c0      0x8  heap_4.o [1]
  .bss               zero     0x2000b6c8      0x8  rit128x96x4.o [1]
  .bss               zero     0x2000b6d0      0x4  heap_4.o [1]
  .bss               zero     0x2000b6d4      0x4  heap_4.o [1]
  .bss               zero     0x2000b6d8      0x4  heap_4.o [1]
  .bss               zero     0x2000b6dc      0x4  heap_4.o [1]
  .bss               zero     0x2000b6e0      0x4  httpd.o [1]
  .bss               zero     0x2000b6e4      0x4  httpd.o [1]
  .bss               zero     0x2000b6e8      0x4  httpd.o [1]
  .bss               zero     0x2000b6ec      0x4  httpd.o [1]
  .bss               zero     0x2000b6f0      0x4  httpd.o [1]
  .bss               zero     0x2000b6f4      0x4  IntQueue.o [1]
  .bss               zero     0x2000b6f8      0x4  IntQueue.o [1]
  .bss               zero     0x2000b6fc      0x4  IntQueue.o [1]
  .bss               zero     0x2000b700      0x4  IntQueue.o [1]
  .bss               zero     0x2000b704      0x4  IntQueue.o [1]
  .bss               zero     0x2000b708      0x4  IntQueue.o [1]
  .bss               zero     0x2000b70c      0x4  IntQueue.o [1]
  .bss               zero     0x2000b710      0x4  lwiplib.o [1]
  .bss               zero     0x2000b714      0x4  lwiplib.o [1]
  .bss               zero     0x2000b718      0x4  lwiplib.o [1]
  .bss               zero     0x2000b71c      0x4  lwiplib.o [1]
  .bss               zero     0x2000b720      0x4  lwiplib.o [1]
  .bss               zero     0x2000b724      0x4  lwiplib.o [1]
  .bss               zero     0x2000b728      0x4  lwiplib.o [1]
  .bss               zero     0x2000b72c      0x4  lwiplib.o [1]
  .bss               zero     0x2000b730      0x4  lwiplib.o [1]
  .bss               zero     0x2000b734      0x4  lwiplib.o [1]
  .bss               zero     0x2000b738      0x4  lwiplib.o [1]
  .bss               zero     0x2000b73c      0x4  lwiplib.o [1]
  .bss               zero     0x2000b740      0x4  lwiplib.o [1]
  .bss               zero     0x2000b744      0x4  lwiplib.o [1]
  .bss               zero     0x2000b748      0x4  lwiplib.o [1]
  .bss               zero     0x2000b74c      0x4  lwiplib.o [1]
  .bss               zero     0x2000b750      0x4  lwiplib.o [1]
  .bss               zero     0x2000b754      0x4  lwiplib.o [1]
  .bss               zero     0x2000b758      0x4  lwiplib.o [1]
  .bss               zero     0x2000b75c      0x4  lwiplib.o [1]
  .bss               zero     0x2000b760      0x4  lwiplib.o [1]
  .bss               zero     0x2000b764      0x4  lwiplib.o [1]
  .bss               zero     0x2000b768      0x4  lwiplib.o [1]
  .bss               zero     0x2000b76c      0x4  lwiplib.o [1]
  .bss               zero     0x2000b770      0x4  lwiplib.o [1]
  .bss               zero     0x2000b774      0x4  lwiplib.o [1]
  .bss               zero     0x2000b778      0x4  lwiplib.o [1]
  .bss               zero     0x2000b77c      0x4  lwiplib.o [1]
  .bss               zero     0x2000b780      0x4  lwiplib.o [1]
  .bss               zero     0x2000b784      0x4  lwiplib.o [1]
  .bss               zero     0x2000b788      0x4  lwiplib.o [1]
  .bss               zero     0x2000b78c      0x4  lwiplib.o [1]
  .bss               zero     0x2000b790      0x4  lwiplib.o [1]
  .bss               zero     0x2000b794      0x4  main.o [1]
  .bss               zero     0x2000b798      0x4  main.o [1]
  .bss               zero     0x2000b79c      0x4  main.o [1]
  .bss               zero     0x2000b7a0      0x4  main.o [1]
  .bss               zero     0x2000b7a4      0x4  main.o [1]
  .bss               zero     0x2000b7a8      0x4  main.o [1]
  .bss               zero     0x2000b7ac      0x4  main.o [1]
  .bss               zero     0x2000b7b0      0x4  main.o [1]
  .bss               zero     0x2000b7b4      0x4  main.o [1]
  .bss               zero     0x2000b7b8      0x4  main.o [1]
  .bss               zero     0x2000b7bc      0x4  main.o [1]
  .bss               zero     0x2000b7c0      0x4  main.o [1]
  .bss               zero     0x2000b7c4      0x4  main.o [1]
  .bss               zero     0x2000b7c8      0x4  main.o [1]
  .bss               zero     0x2000b7cc      0x4  main.o [1]
  .bss               zero     0x2000b7d0      0x4  main.o [1]
  .bss               zero     0x2000b7d4      0x4  main.o [1]
  .bss               zero     0x2000b7d8      0x4  main.o [1]
  .bss               zero     0x2000b7dc      0x4  main.o [1]
  .bss               zero     0x2000b7e0      0x4  main.o [1]
  .bss               zero     0x2000b7e4      0x4  main.o [1]
  .bss               zero     0x2000b7e8      0x4  main.o [1]
  .bss               zero     0x2000b7ec      0x4  main.o [1]
  .bss               zero     0x2000b7f0      0x4  main.o [1]
  .bss               zero     0x2000b7f4      0x4  main.o [1]
  .bss               zero     0x2000b7f8      0x4  port.o [1]
  .bss               zero     0x2000b7fc      0x4  rit128x96x4.o [1]
  .bss               zero     0x2000b800      0x4  rit128x96x4.o [1]
  .bss               zero     0x2000b804      0x4  rit128x96x4.o [1]
  .bss               zero     0x2000b808      0x4  rit128x96x4.o [1]
  .bss               zero     0x2000b80c      0x4  tasks.o [1]
  .bss               zero     0x2000b810      0x4  tasks.o [1]
  .bss               zero     0x2000b814      0x4  tasks.o [1]
  .bss               zero     0x2000b818      0x4  tasks.o [1]
  .bss               zero     0x2000b81c      0x4  tasks.o [1]
  .bss               zero     0x2000b820      0x4  tasks.o [1]
  .bss               zero     0x2000b824      0x4  tasks.o [1]
  .bss               zero     0x2000b828      0x4  tasks.o [1]
  .bss               zero     0x2000b82c      0x4  tasks.o [1]
  .bss               zero     0x2000b830      0x4  tasks.o [1]
  .bss               zero     0x2000b834      0x4  tasks.o [1]
  .bss               zero     0x2000b838      0x4  tasks.o [1]
  .bss               zero     0x2000b83c      0x4  tasks.o [1]
  .bss               zero     0x2000b840      0x4  tasks.o [1]
  .bss               zero     0x2000b844      0x4  tasks.o [1]
  .bss               zero     0x2000b848      0x4  timers.o [1]
  .bss               zero     0x2000b84c      0x4  timers.o [1]
  .bss               zero     0x2000b850      0x4  timers.o [1]
  .bss               zero     0x2000b854      0x4  timers.o [1]
  .bss               zero     0x2000b858      0x4  timers.o [1]
  .bss               zero     0x2000b85c      0x4  timertest.o [1]
  .bss               zero     0x2000b860      0x4  warningAlarm.o [1]
  .bss               zero     0x2000b864      0x4  warningAlarm.o [1]
  .bss               zero     0x2000b868      0x4  warningAlarm.o [1]
  .bss               zero     0x2000b86c      0x4  warningAlarm.o [1]
  .bss               zero     0x2000b870      0x4  warningAlarm.o [1]
  .bss               zero     0x2000b874      0x4  warningAlarm.o [1]
  .bss               zero     0x2000b878      0x4  warningAlarm.o [1]
  .bss               zero     0x2000b87c      0x4  xfail_s.o [3]
  .bss               zero     0x2000b880      0x2  lwiplib.o [1]
  .bss               zero     0x2000b882      0x2  lwiplib.o [1]
  .bss               zero     0x2000b884      0x1  lwiplib.o [1]
  .bss               zero     0x2000b885      0x1  lwiplib.o [1]
  .bss               zero     0x2000b886      0x1  lwiplib.o [1]
  .bss               zero     0x2000b887      0x1  lwiplib.o [1]
  .bss               zero     0x2000b888      0x1  lwiplib.o [1]
  .bss               zero     0x2000b889      0x1  lwiplib.o [1]
  .bss               zero     0x2000b88a      0x1  main.o [1]
  .bss               zero     0x2000b88b      0x1  main.o [1]
  .bss               zero     0x2000b88c      0x1  port.o [1]
  .bss               zero     0x2000b88d      0x1  rit128x96x4.o [1]
                            - 0x2000b88e   0xb172

"P2", part 3 of 3:                          0x1e0
  .noinit            uninit   0x2000b890    0x1e0  startup_ewarm.o [1]
                            - 0x2000ba70    0x1e0


*******************************************************************************
*** INIT TABLE
***

          Address     Size
          -------     ----
Zero (__iar_zero_init3)
    1 destination range, total size 0xb172:
          0x2000071c  0xb172

Copy/lz77 (__iar_lz77_init_single3)
    1 source range, total size 0x196 (22% of destination):
          0x00023864   0x196
    1 destination range, total size 0x719:
          0x20000000   0x719



*******************************************************************************
*** MODULE SUMMARY
***

    Module               ro code  ro data  rw data
    ------               -------  -------  -------
C:\Users\RJYou\OneDrive\Documents\IAR Embedded Workbench\arm\8.20.1\TexasInstruments\Stellaris\boards\ek-lm3s8962\FreeRTOSv9.0.0\FreeRTOS\Demo\Final_Project\Debug\Obj: [1]
    IntQueue.o               972               432
    IntQueueTimer.o           88
    cgifuncs.o               326
    computeTask.o            148
    displayTask.o          1 256      240
    ekgCaptureTask.o         132
    ekgProcessTask.o          80
    heap_4.o                 576      176   24 024
    httpd.o                3 512    1 066      244
    keypadTask.o             448
    list.o                   152
    lmi_fs.o                 164   80 016
    locator.o                336                84
    lwiplib.o             28 628       83   20 224
    main.o                 3 346    4 244    1 765
    measureTask.o            412
    optfft.o                 420    1 024
    port.o                   428      181        9
    portasm.o                136
    queue.o                2 148      156       80
    rit128x96x4.o          1 004      572       25
    startup_ewarm.o            6      256      480
    statusTask.o              28
    systemTimeBase.o          16
    tasks.o                3 124      164      260
    timers.o               1 044      172       60
    timertest.o                                  4
    warningAlarm.o         1 048                28
    ----------------------------------------------
    Total:                49 978   88 350   47 719

command line: [2]
    ----------------------------------------------
    Total:

dl7M_tln.a: [3]
    abort.o                    6
    exit.o                     4
    low_level_init.o           4
    sprintf.o                 64
    strncmp.o                 40
    strstr.o                  48
    xfail_s.o                 68                 4
    xprintfsmall_nomb.o    1 216
    xsprout.o                 10
    ----------------------------------------------
    Total:                 1 460                 4

driverlib.a: [4]
    adc.o                    180
    cpu.o                     20
    ethernet.o               304
    flash.o                   56
    gpio.o                   344
    interrupt.o              128
    pwm.o                    152
    ssi.o                    136
    sysctl.o                 724      132
    systick.o                 40
    timer.o                   88
    uart.o                   112
    ----------------------------------------------
    Total:                 2 284      132

grlib.a: [5]
    ----------------------------------------------
    Total:

m7M_tl.a: [6]
    DblAdd.o                 376
    DblCmpLe.o                46
    DblMul.o                 418
    DblSub.o                 226
    DblToFlt.o               104
    DblToS32.o                58
    FltMul.o                 216
    FltToDbl.o                72
    S32ToDbl.o                34
    U32ToDbl.o                26
    cos_sin64.o            1 060
    ----------------------------------------------
    Total:                 2 636

rt7M_tl.a: [7]
    ABImemclr.o                6
    ABImemcpy.o              166
    ABImemset.o              102
    XXexit.o                  12
    cexit.o                   10
    cmain.o                   30
    cstartup_M.o              12
    data_init.o               40
    lz77_init_single.o       122
    memchr.o                  88
    memcmp.o                 104
    strchr.o                  22
    strcmp.o                  74
    strlen.o                  54
    strncpy.o                112
    zero_init3.o              64
    ----------------------------------------------
    Total:                 1 018

    Gaps                      20        4
    Linker created                     32
--------------------------------------------------
    Grand Total:          57 396   88 518   47 723


*******************************************************************************
*** ENTRY LIST
***

Entry                      Address    Size  Type      Object
-----                      -------    ----  ----      ------
.iar.init_table$$Base   0x00023088           --   Gb  - Linker created -
.iar.init_table$$Limit  0x000230a8           --   Gb  - Linker created -
?main                   0x00023189          Code  Gb  cmain.o [7]
ADCIntClear             0x0000a5d5     0x8  Code  Gb  adc.o [4]
ADCIntStatus            0x0000a5c1    0x12  Code  Gb  adc.o [4]
ADCProcessorTrigger     0x0000a66d     0x8  Code  Gb  adc.o [4]
ADCSequenceConfigure    0x0000a5e9    0x30  Code  Gb  adc.o [4]
ADCSequenceDataGet      0x0000a64d    0x1e  Code  Gb  adc.o [4]
ADCSequenceEnable       0x0000a5dd     0xc  Code  Gb  adc.o [4]
ADCSequenceStepConfigure
                        0x0000a619    0x34  Code  Gb  adc.o [4]
CPUcpsid                0x00008469          Code  Gb  cpu.o [4]
CPUcpsie                0x00008471          Code  Gb  cpu.o [4]
CPUwfi                  0x00008479          Code  Gb  cpu.o [4]
DecodeFormString        0x0000853d    0x86  Code  Gb  cgifuncs.o [1]
DecodeHexEscape         0x000084ff    0x3e  Code  Gb  cgifuncs.o [1]
DisplayIPAddress        0x00007a1f    0x30  Code  Gb  main.o [1]
EthernetConfigSet       0x00007361    0x38  Code  Gb  ethernet.o [4]
EthernetEnable          0x00007405    0x28  Code  Gb  ethernet.o [4]
EthernetInitExpClk      0x0000734d    0x14  Code  Gb  ethernet.o [4]
EthernetIntClear        0x00007455     0x4  Code  Gb  ethernet.o [4]
EthernetIntDisable      0x00007439     0xa  Code  Gb  ethernet.o [4]
EthernetIntEnable       0x0000742d     0xa  Code  Gb  ethernet.o [4]
EthernetIntStatus       0x00007445     0xe  Code  Gb  ethernet.o [4]
EthernetMACAddrGet      0x000073d1    0x32  Code  Gb  ethernet.o [4]
EthernetMACAddrSet      0x00007399    0x36  Code  Gb  ethernet.o [4]
EthernetPHYRead         0x00007459    0x24  Code  Gb  ethernet.o [4]
FaultISR                0x00008465     0x2  Code  Lc  startup_ewarm.o [1]
FindCGIParameter        0x0000847d    0x2a  Code  Gb  cgifuncs.o [1]
FlashUserGet            0x0000a74d    0x2c  Code  Gb  flash.o [4]
GPIODirModeSet          0x00009b05    0x1e  Code  Gb  gpio.o [4]
GPIOPadConfigSet        0x00009b39    0xac  Code  Gb  gpio.o [4]
GPIOPinRead             0x00009be5     0x6  Code  Gb  gpio.o [4]
GPIOPinTypeGPIOInput    0x00009c0d    0x10  Code  Gb  gpio.o [4]
GPIOPinTypeGPIOOutput   0x00009c1d    0x10  Code  Gb  gpio.o [4]
GPIOPinTypePWM          0x00009c2d    0x10  Code  Gb  gpio.o [4]
GPIOPinTypeSSI          0x00009c3d    0x10  Code  Gb  gpio.o [4]
GPIOPinTypeUART         0x00009c4d    0x10  Code  Gb  gpio.o [4]
GPIOPinWrite            0x00009bed     0x6  Code  Gb  gpio.o [4]
HexDigit                0x000084cb    0x34  Code  Gb  cgifuncs.o [1]
IntDefaultHandler       0x00008467     0x2  Code  Lc  startup_ewarm.o [1]
IntEnable               0x000072e5    0x60  Code  Gb  interrupt.o [4]
IntMasterDisable        0x000072d9     0xa  Code  Gb  interrupt.o [4]
IntMasterEnable         0x000072cd     0xa  Code  Gb  interrupt.o [4]
IsValidHexDigit         0x000084a7    0x24  Code  Gb  cgifuncs.o [1]
LoadInt                 0x0000c27f    0x56  Code  Lc  xprintfsmall_nomb.o [3]
LocatorAppTitleSet      0x0000a89d    0x2c  Code  Gb  locator.o [1]
LocatorInit             0x0000a813    0x64  Code  Gb  locator.o [1]
LocatorMACAddrSet       0x0000a877    0x26  Code  Gb  locator.o [1]
LocatorReceive          0x0000a785    0x8e  Code  Lc  locator.o [1]
NmiSR                   0x00008463     0x2  Code  Lc  startup_ewarm.o [1]
PWMGenConfigure         0x00009c5d    0x30  Code  Gb  pwm.o [4]
PWMGenDisable           0x00009cb1     0x6  Code  Gb  pwm.o [4]
PWMGenEnable            0x00009ca5     0xc  Code  Gb  pwm.o [4]
PWMGenPeriodSet         0x00009c8d    0x18  Code  Gb  pwm.o [4]
PWMOutputState          0x00009ce1    0x14  Code  Gb  pwm.o [4]
PWMPulseWidthSet        0x00009cb9    0x1e  Code  Gb  pwm.o [4]
RIT128x96x4Clear        0x00008b73    0x50  Code  Gb  rit128x96x4.o [1]
RIT128x96x4Clear::pucCommand1
                        0x0002385c     0x4  Data  Lc  rit128x96x4.o [1]
RIT128x96x4Clear::pucCommand2
                        0x00023860     0x4  Data  Lc  rit128x96x4.o [1]
RIT128x96x4Disable      0x00008d63    0x40  Code  Gb  rit128x96x4.o [1]
RIT128x96x4Enable       0x00008d11    0x52  Code  Gb  rit128x96x4.o [1]
RIT128x96x4ImageDraw    0x00008ca9    0x68  Code  Gb  rit128x96x4.o [1]
RIT128x96x4Init         0x00008da3    0xe6  Code  Gb  rit128x96x4.o [1]
RIT128x96x4StringDraw   0x00008bc3    0xe6  Code  Gb  rit128x96x4.o [1]
RITWriteCommand         0x00008ae5    0x44  Code  Lc  rit128x96x4.o [1]
RITWriteData            0x00008b29    0x4a  Code  Lc  rit128x96x4.o [1]
Region$$Table$$Base     0x00023088           --   Gb  - Linker created -
Region$$Table$$Limit    0x000230a8           --   Gb  - Linker created -
SSIConfigSetExpClk      0x0000b8fd    0x42  Code  Gb  ssi.o [4]
SSIDataGet              0x0000b965     0xc  Code  Gb  ssi.o [4]
SSIDataGetNonBlocking   0x0000b971    0x12  Code  Gb  ssi.o [4]
SSIDataPut              0x0000b959     0xa  Code  Gb  ssi.o [4]
SSIDisable              0x0000b94d     0xc  Code  Gb  ssi.o [4]
SSIEnable               0x0000b941     0xc  Code  Gb  ssi.o [4]
SSIHandler              0x0000778d   0x292  Code  Lc  main.o [1]
SetTextCGIHandler       0x00007751    0x3c  Code  Lc  main.o [1]
SysCtlClockGet          0x00007621   0x130  Code  Gb  sysctl.o [4]
SysCtlClockSet          0x00007511   0x108  Code  Gb  sysctl.o [4]
SysCtlDelay             0x00007509     0x8  Code  Gb  sysctl.o [4]
SysCtlLDOSet            0x000074fd     0x6  Code  Gb  sysctl.o [4]
SysCtlPeripheralEnable  0x000074d9    0x12  Code  Gb  sysctl.o [4]
SysCtlPeripheralPresent
                        0x0000747d    0x24  Code  Gb  sysctl.o [4]
SysCtlPeripheralReset   0x000074a1    0x38  Code  Gb  sysctl.o [4]
SysTickEnable           0x0000a6e5     0xc  Code  Gb  systick.o [4]
SysTickIntEnable        0x0000a6f1     0xc  Code  Gb  systick.o [4]
SysTickIntHandler       0x00007ad1   0x18a  Code  Gb  main.o [1]
SysTickPeriodSet        0x0000a701     0x8  Code  Gb  systick.o [4]
Timer0IntHandler        0x00007c5b    0x1a  Code  Gb  main.o [1]
Timer1IntHandler        0x00007c79    0xaa  Code  Gb  main.o [1]
TimerConfigure          0x00009d09    0x24  Code  Gb  timer.o [4]
TimerEnable             0x00009cf5     0xe  Code  Gb  timer.o [4]
TimerIntClear           0x00009d49     0x4  Code  Gb  timer.o [4]
TimerIntEnable          0x00009d3d     0xa  Code  Gb  timer.o [4]
TimerLoadSet            0x00009d2d    0x10  Code  Gb  timer.o [4]
UARTConfigSetExpClk     0x0000a675    0x30  Code  Gb  uart.o [4]
UARTDisable             0x0000a6c1    0x24  Code  Gb  uart.o [4]
UARTEnable              0x0000a6a5    0x1c  Code  Gb  uart.o [4]
_LitobSmallNoMb         0x0000c411    0xce  Code  Lc  xprintfsmall_nomb.o [3]
_PrintfSmallNoMb        0x0000c071   0x204  Code  Gb  xprintfsmall_nomb.o [3]
_PutcharsSmallNoMb      0x0000c4df    0x2e  Code  Lc  xprintfsmall_nomb.o [3]
_PutfldSmallNoMb        0x0000c2d5   0x13c  Code  Lc  xprintfsmall_nomb.o [3]
_SProut                 0x0000725b     0xa  Code  Gb  xsprout.o [3]
__aeabi_cdcmple         0x0002102d          Code  Gb  DblCmpLe.o [6]
__aeabi_d2f             0x00022cad          Code  Gb  DblToFlt.o [6]
__aeabi_d2iz            0x000211d5          Code  Gb  DblToS32.o [6]
__aeabi_dadd            0x0002105d          Code  Gb  DblAdd.o [6]
__aeabi_dmul            0x00020e89          Code  Gb  DblMul.o [6]
__aeabi_dsub            0x00021235          Code  Gb  DblSub.o [6]
__aeabi_f2d             0x00022c65          Code  Gb  FltToDbl.o [6]
__aeabi_fmul            0x00022745          Code  Gb  FltMul.o [6]
__aeabi_i2d             0x00021211          Code  Gb  S32ToDbl.o [6]
__aeabi_memclr          0x0000b8f5          Code  Gb  ABImemclr.o [7]
__aeabi_memcpy          0x000071b5          Code  Gb  ABImemcpy.o [7]
__aeabi_memcpy4         0x000071d5          Code  Gb  ABImemcpy.o [7]
__aeabi_memcpy8         0x000071d5          Code  Gb  ABImemcpy.o [7]
__aeabi_memset          0x000070d5          Code  Gb  ABImemset.o [7]
__aeabi_ui2d            0x000223dd          Code  Gb  U32ToDbl.o [6]
__cmain                 0x00023189          Code  Gb  cmain.o [7]
__exit                  0x0000c771          Code  Gb  XXexit.o [7]
__iar_Fail_s            0x0000c6cd    0x1e  Code  Gb  xfail_s.o [3]
__iar_Memchr            0x0000c711          Code  Gb  memchr.o [7]
__iar_Memset            0x000070d5          Code  Gb  ABImemset.o [7]
__iar_Memset_word       0x000070dd          Code  Gb  ABImemset.o [7]
__iar_Sin64             0x00020a65   0x394  Code  Lc  cos_sin64.o [6]
__iar_Strchr            0x0000c5d5          Code  Gb  strchr.o [7]
__iar_dadd              0x00021245          Code  Gb  DblSub.o [6]
__iar_data_init3        0x00023061    0x28  Code  Gb  data_init.o [7]
__iar_dsub              0x0002106d          Code  Gb  DblAdd.o [6]
__iar_dsubStart         0x0002107f          Code  Gb  DblAdd.o [6]
__iar_lz77_init_single3
                        0x0000713b    0x7a  Code  Gb  lz77_init_single.o [7]
__iar_program_start     0x00023711          Code  Gb  cstartup_M.o [7]
__iar_sin64             0x00020e85     0x4  Code  Gb  cos_sin64.o [6]
__iar_sin_medium        0x00020e85     0x4  Code  Gb  cos_sin64.o [6]
__iar_sin_medium64      0x00020e85     0x4  Code  Gb  cos_sin64.o [6]
__iar_sin_mediuml       0x00020e85     0x4  Code  Gb  cos_sin64.o [6]
__iar_systems$$module {Abs}
                        0x00000001          Data  Gb  command line/config [2]
__iar_zero_init3        0x00022f11    0x40  Code  Gb  zero_init3.o [7]
__low_level_init        0x000231a7     0x4  Code  Gb  low_level_init.o [3]
__vector_table          0x00000000   0x100  Data  Gb  startup_ewarm.o [1]
_call_main              0x00023195          Code  Gb  cmain.o [7]
_exit                   0x000231b1          Code  Gb  cexit.o [7]
_main                   0x000231a3          Code  Gb  cmain.o [7]
a1                      0x2000b7e8     0x4  Data  Gb  main.o [1]
abort                   0x0000c769     0x6  Code  Gb  abort.o [3]
ackFlag                 0x2000b7b0     0x4  Data  Gb  main.o [1]
ackno                   0x2000b74c     0x4  Data  Lc  lwiplib.o [1]
alarm                   0x00021319    0x3a  Code  Gb  warningAlarm.o [1]
annunciate              0x00021403   0x2f8  Code  Gb  warningAlarm.o [1]
annunciate::led0        0x2000b860     0x4  Data  Lc  warningAlarm.o [1]
annunciate::led1        0x2000b864     0x4  Data  Lc  warningAlarm.o [1]
annunciate::led1Count   0x2000b86c     0x4  Data  Lc  warningAlarm.o [1]
annunciate::led2        0x2000b868     0x4  Data  Lc  warningAlarm.o [1]
annunciate::led2Count   0x2000b870     0x4  Data  Lc  warningAlarm.o [1]
annunciate::pwm1        0x2000b878     0x4  Data  Lc  warningAlarm.o [1]
annunciate::pwmCounter  0x2000b874     0x4  Data  Lc  warningAlarm.o [1]
annunciateDisp          0x000088d5   0x13e  Code  Gb  displayTask.o [1]
arp_table               0x2000b340    0xc8  Data  Lc  lwiplib.o [1]
auralCounter            0x2000b798     0x4  Data  Gb  main.o [1]
auralFlag               0x2000b7ac     0x4  Data  Gb  main.o [1]
autoip_arp_announce     0x000052c1    0x28  Code  Lc  lwiplib.o [1]
autoip_arp_probe        0x00005297    0x2a  Code  Lc  lwiplib.o [1]
autoip_arp_reply        0x0000551d    0xc6  Code  Gb  lwiplib.o [1]
autoip_bind             0x000052e9    0x3a  Code  Lc  lwiplib.o [1]
autoip_create_addr      0x00005249    0x4e  Code  Lc  lwiplib.o [1]
autoip_handle_arp_conflict
                        0x00005217    0x32  Code  Lc  lwiplib.o [1]
autoip_init             0x00005215     0x2  Code  Gb  lwiplib.o [1]
autoip_start            0x00005329    0x7c  Code  Gb  lwiplib.o [1]
autoip_start_probing    0x000053a5    0x54  Code  Lc  lwiplib.o [1]
autoip_stop             0x000053f9    0x10  Code  Gb  lwiplib.o [1]
autoip_tmr              0x00005409   0x10a  Code  Gb  lwiplib.o [1]
cPtrs2                  0x2000063c    0x20  Data  Gb  main.o [1]
checkBp                 0x000213bb    0x2e  Code  Gb  warningAlarm.o [1]
checkPulse              0x000213e9    0x1a  Code  Gb  warningAlarm.o [1]
checkTemp               0x0002139d    0x1e  Code  Gb  warningAlarm.o [1]
checkWarnings           0x00021353    0x4a  Code  Gb  warningAlarm.o [1]
close_conn              0x0000a901    0x4c  Code  Lc  httpd.o [1]
co                      0x2000b5e8    0x1c  Data  Gb  main.o [1]
coPtrs                  0x20000704     0x8  Data  Gb  main.o [1]
commandErrorFlag        0x2000b7cc     0x4  Data  Gb  main.o [1]
commandFunction         0x00008115    0xae  Code  Gb  main.o [1]
commandFunction::displayFlag
                        0x2000070c     0x4  Data  Lc  main.o [1]
compute                 0x00022b4d    0x94  Code  Gb  computeTask.o [1]
computeFlag             0x2000b7b4     0x4  Data  Gb  main.o [1]
conn_err                0x0000a8d5    0x2c  Code  Lc  httpd.o [1]
current_header          0x2000b760     0x4  Data  Gb  lwiplib.o [1]
current_netif           0x2000b75c     0x4  Data  Gb  lwiplib.o [1]
d2                      0x2000b5c8    0x20  Data  Gb  main.o [1]
dPtrs2                  0x2000065c    0x28  Data  Gb  main.o [1]
data_404_htm            0x000223f8   0x14c  Data  Lc  lmi_fs.o [1]
data_favicon_ico        0x0001f7f8   0x6c4  Data  Lc  lmi_fs.o [1]
data_images_awards08_jpg
                        0x0001227c  0x2930  Data  Lc  lmi_fs.o [1]
data_images_chips_jpg   0x0001b490  0x17a0  Data  Lc  lmi_fs.o [1]
data_images_furyblck_gif
                        0x0000c77c  0x5b00  Data  Lc  lmi_fs.o [1]
data_images_no16bit_jpg
                        0x00018054  0x1a28  Data  Lc  lmi_fs.o [1]
data_images_no8bit_jpg  0x0001661c  0x1a38  Data  Lc  lmi_fs.o [1]
data_images_noasm_jpg   0x00014bac  0x1a70  Data  Lc  lmi_fs.o [1]
data_images_nopin_jpg   0x00019a7c  0x1a14  Data  Lc  lmi_fs.o [1]
data_images_ti_logo_gif
                        0x0001cc30   0xcec  Data  Lc  lmi_fs.o [1]
data_index_htm          0x00020514   0x550  Data  Lc  lmi_fs.o [1]
data_patient_data_ssi   0x0001e5a0   0xa0c  Data  Lc  lmi_fs.o [1]
data_perror_htm         0x0001efac   0x84c  Data  Lc  lmi_fs.o [1]
data_send_command_ssi   0x0001febc   0x658  Data  Lc  lmi_fs.o [1]
dequeue_packet          0x00006a55    0x34  Code  Lc  lwiplib.o [1]
dhcp_arp_reply          0x000005c9    0x24  Code  Gb  lwiplib.o [1]
dhcp_bind               0x00000775   0x11a  Code  Lc  lwiplib.o [1]
dhcp_check              0x0000013b    0x36  Code  Lc  lwiplib.o [1]
dhcp_coarse_tmr         0x000002a1    0x46  Code  Gb  lwiplib.o [1]
dhcp_create_request     0x00000df9   0x140  Code  Lc  lwiplib.o [1]
dhcp_create_request::xid
                        0x200000e4     0x4  Data  Lc  lwiplib.o [1]
dhcp_decline            0x000005ed    0x90  Code  Lc  lwiplib.o [1]
dhcp_delete_request     0x00000f39    0x22  Code  Lc  lwiplib.o [1]
dhcp_discover           0x0000067d    0xf8  Code  Lc  lwiplib.o [1]
dhcp_fine_tmr           0x000002e7    0x44  Code  Gb  lwiplib.o [1]
dhcp_free_reply         0x00000cdb    0x2a  Code  Lc  lwiplib.o [1]
dhcp_get_option_byte    0x00001053     0x4  Code  Lc  lwiplib.o [1]
dhcp_get_option_long    0x00001057    0x20  Code  Lc  lwiplib.o [1]
dhcp_get_option_ptr     0x00000f95    0xbe  Code  Lc  lwiplib.o [1]
dhcp_handle_ack         0x00000407    0xfe  Code  Lc  lwiplib.o [1]
dhcp_handle_nak         0x00000101    0x3a  Code  Lc  lwiplib.o [1]
dhcp_handle_offer       0x00000171    0x38  Code  Lc  lwiplib.o [1]
dhcp_option             0x00000ba1    0x26  Code  Lc  lwiplib.o [1]
dhcp_option_byte        0x00000bc7    0x12  Code  Lc  lwiplib.o [1]
dhcp_option_long        0x00000c05    0x52  Code  Lc  lwiplib.o [1]
dhcp_option_short       0x00000bd9    0x2c  Code  Lc  lwiplib.o [1]
dhcp_option_trailer     0x00000f5b    0x3a  Code  Lc  lwiplib.o [1]
dhcp_rebind             0x00000927    0x96  Code  Lc  lwiplib.o [1]
dhcp_reboot             0x000009bd    0xb0  Code  Lc  lwiplib.o [1]
dhcp_recv               0x00000d05    0xf4  Code  Lc  lwiplib.o [1]
dhcp_release            0x00000a6d    0xca  Code  Gb  lwiplib.o [1]
dhcp_renew              0x0000088f    0x98  Code  Gb  lwiplib.o [1]
dhcp_select             0x000001a9    0xf8  Code  Lc  lwiplib.o [1]
dhcp_set_state          0x00000b8f    0x12  Code  Lc  lwiplib.o [1]
dhcp_start              0x00000505    0xc4  Code  Gb  lwiplib.o [1]
dhcp_stop               0x00000b45    0x4a  Code  Gb  lwiplib.o [1]
dhcp_t1_timeout         0x000003cf    0x1c  Code  Lc  lwiplib.o [1]
dhcp_t2_timeout         0x000003eb    0x1c  Code  Lc  lwiplib.o [1]
dhcp_timeout            0x0000032b    0xa4  Code  Lc  lwiplib.o [1]
dhcp_unfold_reply       0x00000c57    0x84  Code  Lc  lwiplib.o [1]
diaFlag                 0x2000b7c0     0x4  Data  Gb  main.o [1]
disp                    0x0000888d    0x48  Code  Gb  displayTask.o [1]
ecPtrs                  0x200006e4     0x8  Data  Gb  main.o [1]
ekgCapture              0x00022be1    0x84  Code  Gb  ekgCaptureTask.o [1]
ekgCounter              0x2000b7a4     0x4  Data  Gb  main.o [1]
ekgProcess              0x00022ec1    0x50  Code  Gb  ekgProcessTask.o [1]
enqueue_packet          0x00006a89    0x4a  Code  Lc  lwiplib.o [1]
etharp_arp_input        0x0000643f   0x1c0  Code  Gb  lwiplib.o [1]
etharp_cached_entry     0x2000b889     0x1  Data  Lc  lwiplib.o [1]
etharp_ip_input         0x00006415    0x2a  Code  Gb  lwiplib.o [1]
etharp_output           0x000065ff    0xc6  Code  Gb  lwiplib.o [1]
etharp_query            0x000066cd   0x1ba  Code  Gb  lwiplib.o [1]
etharp_raw              0x00006891   0x106  Code  Gb  lwiplib.o [1]
etharp_request          0x00006997    0x26  Code  Gb  lwiplib.o [1]
etharp_send_ip          0x000062cd    0x40  Code  Lc  lwiplib.o [1]
etharp_tmr              0x00005f71    0xc8  Code  Gb  lwiplib.o [1]
ethbroadcast            0x00023784     0x8  Data  Gb  lwiplib.o [1]
ethernet_input          0x000069bd    0x80  Code  Gb  lwiplib.o [1]
ethzero                 0x0002378c     0x8  Data  Gb  lwiplib.o [1]
exit                    0x000231ab     0x4  Code  Gb  exit.o [3]
extract_uri_parameters  0x0000a94d    0x7c  Code  Lc  httpd.o [1]
file_404_htm            0x00023508    0x10  Data  Gb  lmi_fs.o [1]
file_favicon_ico        0x000234f8    0x10  Data  Gb  lmi_fs.o [1]
file_images_awards08_jpg
                        0x000234e8    0x10  Data  Gb  lmi_fs.o [1]
file_images_chips_jpg   0x000234d8    0x10  Data  Gb  lmi_fs.o [1]
file_images_furyblck_gif
                        0x000234c8    0x10  Data  Gb  lmi_fs.o [1]
file_images_no16bit_jpg
                        0x000234b8    0x10  Data  Gb  lmi_fs.o [1]
file_images_no8bit_jpg  0x000234a8    0x10  Data  Gb  lmi_fs.o [1]
file_images_noasm_jpg   0x00023498    0x10  Data  Gb  lmi_fs.o [1]
file_images_nopin_jpg   0x00023488    0x10  Data  Gb  lmi_fs.o [1]
file_images_ti_logo_gif
                        0x00023478    0x10  Data  Gb  lmi_fs.o [1]
file_index_htm          0x00023468    0x10  Data  Gb  lmi_fs.o [1]
file_patient_data_ssi   0x00023458    0x10  Data  Gb  lmi_fs.o [1]
file_perror_htm         0x00023448    0x10  Data  Gb  lmi_fs.o [1]
file_send_command_ssi   0x00023438    0x10  Data  Gb  lmi_fs.o [1]
find_entry              0x00006039   0x294  Code  Lc  lwiplib.o [1]
flags                   0x2000b887     0x1  Data  Lc  lwiplib.o [1]
free_etharp_q           0x00005f53    0x1e  Code  Lc  lwiplib.o [1]
fs_close                0x0000c585     0x8  Code  Gb  lmi_fs.o [1]
fs_open                 0x0000c531    0x4e  Code  Gb  lmi_fs.o [1]
fs_read                 0x0000c58d    0x48  Code  Gb  lmi_fs.o [1]
g_bSSIEnabled           0x2000b88d     0x1  Data  Lc  rit128x96x4.o [1]
g_iNumCGIs              0x2000b6f0     0x4  Data  Gb  httpd.o [1]
g_iNumTags              0x2000b6e4     0x4  Data  Gb  httpd.o [1]
g_pCGIs                 0x2000b6ec     0x4  Data  Gb  httpd.o [1]
g_pcConfigSSITags       0x200000f4    0x1c  Data  Lc  main.o [1]
g_pcHex                 0x00023804     0x4  Data  Lc  displayTask.o [1]
g_pcSSIExtensions       0x20000000    0x10  Data  Gb  httpd.o [1]
g_pcTagLeadIn           0x00023844     0x4  Data  Gb  httpd.o [1]
g_pcTagLeadOut          0x00023848     0x4  Data  Gb  httpd.o [1]
g_pfnSSIHandler         0x2000b6e0     0x4  Data  Gb  httpd.o [1]
g_ppcTags               0x2000b6e8     0x4  Data  Gb  httpd.o [1]
g_psConfigCGIURIs       0x000237e4     0x8  Data  Lc  main.o [1]
g_psDefaultFilenames    0x00023038    0x28  Data  Gb  httpd.o [1]
g_psHTTPHeaderStrings   0x20000010    0x48  Data  Gb  httpd.o [1]
g_psHTTPHeaders         0x20000058    0x88  Data  Gb  httpd.o [1]
g_pucBuffer             0x2000b6c8     0x8  Data  Lc  rit128x96x4.o [1]
g_pucFont               0x00021cfc   0x1e0  Data  Lc  rit128x96x4.o [1]
g_pucLocatorData        0x2000b4cc    0x54  Data  Lc  locator.o [1]
g_pucRIT128x96x4HorizontalInc
                        0x000085fa     0x2  Data  Lc  rit128x96x4.o [1]
g_pucRIT128x96x4Init    0x00022e70    0x50  Data  Lc  rit128x96x4.o [1]
g_pucRIT128x96x4VerticalInc
                        0x000085c2     0x2  Data  Lc  rit128x96x4.o [1]
g_pulDCRegs             0x000235c8    0x10  Data  Lc  sysctl.o [4]
g_pulRCGCRegs           0x00023704     0xc  Data  Lc  sysctl.o [4]
g_pulSRCRRegs           0x000236f8     0xc  Data  Lc  sysctl.o [4]
g_pulXtals              0x00022d14    0x5c  Data  Lc  sysctl.o [4]
g_sNetIF                0x2000b570    0x38  Data  Lc  lwiplib.o [1]
g_ucSwitchClockA        0x2000b88a     0x1  Data  Lc  main.o [1]
g_ucSwitchClockB        0x2000b88b     0x1  Data  Lc  main.o [1]
g_ucSwitches            0x20000718     0x1  Data  Gb  main.o [1]
g_ulARPTimer            0x2000b774     0x4  Data  Lc  lwiplib.o [1]
g_ulAutoIPTimer         0x2000b778     0x4  Data  Lc  lwiplib.o [1]
g_ulDHCPCoarseTimer     0x2000b77c     0x4  Data  Lc  lwiplib.o [1]
g_ulDHCPFineTimer       0x2000b780     0x4  Data  Lc  lwiplib.o [1]
g_ulFlagPR              0x2000b7a0     0x4  Data  Gb  main.o [1]
g_ulFlags               0x2000b7a8     0x4  Data  Gb  main.o [1]
g_ulGWAddr              0x2000b790     0x4  Data  Lc  lwiplib.o [1]
g_ulHostTimer           0x2000b770     0x4  Data  Lc  lwiplib.o [1]
g_ulIPAddr              0x2000b788     0x4  Data  Lc  lwiplib.o [1]
g_ulIPMode              0x2000b784     0x4  Data  Lc  lwiplib.o [1]
g_ulLocalTimer          0x2000b764     0x4  Data  Lc  lwiplib.o [1]
g_ulMDIXTimer           0x2000b768     0x4  Data  Lc  lwiplib.o [1]
g_ulNetMask             0x2000b78c     0x4  Data  Lc  lwiplib.o [1]
g_ulSystemClock         0x2000b7e4     0x4  Data  Gb  main.o [1]
g_ulTCPTimer            0x2000b76c     0x4  Data  Lc  lwiplib.o [1]
get_404_file            0x0000b315    0x28  Code  Lc  httpd.o [1]
get_http_headers        0x0000aa47    0xec  Code  Lc  httpd.o [1]
get_tag_insert          0x0000a9c9    0x7e  Code  Lc  httpd.o [1]
globalCounter           0x2000b794     0x4  Data  Gb  main.o [1]
htonl                   0x000058a3    0x1c  Code  Gb  lwiplib.o [1]
htons                   0x00005889    0x10  Code  Gb  lwiplib.o [1]
http_accept             0x0000b595    0x5c  Code  Lc  httpd.o [1]
http_poll               0x0000b291    0x52  Code  Lc  httpd.o [1]
http_recv               0x0000b33d   0x258  Code  Lc  httpd.o [1]
http_sent               0x0000b2e3    0x32  Code  Lc  httpd.o [1]
http_set_cgi_handlers   0x0000b62d     0xa  Code  Gb  httpd.o [1]
http_set_ssi_handler    0x0000b61f     0xe  Code  Gb  httpd.o [1]
httpd_init              0x0000b5fd    0x22  Code  Gb  httpd.o [1]
iFlag                   0x200000f0     0x4  Data  Gb  main.o [1]
icmp_dest_unreach       0x000057f7     0xe  Code  Gb  lwiplib.o [1]
icmp_input              0x000055e3   0x214  Code  Gb  lwiplib.o [1]
icmp_send_response      0x00005805    0x7a  Code  Lc  lwiplib.o [1]
increment               0x00009d4d    0x10  Code  Gb  systemTimeBase.o [1]
inet_chksum             0x000059cf     0xe  Code  Gb  lwiplib.o [1]
inet_chksum_pbuf        0x000059dd    0x62  Code  Gb  lwiplib.o [1]
inet_chksum_pseudo      0x0000590f    0xc0  Code  Gb  lwiplib.o [1]
initializeNetwork       0x00008285    0x1a  Code  Gb  main.o [1]
inseg                   0x2000b620    0x14  Data  Lc  lwiplib.o [1]
ip_addr_any             0x0002384c     0x4  Data  Gb  lwiplib.o [1]
ip_addr_broadcast       0x00023850     0x4  Data  Gb  lwiplib.o [1]
ip_addr_isbroadcast     0x00005f05    0x4e  Code  Gb  lwiplib.o [1]
ip_input                0x00005aa9   0x2be  Code  Gb  lwiplib.o [1]
ip_output               0x00005ebb    0x46  Code  Gb  lwiplib.o [1]
ip_output_if            0x00005d79   0x142  Code  Gb  lwiplib.o [1]
ip_output_if::ip_id     0x2000b882     0x2  Data  Lc  lwiplib.o [1]
ip_route                0x00005a3f    0x62  Code  Gb  lwiplib.o [1]
iphdr                   0x2000b744     0x4  Data  Lc  lwiplib.o [1]
k1                      0x20000608     0xc  Data  Gb  main.o [1]
kPtrs                   0x200006c8    0x1c  Data  Gb  main.o [1]
keypadfunction          0x00021edd   0x1c0  Code  Gb  keypadTask.o [1]
lfree                   0x2000b718     0x4  Data  Lc  lwiplib.o [1]
lwIPEthernetIntHandler  0x0000702f    0x24  Code  Gb  lwiplib.o [1]
lwIPHostTimerHandler    0x00007a4f    0x82  Code  Gb  main.o [1]
lwIPHostTimerHandler::ulLastIPAddress
                        0x2000b7f0     0x4  Data  Lc  main.o [1]
lwIPInit                0x00006fdd    0x3a  Code  Gb  lwiplib.o [1]
lwIPLocalGWAddrGet      0x0000705f     0x6  Code  Gb  lwiplib.o [1]
lwIPLocalIPAddrGet      0x00007053     0x6  Code  Gb  lwiplib.o [1]
lwIPLocalNetMaskGet     0x00007059     0x6  Code  Gb  lwiplib.o [1]
lwIPPrivateInit         0x00006f03    0xda  Code  Lc  lwiplib.o [1]
lwIPServiceTimers       0x00006de3   0x120  Code  Lc  lwiplib.o [1]
lwIPTimer               0x00007017    0x18  Code  Gb  lwiplib.o [1]
lwip_init               0x00001077    0x10  Code  Gb  lwiplib.o [1]
lwip_standard_chksum    0x000058c7    0x48  Code  Lc  lwiplib.o [1]
lwip_stats              0x2000b0c4    0xec  Data  Gb  lwiplib.o [1]
m2                      0x20000110   0x4dc  Data  Gb  main.o [1]
mPtrs2                  0x20000614    0x28  Data  Gb  main.o [1]
main                    0x00007d29   0x150  Code  Gb  main.o [1]
mainDisp                0x00008a13    0x30  Code  Gb  displayTask.o [1]
measure                 0x00022241    0x7c  Code  Gb  measureTask.o [1]
measureDiaBPArray       0x00022331    0x18  Code  Gb  measureTask.o [1]
measurePRArray          0x00022349    0x82  Code  Gb  measureTask.o [1]
measureSysBPArray       0x0002231b    0x16  Code  Gb  measureTask.o [1]
measureTempArray        0x000222bd    0x5e  Code  Gb  measureTask.o [1]
mem_free                0x00001185    0x72  Code  Gb  lwiplib.o [1]
mem_init                0x0000110b    0x76  Code  Gb  lwiplib.o [1]
mem_malloc              0x00001345   0x194  Code  Gb  lwiplib.o [1]
mem_realloc             0x000011fd   0x148  Code  Gb  lwiplib.o [1]
mem_sem                 0x2000b884     0x1  Data  Lc  lwiplib.o [1]
memchr                  0x0000c711          Code  Gb  memchr.o [7]
memcmp                  0x00007265          Code  Gb  memcmp.o [7]
memp_free               0x00001661    0x4e  Code  Gb  lwiplib.o [1]
memp_init               0x000014dd    0xc4  Code  Gb  lwiplib.o [1]
memp_malloc             0x000015a1    0xc0  Code  Gb  lwiplib.o [1]
memp_memory             0x200094f0  0x1bd4  Data  Lc  lwiplib.o [1]
memp_num                0x00023528    0x10  Data  Lc  lwiplib.o [1]
memp_sizes              0x00023518    0x10  Data  Lc  lwiplib.o [1]
memp_tab                0x2000b5a8    0x20  Data  Lc  lwiplib.o [1]
menuDisp                0x00008a43    0x58  Code  Gb  displayTask.o [1]
netif_add               0x000016af    0x64  Code  Gb  lwiplib.o [1]
netif_add::netifnum     0x2000b885     0x1  Data  Lc  lwiplib.o [1]
netif_default           0x2000b720     0x4  Data  Gb  lwiplib.o [1]
netif_is_up             0x00001821     0xa  Code  Gb  lwiplib.o [1]
netif_list              0x2000b71c     0x4  Data  Gb  lwiplib.o [1]
netif_set_addr          0x00001713    0x20  Code  Gb  lwiplib.o [1]
netif_set_default       0x000017b9     0x8  Code  Gb  lwiplib.o [1]
netif_set_down          0x0000180b    0x16  Code  Gb  lwiplib.o [1]
netif_set_gw            0x0000179d     0xe  Code  Gb  lwiplib.o [1]
netif_set_ipaddr        0x00001733    0x6a  Code  Gb  lwiplib.o [1]
netif_set_netmask       0x000017ab     0xe  Code  Gb  lwiplib.o [1]
netif_set_up            0x000017e5    0x26  Code  Gb  lwiplib.o [1]
ntohl                   0x000058bf     0x8  Code  Gb  lwiplib.o [1]
ntohs                   0x00005899     0xa  Code  Gb  lwiplib.o [1]
optfft                  0x0002209d   0x1a4  Code  Gb  optfft.o [1]
pbuf_alloc              0x0000182b   0x154  Code  Gb  lwiplib.o [1]
pbuf_cat                0x00001b11    0x28  Code  Gb  lwiplib.o [1]
pbuf_chain              0x00001b39    0x12  Code  Gb  lwiplib.o [1]
pbuf_clen               0x00001ae5    0x12  Code  Gb  lwiplib.o [1]
pbuf_copy               0x00001b4b    0xbe  Code  Gb  lwiplib.o [1]
pbuf_copy_partial       0x00001c09    0x96  Code  Gb  lwiplib.o [1]
pbuf_free               0x00001a7b    0x6a  Code  Gb  lwiplib.o [1]
pbuf_header             0x000019e5    0x96  Code  Gb  lwiplib.o [1]
pbuf_realloc            0x0000197f    0x66  Code  Gb  lwiplib.o [1]
pbuf_ref                0x00001af7    0x1a  Code  Gb  lwiplib.o [1]
pcInterruptPriorityRegisters
                        0x00023858     0x4  Data  Lc  port.o [1]
pcWelcomeMessage        0x00023854     0x4  Data  Gb  main.o [1]
plug_holes              0x00001087    0x84  Code  Lc  lwiplib.o [1]
prvAddCurrentTaskToDelayedList
                        0x00009a4d    0x7c  Code  Lc  tasks.o [1]
prvAddNewTaskToReadyList
                        0x00008fed    0xc2  Code  Lc  tasks.o [1]
prvCheckForValidListAndQueue
                        0x0000bff9    0x4c  Code  Lc  timers.o [1]
prvCheckTasksWaitingTermination
                        0x000097e7    0x64  Code  Lc  tasks.o [1]
prvCopyDataFromQueue    0x0000a3cb    0x2a  Code  Lc  queue.o [1]
prvCopyDataToQueue      0x0000a345    0x86  Code  Lc  queue.o [1]
prvDeleteTCB            0x00009851    0x12  Code  Lc  tasks.o [1]
prvGetNextExpireTime    0x0000bdff    0x2c  Code  Lc  timers.o [1]
prvHeapInit             0x0000bae7    0x62  Code  Lc  heap_4.o [1]
prvIdleTask             0x00009785     0x8  Code  Lc  tasks.o [1]
prvInitialiseNewQueue   0x00009e35    0x26  Code  Lc  queue.o [1]
prvInitialiseNewTask    0x00008f3b    0xb2  Code  Lc  tasks.o [1]
prvInitialiseTaskLists  0x0000978d    0x5a  Code  Lc  tasks.o [1]
prvInsertBlockIntoFreeList
                        0x0000bb49    0x58  Code  Lc  heap_4.o [1]
prvInsertTimerInActiveList
                        0x0000be55    0x3e  Code  Lc  timers.o [1]
prvIsQueueEmpty         0x0000a47b    0x1c  Code  Lc  queue.o [1]
prvIsQueueFull          0x0000a497    0x1e  Code  Lc  queue.o [1]
prvNotifyQueueSetContainer
                        0x0000a54b    0x6a  Code  Lc  queue.o [1]
prvProcessExpiredTimer  0x0000bd1d    0x56  Code  Lc  timers.o [1]
prvProcessReceivedCommands
                        0x0000be93    0xee  Code  Lc  timers.o [1]
prvProcessTimerOrBlockTask
                        0x0000bd89    0x76  Code  Lc  timers.o [1]
prvQueueAccessLogError  0x00021779    0x10  Code  Lc  IntQueue.o [1]
prvRecordValue_NormallyEmpty
                        0x00021755    0x24  Code  Lc  IntQueue.o [1]
prvRecordValue_NormallyFull
                        0x00021731    0x24  Code  Lc  IntQueue.o [1]
prvResetNextTaskUnblockTime
                        0x00009863    0x28  Code  Lc  tasks.o [1]
prvSampleTimeNow        0x0000be2b    0x2a  Code  Lc  timers.o [1]
prvSampleTimeNow::xLastTime
                        0x2000b858     0x4  Data  Lc  timers.o [1]
prvSetupHardware        0x00007e79   0x208  Code  Lc  main.o [1]
prvSwitchTimerLists     0x0000bf81    0x78  Code  Lc  timers.o [1]
prvTaskExitError        0x0000b6ad    0x24  Code  Lc  port.o [1]
prvTaskIsTaskSuspended  0x000091c9    0x36  Code  Lc  tasks.o [1]
prvTimerTask            0x0000bd75    0x14  Code  Lc  timers.o [1]
prvUnlockQueue          0x0000a3f5    0x86  Code  Lc  queue.o [1]
pucBasicBitmap          0x0001d91c   0xc84  Data  Gb  main.o [1]
pulStack                0x2000b890   0x1e0  Data  Lc  startup_ewarm.o [1]
pulseCount              0x2000b79c     0x4  Data  Gb  main.o [1]
pulseFlag               0x2000b7c8     0x4  Data  Gb  main.o [1]
pulseFreq               0x200000ec     0x4  Data  Gb  main.o [1]
pvPortMalloc            0x0000b985    0xf8  Code  Gb  heap_4.o [1]
pvTaskIncrementMutexHeldCount
                        0x00009a15    0x1e  Code  Gb  tasks.o [1]
pxCurrentTCB            0x2000b80c     0x4  Data  Gb  tasks.o [1]
pxCurrentTimerList      0x2000b848     0x4  Data  Lc  timers.o [1]
pxDelayedTaskList       0x2000b810     0x4  Data  Lc  tasks.o [1]
pxEnd                   0x2000b6d0     0x4  Data  Lc  heap_4.o [1]
pxOverflowDelayedTaskList
                        0x2000b814     0x4  Data  Lc  tasks.o [1]
pxOverflowTimerList     0x2000b84c     0x4  Data  Lc  timers.o [1]
pxPortInitialiseStack   0x0000b68d    0x20  Code  Gb  port.o [1]
pxReadyTasksLists       0x2000b408    0x64  Data  Lc  tasks.o [1]
rPtrs                   0x200006f0    0x14  Data  Gb  main.o [1]
ram                     0x2000b710     0x4  Data  Lc  lwiplib.o [1]
ram_end                 0x2000b714     0x4  Data  Lc  lwiplib.o [1]
ram_heap                0x200064dc  0x3014  Data  Lc  lwiplib.o [1]
raw_input               0x00001c9f    0x7a  Code  Gb  lwiplib.o [1]
raw_pcbs                0x2000b724     0x4  Data  Lc  lwiplib.o [1]
recv_data               0x2000b750     0x4  Data  Lc  lwiplib.o [1]
recv_flags              0x2000b888     0x1  Data  Lc  lwiplib.o [1]
remoteCommunications    0x000081d5    0xa6  Code  Gb  main.o [1]
s1                      0x20000716     0x2  Data  Gb  main.o [1]
sPtrs                   0x200006ec     0x4  Data  Gb  main.o [1]
sec_hand                0x2000b87c     0x4  Data  Lc  xfail_s.o [3]
send_data               0x0000ab39   0x758  Code  Lc  httpd.o [1]
seqno                   0x2000b748     0x4  Data  Lc  lwiplib.o [1]
serialFlag              0x2000b7b8     0x4  Data  Gb  main.o [1]
sin                     0x00020e85     0x4  Code  Gb  cos_sin64.o [6]
sinl                    0x00020e85     0x4  Code  Gb  cos_sin64.o [6]
sprintf                 0x0000a70d    0x40  Code  Gb  sprintf.o [3]
stat                    0x000232b9    0x1c  Code  Gb  statusTask.o [1]
stellarisif_data        0x2000b46c    0x60  Data  Lc  lwiplib.o [1]
stellarisif_hwinit      0x00006ad3    0x74  Code  Lc  lwiplib.o [1]
stellarisif_init        0x00006d11    0x4e  Code  Gb  lwiplib.o [1]
stellarisif_interrupt   0x00006d5f    0x84  Code  Gb  lwiplib.o [1]
stellarisif_output      0x00006c05    0x5a  Code  Lc  lwiplib.o [1]
stellarisif_receive     0x00006c65    0xa8  Code  Lc  lwiplib.o [1]
stellarisif_transmit    0x00006b47    0xb8  Code  Lc  lwiplib.o [1]
strchr                  0x0000c5d5          Code  Gb  strchr.o [7]
strcmp                  0x0000b839          Code  Gb  strcmp.o [7]
strlen                  0x000085c5          Code  Gb  strlen.o [7]
strncmp                 0x0000c61b    0x28  Code  Gb  strncmp.o [3]
strncpy                 0x0000b885          Code  Gb  strncpy.o [7]
strstr                  0x0000c5eb    0x30  Code  Gb  strstr.o [3]
sysFlag                 0x2000b7c4     0x4  Data  Gb  main.o [1]
sys_arch_protect        0x00006a41     0x8  Code  Gb  lwiplib.o [1]
sys_arch_unprotect      0x00006a49     0xc  Code  Gb  lwiplib.o [1]
tcp_abandon             0x00001e61    0xbe  Code  Gb  lwiplib.o [1]
tcp_accept              0x00002799     0x4  Code  Gb  lwiplib.o [1]
tcp_accept_null         0x0000203d     0x6  Code  Lc  lwiplib.o [1]
tcp_active_pcbs         0x2000b734     0x4  Data  Gb  lwiplib.o [1]
tcp_alloc               0x00002685    0xe8  Code  Gb  lwiplib.o [1]
tcp_arg                 0x00002783     0x4  Code  Gb  lwiplib.o [1]
tcp_backoff             0x00023538    0x10  Data  Gb  lwiplib.o [1]
tcp_bind                0x00001f29   0x110  Code  Gb  lwiplib.o [1]
tcp_bound_pcbs          0x2000b72c     0x4  Data  Gb  lwiplib.o [1]
tcp_close               0x00001d3d   0x114  Code  Gb  lwiplib.o [1]
tcp_eff_send_mss        0x0000289d    0x2c  Code  Gb  lwiplib.o [1]
tcp_enqueue             0x000041e3   0x48c  Code  Gb  lwiplib.o [1]
tcp_err                 0x00002793     0x6  Code  Gb  lwiplib.o [1]
tcp_fasttmr             0x000024ef    0x74  Code  Gb  lwiplib.o [1]
tcp_input               0x000028d9   0x59e  Code  Gb  lwiplib.o [1]
tcp_input_pcb           0x2000b754     0x4  Data  Gb  lwiplib.o [1]
tcp_keepalive           0x00004ba3    0x6a  Code  Gb  lwiplib.o [1]
tcp_kill_prio           0x000025f1    0x54  Code  Lc  lwiplib.o [1]
tcp_kill_timewait       0x00002645    0x38  Code  Lc  lwiplib.o [1]
tcp_listen_input        0x00002e85   0x146  Code  Lc  lwiplib.o [1]
tcp_listen_pcbs         0x2000b730     0x4  Data  Gb  lwiplib.o [1]
tcp_listen_with_backlog
                        0x00002043    0xce  Code  Gb  lwiplib.o [1]
tcp_new                 0x00002779     0xa  Code  Gb  lwiplib.o [1]
tcp_new_port            0x00002199    0x80  Code  Lc  lwiplib.o [1]
tcp_new_port::port      0x20000714     0x2  Data  Lc  lwiplib.o [1]
tcp_next_iss            0x0000287d    0x1c  Code  Gb  lwiplib.o [1]
tcp_next_iss::iss       0x200000e8     0x4  Data  Lc  lwiplib.o [1]
tcp_oos_insert_segment  0x000035c5    0xa0  Code  Lc  lwiplib.o [1]
tcp_output              0x000046ed   0x1ee  Code  Gb  lwiplib.o [1]
tcp_output_segment      0x000048db    0xe8  Code  Lc  lwiplib.o [1]
tcp_output_set_header   0x00004119    0x76  Code  Lc  lwiplib.o [1]
tcp_parseopt            0x00004049    0xba  Code  Lc  lwiplib.o [1]
tcp_pcb_purge           0x000027a7    0x52  Code  Gb  lwiplib.o [1]
tcp_pcb_remove          0x000027f9    0x84  Code  Gb  lwiplib.o [1]
tcp_persist_backoff     0x0002377c     0x8  Data  Gb  lwiplib.o [1]
tcp_poll                0x0000279d     0xa  Code  Gb  lwiplib.o [1]
tcp_process             0x00003099   0x528  Code  Lc  lwiplib.o [1]
tcp_receive             0x00003699   0x9aa  Code  Lc  lwiplib.o [1]
tcp_recv                0x00002787     0x6  Code  Gb  lwiplib.o [1]
tcp_recv_null           0x000025cb    0x26  Code  Gb  lwiplib.o [1]
tcp_recved              0x0000215f    0x3a  Code  Gb  lwiplib.o [1]
tcp_rexmit              0x00004ae1    0x4c  Code  Gb  lwiplib.o [1]
tcp_rexmit_fast         0x00004b2d    0x76  Code  Gb  lwiplib.o [1]
tcp_rexmit_rto          0x00004aad    0x34  Code  Gb  lwiplib.o [1]
tcp_rst                 0x000049cd    0xe0  Code  Gb  lwiplib.o [1]
tcp_seg_copy            0x000025a3    0x28  Code  Gb  lwiplib.o [1]
tcp_seg_free            0x0000257d    0x26  Code  Gb  lwiplib.o [1]
tcp_segs_free           0x00002563    0x1a  Code  Gb  lwiplib.o [1]
tcp_send_ctrl           0x0000418f    0x18  Code  Gb  lwiplib.o [1]
tcp_send_empty_ack      0x00004679    0x74  Code  Gb  lwiplib.o [1]
tcp_sent                0x0000278d     0x6  Code  Gb  lwiplib.o [1]
tcp_slowtmr             0x00002219   0x2d6  Code  Gb  lwiplib.o [1]
tcp_ticks               0x2000b728     0x4  Data  Gb  lwiplib.o [1]
tcp_timer               0x2000b886     0x1  Data  Lc  lwiplib.o [1]
tcp_timewait_input      0x00002fd5    0xa6  Code  Lc  lwiplib.o [1]
tcp_tmp_pcb             0x2000b73c     0x4  Data  Gb  lwiplib.o [1]
tcp_tmr                 0x00001d19    0x24  Code  Gb  lwiplib.o [1]
tcp_tw_pcbs             0x2000b738     0x4  Data  Gb  lwiplib.o [1]
tcp_update_rcv_ann_wnd  0x00002119    0x46  Code  Gb  lwiplib.o [1]
tcp_write               0x000041a7    0x3c  Code  Gb  lwiplib.o [1]
tcp_zero_window_probe   0x00004c0d    0xc2  Code  Gb  lwiplib.o [1]
tcphdr                  0x2000b740     0x4  Data  Lc  lwiplib.o [1]
tcplen                  0x2000b880     0x2  Data  Lc  lwiplib.o [1]
tempFlag                0x2000b7bc     0x4  Data  Gb  main.o [1]
ucHeap                  0x2000071c  0x5dc0  Data  Lc  heap_4.o [1]
ucMaxSysCallPriority    0x2000b88c     0x1  Data  Lc  port.o [1]
ucNormallyEmptyReceivedValues
                        0x2000b1b0    0xc8  Data  Lc  IntQueue.o [1]
ucNormallyFullReceivedValues
                        0x2000b278    0xc8  Data  Lc  IntQueue.o [1]
udp_bind                0x000050cb    0x80  Code  Gb  lwiplib.o [1]
udp_connect             0x0000514b    0x60  Code  Gb  lwiplib.o [1]
udp_input               0x00004ccf   0x29c  Code  Gb  lwiplib.o [1]
udp_new                 0x000051f5    0x20  Code  Gb  lwiplib.o [1]
udp_pcbs                0x2000b758     0x4  Data  Gb  lwiplib.o [1]
udp_recv                0x000051ab     0x6  Code  Gb  lwiplib.o [1]
udp_remove              0x000051b1    0x44  Code  Gb  lwiplib.o [1]
udp_sendto              0x00004f71    0x3e  Code  Gb  lwiplib.o [1]
udp_sendto_if           0x00004faf   0x11c  Code  Gb  lwiplib.o [1]
ulGPIOBase              0x2000b800     0x4  Data  Gb  rit128x96x4.o [1]
ulGPIOId                0x2000b7fc     0x4  Data  Gb  rit128x96x4.o [1]
ulMaxJitter             0x2000b85c     0x4  Data  Gb  timertest.o [1]
ulMaxPRIGROUPValue      0x2000b7f8     0x4  Data  Lc  port.o [1]
ulOLEDDC_PIN            0x2000b804     0x4  Data  Gb  rit128x96x4.o [1]
ulOLEDEN_PIN            0x2000b808     0x4  Data  Gb  rit128x96x4.o [1]
update_arp_entry        0x0000630d   0x108  Code  Lc  lwiplib.o [1]
usnprintf               0x0000887f     0xe  Code  Gb  displayTask.o [1]
usprintf                0x00008869    0x16  Code  Gb  displayTask.o [1]
uvsnprintf              0x000085fd   0x26c  Code  Gb  displayTask.o [1]
uxCriticalNesting       0x20000710     0x4  Data  Lc  port.o [1]
uxCurrentNumberOfTasks  0x2000b81c     0x4  Data  Lc  tasks.o [1]
uxDeletedTasksWaitingCleanUp
                        0x2000b818     0x4  Data  Lc  tasks.o [1]
uxListRemove            0x0000bc37    0x26  Code  Gb  list.o [1]
uxPendedTicks           0x2000b82c     0x4  Data  Lc  tasks.o [1]
uxSchedulerSuspended    0x2000b844     0x4  Data  Lc  tasks.o [1]
uxTaskNumber            0x2000b838     0x4  Data  Lc  tasks.o [1]
uxTopReadyPriority      0x2000b824     0x4  Data  Lc  tasks.o [1]
uxValueForNormallyEmptyQueue
                        0x2000b700     0x4  Data  Lc  IntQueue.o [1]
uxValueForNormallyFullQueue
                        0x2000b704     0x4  Data  Lc  IntQueue.o [1]
vApplicationStackOverflowHook
                        0x00008449     0x2  Code  Gb  main.o [1]
vApplicationTickHook    0x00008081    0x26  Code  Gb  main.o [1]
vApplicationTickHook::ulTicksSinceLastDisplay
                        0x2000b7f4     0x4  Data  Lc  main.o [1]
vAssertCalled           0x0000844b    0x18  Code  Gb  main.o [1]
vListInitialise         0x0000bbc5    0x1e  Code  Gb  list.o [1]
vListInitialiseItem     0x0000bbe3     0x6  Code  Gb  list.o [1]
vListInsert             0x0000bc01    0x36  Code  Gb  list.o [1]
vListInsertEnd          0x0000bbe9    0x18  Code  Gb  list.o [1]
vOLEDTask               0x000080a9    0x60  Code  Lc  main.o [1]
vOLEDTask::cMessage     0x2000b604    0x1c  Data  Lc  main.o [1]
vPortEnterCritical      0x0000b757    0x36  Code  Gb  port.o [1]
vPortExitCritical       0x0000b78d    0x2e  Code  Gb  port.o [1]
vPortFree               0x0000ba7d    0x6a  Code  Gb  heap_4.o [1]
vPortSVCHandler         0x0000c68b          Code  Gb  portasm.o [1]
vPortStartFirstTask     0x0000c6ab          Code  Gb  portasm.o [1]
vPortValidateInterruptPriority
                        0x0000b7bd    0x40  Code  Gb  port.o [1]
vQueueAddToRegistry     0x0000a4d7    0x24  Code  Gb  queue.o [1]
vQueueWaitForMessageRestricted
                        0x0000a501    0x4a  Code  Gb  queue.o [1]
vT2InterruptHandler     0x00022dc9    0x24  Code  Gb  IntQueueTimer.o [1]
vT3InterruptHandler     0x00022ded    0x24  Code  Gb  IntQueueTimer.o [1]
vTaskDelay              0x000090af    0x48  Code  Gb  tasks.o [1]
vTaskMissedYield        0x00009775     0xa  Code  Gb  tasks.o [1]
vTaskPlaceOnEventList   0x000095c1    0x2e  Code  Gb  tasks.o [1]
vTaskPlaceOnEventListRestricted
                        0x000095f9    0x38  Code  Gb  tasks.o [1]
vTaskPriorityInherit    0x000098ab    0xac  Code  Gb  tasks.o [1]
vTaskResume             0x000091ff    0x84  Code  Gb  tasks.o [1]
vTaskSetTimeOutState    0x000096c5    0x26  Code  Gb  tasks.o [1]
vTaskStartScheduler     0x00009283    0x6a  Code  Gb  tasks.o [1]
vTaskSuspend            0x000090f7    0xd2  Code  Gb  tasks.o [1]
vTaskSuspendAll         0x000092ed    0x10  Code  Gb  tasks.o [1]
vTaskSwitchContext      0x00009519    0x9c  Code  Gb  tasks.o [1]
w1                      0x200005ec    0x1c  Data  Gb  main.o [1]
wPtrs2                  0x20000684    0x44  Data  Gb  main.o [1]
xActiveTimerList1       0x2000b698    0x14  Data  Lc  timers.o [1]
xActiveTimerList2       0x2000b6ac    0x14  Data  Lc  timers.o [1]
xBlockAllocatedBit      0x2000b6dc     0x4  Data  Lc  heap_4.o [1]
xCommandHandle          0x2000b7dc     0x4  Data  Gb  main.o [1]
xComputeHandle          0x2000b7d0     0x4  Data  Gb  main.o [1]
xDelayedTaskList1       0x2000b634    0x14  Data  Lc  tasks.o [1]
xDelayedTaskList2       0x2000b648    0x14  Data  Lc  tasks.o [1]
xDisplayHandle          0x2000b7d8     0x4  Data  Gb  main.o [1]
xEKGHandle              0x2000b7d4     0x4  Data  Gb  main.o [1]
xErrorLine              0x2000b6fc     0x4  Data  Lc  IntQueue.o [1]
xErrorStatus            0x200000e0     0x4  Data  Lc  IntQueue.o [1]
xFirstTimerHandler      0x00021789   0x16a  Code  Gb  IntQueue.o [1]
xFirstTimerHandler::uxNextOperation
                        0x2000b708     0x4  Data  Lc  IntQueue.o [1]
xFreeBytesRemaining     0x2000b6d4     0x4  Data  Lc  heap_4.o [1]
xHeapStructSize         0x00023808     0x4  Data  Lc  heap_4.o [1]
xIdleTaskHandle         0x2000b840     0x4  Data  Lc  tasks.o [1]
xMeasureHandle          0x2000b7e0     0x4  Data  Gb  main.o [1]
xMinimumEverFreeBytesRemaining
                        0x2000b6d8     0x4  Data  Lc  heap_4.o [1]
xNextTaskUnblockTime    0x2000b83c     0x4  Data  Lc  tasks.o [1]
xNormallyEmptyQueue     0x2000b6f4     0x4  Data  Lc  IntQueue.o [1]
xNormallyFullQueue      0x2000b6f8     0x4  Data  Lc  IntQueue.o [1]
xNumOfOverflows         0x2000b834     0x4  Data  Lc  tasks.o [1]
xOLEDQueue              0x2000b7ec     0x4  Data  Gb  main.o [1]
xPendingReadyList       0x2000b65c    0x14  Data  Lc  tasks.o [1]
xPortPendSVHandler      0x0000c645          Code  Gb  portasm.o [1]
xPortStartScheduler     0x0000b6d1    0x86  Code  Gb  port.o [1]
xQueueGenericCreate     0x00009def    0x46  Code  Gb  queue.o [1]
xQueueGenericReceive    0x0000a0f1   0x1b0  Code  Gb  queue.o [1]
xQueueGenericReset      0x00009d5d    0x92  Code  Gb  queue.o [1]
xQueueGenericSend       0x00009e5b   0x1ae  Code  Gb  queue.o [1]
xQueueGenericSendFromISR
                        0x0000a009    0xe8  Code  Gb  queue.o [1]
xQueueIsQueueFullFromISR
                        0x0000a4b5    0x22  Code  Gb  queue.o [1]
xQueueReceiveFromISR    0x0000a2a1    0xa4  Code  Gb  queue.o [1]
xQueueRegistry          0x2000b520    0x50  Data  Gb  queue.o [1]
xSchedulerRunning       0x2000b828     0x4  Data  Lc  tasks.o [1]
xSecondTimerHandler     0x000218f3   0x1e2  Code  Gb  IntQueue.o [1]
xSecondTimerHandler::uxNextOperation
                        0x2000b70c     0x4  Data  Lc  IntQueue.o [1]
xStart                  0x2000b6c0     0x8  Data  Lc  heap_4.o [1]
xSuspendedTaskList      0x2000b684    0x14  Data  Lc  tasks.o [1]
xTaskCheckForTimeOut    0x000096f5    0x7a  Code  Gb  tasks.o [1]
xTaskCreate             0x00008ed1    0x6a  Code  Gb  tasks.o [1]
xTaskGetSchedulerState  0x0000988b    0x20  Code  Gb  tasks.o [1]
xTaskGetTickCount       0x000093f1     0x8  Code  Gb  tasks.o [1]
xTaskIncrementTick      0x000093f9   0x11a  Code  Gb  tasks.o [1]
xTaskPriorityDisinherit
                        0x00009957    0xae  Code  Gb  tasks.o [1]
xTaskRemoveFromEventList
                        0x00009639    0x7e  Code  Gb  tasks.o [1]
xTaskResumeAll          0x000092fd    0xf4  Code  Gb  tasks.o [1]
xTasksWaitingTermination
                        0x2000b670    0x14  Data  Lc  tasks.o [1]
xTickCount              0x2000b820     0x4  Data  Lc  tasks.o [1]
xTimerCreateTimerTask   0x0000bc5d    0x42  Code  Gb  timers.o [1]
xTimerGenericCommand    0x0000bc9f    0x7e  Code  Gb  timers.o [1]
xTimerQueue             0x2000b850     0x4  Data  Lc  timers.o [1]
xTimerTaskHandle        0x2000b854     0x4  Data  Lc  timers.o [1]
xYieldPending           0x2000b830     0x4  Data  Lc  tasks.o [1]


[1] = C:\Users\RJYou\OneDrive\Documents\IAR Embedded Workbench\arm\8.20.1\TexasInstruments\Stellaris\boards\ek-lm3s8962\FreeRTOSv9.0.0\FreeRTOS\Demo\Final_Project\Debug\Obj
[2] = command line
[3] = dl7M_tln.a
[4] = driverlib.a
[5] = grlib.a
[6] = m7M_tl.a
[7] = rt7M_tl.a

  57 396 bytes of readonly  code memory
  88 518 bytes of readonly  data memory
  47 723 bytes of readwrite data memory

Errors: none
Warnings: 1
